[0.008s][info][gc,init] CardTable entry size: 512
[0.008s][info][gc     ] Using G1
[0.010s][info][gc,init] Version: 21.0.11+10-LTS (release)
[0.010s][info][gc,init] CPUs: 24 total, 24 available
[0.010s][info][gc,init] Memory: 16296M
[0.010s][info][gc,init] Large Page Support: Disabled
[0.010s][info][gc,init] NUMA Support: Disabled
[0.010s][info][gc,init] Compressed Oops: Enabled (Zero based)
[0.010s][info][gc,init] Heap Region Size: 2M
[0.010s][info][gc,init] Heap Min Capacity: 8M
[0.010s][info][gc,init] Heap Initial Capacity: 256M
[0.010s][info][gc,init] Heap Max Capacity: 4076M
[0.010s][info][gc,init] Pre-touch: Disabled
[0.010s][info][gc,init] Parallel Workers: 18
[0.010s][info][gc,init] Concurrent Workers: 5
[0.010s][info][gc,init] Concurrent Refinement Workers: 18
[0.010s][info][gc,init] Periodic GC: Disabled
[0.015s][info][gc,metaspace] CDS archive(s) mapped at: [0x0000014800000000-0x0000014800c80000-0x0000014800c80000), size 13107200, SharedBaseAddress: 0x0000014800000000, ArchiveRelocationMode: 1.
[0.015s][info][gc,metaspace] Compressed class space mapped at: 0x0000014801000000-0x0000014841000000, reserved size: 1073741824
[0.015s][info][gc,metaspace] Narrow klass base: 0x0000014800000000, Narrow klass shift: 0, Narrow klass range: 0x100000000
[0.435s][info][gc,start    ] GC(0) Pause Young (Normal) (G1 Evacuation Pause)
[0.435s][info][gc,task     ] GC(0) Using 6 workers of 18 for evacuation
[0.438s][info][gc,phases   ] GC(0)   Pre Evacuate Collection Set: 0.09ms
[0.438s][info][gc,phases   ] GC(0)   Merge Heap Roots: 0.06ms
[0.438s][info][gc,phases   ] GC(0)   Evacuate Collection Set: 2.47ms
[0.438s][info][gc,phases   ] GC(0)   Post Evacuate Collection Set: 0.38ms
[0.438s][info][gc,phases   ] GC(0)   Other: 0.22ms
[0.438s][info][gc,heap     ] GC(0) Eden regions: 11->0(13)
[0.438s][info][gc,heap     ] GC(0) Survivor regions: 0->2(2)
[0.438s][info][gc,heap     ] GC(0) Old regions: 0->2
[0.438s][info][gc,heap     ] GC(0) Humongous regions: 4->4
[0.438s][info][gc,metaspace] GC(0) Metaspace: 2897K(3136K)->2897K(3136K) NonClass: 2616K(2752K)->2616K(2752K) Class: 280K(384K)->280K(384K)
[0.438s][info][gc          ] GC(0) Pause Young (Normal) (G1 Evacuation Pause) 30M->14M(256M) 3.483ms
[0.438s][info][gc,cpu      ] GC(0) User=0.00s Sys=0.00s Real=0.00s
[0.727s][info][gc,start    ] GC(1) Pause Young (Normal) (G1 Evacuation Pause)
[0.727s][info][gc,task     ] GC(1) Using 6 workers of 18 for evacuation
[0.731s][info][gc,phases   ] GC(1)   Pre Evacuate Collection Set: 0.08ms
[0.731s][info][gc,phases   ] GC(1)   Merge Heap Roots: 0.04ms
[0.731s][info][gc,phases   ] GC(1)   Evacuate Collection Set: 2.40ms
[0.731s][info][gc,phases   ] GC(1)   Post Evacuate Collection Set: 0.93ms
[0.731s][info][gc,phases   ] GC(1)   Other: 0.06ms
[0.731s][info][gc,heap     ] GC(1) Eden regions: 13->0(30)
[0.731s][info][gc,heap     ] GC(1) Survivor regions: 2->2(2)
[0.731s][info][gc,heap     ] GC(1) Old regions: 2->4
[0.731s][info][gc,heap     ] GC(1) Humongous regions: 4->4
[0.731s][info][gc,metaspace] GC(1) Metaspace: 8009K(8256K)->8009K(8256K) NonClass: 7211K(7360K)->7211K(7360K) Class: 798K(896K)->798K(896K)
[0.731s][info][gc          ] GC(1) Pause Young (Normal) (G1 Evacuation Pause) 40M->17M(256M) 3.710ms
[0.731s][info][gc,cpu      ] GC(1) User=0.00s Sys=0.00s Real=0.00s
[0.906s][info][gc,start    ] GC(2) Pause Young (Normal) (G1 Evacuation Pause)
[0.906s][info][gc,task     ] GC(2) Using 6 workers of 18 for evacuation
[0.910s][info][gc,phases   ] GC(2)   Pre Evacuate Collection Set: 0.09ms
[0.910s][info][gc,phases   ] GC(2)   Merge Heap Roots: 0.05ms
[0.910s][info][gc,phases   ] GC(2)   Evacuate Collection Set: 3.05ms
[0.910s][info][gc,phases   ] GC(2)   Post Evacuate Collection Set: 0.37ms
[0.910s][info][gc,phases   ] GC(2)   Other: 0.06ms
[0.910s][info][gc,heap     ] GC(2) Eden regions: 30->0(45)
[0.910s][info][gc,heap     ] GC(2) Survivor regions: 2->4(4)
[0.910s][info][gc,heap     ] GC(2) Old regions: 4->4
[0.910s][info][gc,heap     ] GC(2) Humongous regions: 5->5
[0.910s][info][gc,metaspace] GC(2) Metaspace: 8080K(8320K)->8080K(8320K) NonClass: 7281K(7424K)->7281K(7424K) Class: 799K(896K)->799K(896K)
[0.910s][info][gc          ] GC(2) Pause Young (Normal) (G1 Evacuation Pause) 79M->24M(256M) 3.882ms
[0.910s][info][gc,cpu      ] GC(2) User=0.00s Sys=0.00s Real=0.00s
[1.372s][info][gc,start    ] GC(3) Pause Young (Normal) (G1 Evacuation Pause)
[1.372s][info][gc,task     ] GC(3) Using 6 workers of 18 for evacuation
[1.377s][info][gc,phases   ] GC(3)   Pre Evacuate Collection Set: 0.09ms
[1.377s][info][gc,phases   ] GC(3)   Merge Heap Roots: 0.05ms
[1.377s][info][gc,phases   ] GC(3)   Evacuate Collection Set: 4.06ms
[1.377s][info][gc,phases   ] GC(3)   Post Evacuate Collection Set: 0.43ms
[1.377s][info][gc,phases   ] GC(3)   Other: 0.07ms
[1.377s][info][gc,heap     ] GC(3) Eden regions: 45->0(70)
[1.377s][info][gc,heap     ] GC(3) Survivor regions: 4->6(7)
[1.377s][info][gc,heap     ] GC(3) Old regions: 4->5
[1.377s][info][gc,heap     ] GC(3) Humongous regions: 5->5
[1.377s][info][gc,metaspace] GC(3) Metaspace: 9101K(9344K)->9101K(9344K) NonClass: 8184K(8320K)->8184K(8320K) Class: 916K(1024K)->916K(1024K)
[1.377s][info][gc          ] GC(3) Pause Young (Normal) (G1 Evacuation Pause) 114M->29M(256M) 4.881ms
[1.377s][info][gc,cpu      ] GC(3) User=0.00s Sys=0.00s Real=0.00s
[2.508s][info][gc,start    ] GC(4) Pause Young (Concurrent Start) (Metadata GC Threshold)
[2.508s][info][gc,task     ] GC(4) Using 6 workers of 18 for evacuation
[2.514s][info][gc,phases   ] GC(4)   Pre Evacuate Collection Set: 0.14ms
[2.515s][info][gc,phases   ] GC(4)   Merge Heap Roots: 0.05ms
[2.515s][info][gc,phases   ] GC(4)   Evacuate Collection Set: 4.80ms
[2.515s][info][gc,phases   ] GC(4)   Post Evacuate Collection Set: 1.29ms
[2.515s][info][gc,phases   ] GC(4)   Other: 0.08ms
[2.515s][info][gc,heap     ] GC(4) Eden regions: 48->0(66)
[2.515s][info][gc,heap     ] GC(4) Survivor regions: 6->10(10)
[2.515s][info][gc,heap     ] GC(4) Old regions: 5->5
[2.515s][info][gc,heap     ] GC(4) Humongous regions: 9->9
[2.515s][info][gc,metaspace] GC(4) Metaspace: 21006K(21504K)->21006K(21504K) NonClass: 18631K(18880K)->18631K(18880K) Class: 2374K(2624K)->2374K(2624K)
[2.515s][info][gc          ] GC(4) Pause Young (Concurrent Start) (Metadata GC Threshold) 131M->47M(256M) 6.554ms
[2.515s][info][gc          ] GC(5) Concurrent Mark Cycle
[2.515s][info][gc,cpu      ] GC(4) User=0.00s Sys=0.00s Real=0.01s
[2.515s][info][gc,marking  ] GC(5) Concurrent Scan Root Regions
[2.517s][info][gc,marking  ] GC(5) Concurrent Scan Root Regions 2.235ms
[2.517s][info][gc,marking  ] GC(5) Concurrent Mark
[2.517s][info][gc,marking  ] GC(5) Concurrent Mark From Roots
[2.517s][info][gc,task     ] GC(5) Using 5 workers of 5 for marking
[2.519s][info][gc,marking  ] GC(5) Concurrent Mark From Roots 1.724ms
[2.519s][info][gc,marking  ] GC(5) Concurrent Preclean
[2.519s][info][gc,marking  ] GC(5) Concurrent Preclean 0.041ms
[2.519s][info][gc,start    ] GC(5) Pause Remark
[2.521s][info][gc          ] GC(5) Pause Remark 49M->49M(160M) 1.913ms
[2.521s][info][gc,cpu      ] GC(5) User=0.02s Sys=0.00s Real=0.00s
[2.521s][info][gc,marking  ] GC(5) Concurrent Mark 3.827ms
[2.521s][info][gc,marking  ] GC(5) Concurrent Rebuild Remembered Sets and Scrub Regions
[2.521s][info][gc,marking  ] GC(5) Concurrent Rebuild Remembered Sets and Scrub Regions 0.291ms
[2.530s][info][gc,start    ] GC(5) Pause Cleanup
[2.530s][info][gc          ] GC(5) Pause Cleanup 49M->49M(160M) 0.039ms
[2.530s][info][gc,cpu      ] GC(5) User=0.00s Sys=0.00s Real=0.00s
[2.530s][info][gc,marking  ] GC(5) Concurrent Clear Claimed Marks
[2.530s][info][gc,marking  ] GC(5) Concurrent Clear Claimed Marks 0.044ms
[2.530s][info][gc,marking  ] GC(5) Concurrent Cleanup for Next Mark
[2.531s][info][gc,marking  ] GC(5) Concurrent Cleanup for Next Mark 0.373ms
[2.531s][info][gc          ] GC(5) Concurrent Mark Cycle 15.886ms
[2.951s][info][gc,start    ] GC(6) Pause Young (Normal) (G1 Evacuation Pause)
[2.951s][info][gc,task     ] GC(6) Using 4 workers of 18 for evacuation
[2.963s][info][gc,phases   ] GC(6)   Pre Evacuate Collection Set: 0.08ms
[2.963s][info][gc,phases   ] GC(6)   Merge Heap Roots: 0.04ms
[2.963s][info][gc,phases   ] GC(6)   Evacuate Collection Set: 11.53ms
[2.963s][info][gc,phases   ] GC(6)   Post Evacuate Collection Set: 0.61ms
[2.963s][info][gc,phases   ] GC(6)   Other: 0.10ms
[2.963s][info][gc,heap     ] GC(6) Eden regions: 48->0(41)
[2.963s][info][gc,heap     ] GC(6) Survivor regions: 10->10(10)
[2.963s][info][gc,heap     ] GC(6) Old regions: 5->18
[2.963s][info][gc,heap     ] GC(6) Humongous regions: 17->14
[2.963s][info][gc,metaspace] GC(6) Metaspace: 23624K(24128K)->23624K(24128K) NonClass: 20951K(21248K)->20951K(21248K) Class: 2672K(2880K)->2672K(2880K)
[2.963s][info][gc          ] GC(6) Pause Young (Normal) (G1 Evacuation Pause) 159M->83M(206M) 12.574ms
[2.963s][info][gc,cpu      ] GC(6) User=0.03s Sys=0.05s Real=0.01s
[3.314s][info][gc,start    ] GC(7) Pause Young (Normal) (G1 Evacuation Pause)
[3.314s][info][gc,task     ] GC(7) Using 4 workers of 18 for evacuation
[3.321s][info][gc,phases   ] GC(7)   Pre Evacuate Collection Set: 0.23ms
[3.321s][info][gc,phases   ] GC(7)   Merge Heap Roots: 0.10ms
[3.321s][info][gc,phases   ] GC(7)   Evacuate Collection Set: 6.34ms
[3.321s][info][gc,phases   ] GC(7)   Post Evacuate Collection Set: 0.46ms
[3.321s][info][gc,phases   ] GC(7)   Other: 0.06ms
[3.321s][info][gc,heap     ] GC(7) Eden regions: 41->0(37)
[3.321s][info][gc,heap     ] GC(7) Survivor regions: 10->5(7)
[3.321s][info][gc,heap     ] GC(7) Old regions: 18->28
[3.321s][info][gc,heap     ] GC(7) Humongous regions: 18->16
[3.321s][info][gc,metaspace] GC(7) Metaspace: 26099K(26688K)->26099K(26688K) NonClass: 23022K(23360K)->23022K(23360K) Class: 3076K(3328K)->3076K(3328K)
[3.321s][info][gc          ] GC(7) Pause Young (Normal) (G1 Evacuation Pause) 173M->96M(206M) 7.396ms
[3.321s][info][gc,cpu      ] GC(7) User=0.08s Sys=0.03s Real=0.01s
[3.392s][info][gc,start    ] GC(8) Pause Young (Normal) (GCLocker Initiated GC)
[3.392s][info][gc,task     ] GC(8) Using 4 workers of 18 for evacuation
[3.395s][info][gc,phases   ] GC(8)   Pre Evacuate Collection Set: 0.11ms
[3.395s][info][gc,phases   ] GC(8)   Merge Heap Roots: 0.06ms
[3.395s][info][gc,phases   ] GC(8)   Evacuate Collection Set: 2.61ms
[3.395s][info][gc,phases   ] GC(8)   Post Evacuate Collection Set: 0.43ms
[3.395s][info][gc,phases   ] GC(8)   Other: 0.06ms
[3.395s][info][gc,heap     ] GC(8) Eden regions: 37->0(54)
[3.395s][info][gc,heap     ] GC(8) Survivor regions: 5->2(6)
[3.395s][info][gc,heap     ] GC(8) Old regions: 28->33
[3.395s][info][gc,heap     ] GC(8) Humongous regions: 16->16
[3.395s][info][gc,metaspace] GC(8) Metaspace: 27023K(27968K)->27023K(27968K) NonClass: 23741K(24256K)->23741K(24256K) Class: 3282K(3712K)->3282K(3712K)
[3.395s][info][gc          ] GC(8) Pause Young (Normal) (GCLocker Initiated GC) 170M->99M(248M) 3.453ms
[3.395s][info][gc,cpu      ] GC(8) User=0.02s Sys=0.00s Real=0.00s
[3.447s][info][gc,start    ] GC(9) Pause Young (Normal) (GCLocker Initiated GC)
[3.447s][info][gc,task     ] GC(9) Using 5 workers of 18 for evacuation
[3.449s][info][gc,phases   ] GC(9)   Pre Evacuate Collection Set: 0.13ms
[3.449s][info][gc,phases   ] GC(9)   Merge Heap Roots: 0.07ms
[3.449s][info][gc,phases   ] GC(9)   Evacuate Collection Set: 1.87ms
[3.449s][info][gc,phases   ] GC(9)   Post Evacuate Collection Set: 0.32ms
[3.449s][info][gc,phases   ] GC(9)   Other: 0.07ms
[3.449s][info][gc,heap     ] GC(9) Eden regions: 55->0(58)
[3.449s][info][gc,heap     ] GC(9) Survivor regions: 2->2(7)
[3.449s][info][gc,heap     ] GC(9) Old regions: 33->33
[3.449s][info][gc,heap     ] GC(9) Humongous regions: 17->16
[3.449s][info][gc,metaspace] GC(9) Metaspace: 27070K(28032K)->27070K(28032K) NonClass: 23783K(24320K)->23783K(24320K) Class: 3286K(3712K)->3286K(3712K)
[3.449s][info][gc          ] GC(9) Pause Young (Normal) (GCLocker Initiated GC) 209M->99M(248M) 2.636ms
[3.449s][info][gc,cpu      ] GC(9) User=0.00s Sys=0.00s Real=0.00s
[3.489s][info][gc,start    ] GC(10) Pause Young (Normal) (GCLocker Initiated GC)
[3.489s][info][gc,task     ] GC(10) Using 5 workers of 18 for evacuation
[3.492s][info][gc,phases   ] GC(10)   Pre Evacuate Collection Set: 0.12ms
[3.492s][info][gc,phases   ] GC(10)   Merge Heap Roots: 0.07ms
[3.492s][info][gc,phases   ] GC(10)   Evacuate Collection Set: 2.64ms
[3.492s][info][gc,phases   ] GC(10)   Post Evacuate Collection Set: 0.31ms
[3.492s][info][gc,phases   ] GC(10)   Other: 0.06ms
[3.492s][info][gc,heap     ] GC(10) Eden regions: 58->0(60)
[3.492s][info][gc,heap     ] GC(10) Survivor regions: 2->3(8)
[3.492s][info][gc,heap     ] GC(10) Old regions: 33->33
[3.492s][info][gc,heap     ] GC(10) Humongous regions: 16->16
[3.492s][info][gc,metaspace] GC(10) Metaspace: 27164K(28160K)->27164K(28160K) NonClass: 23851K(24384K)->23851K(24384K) Class: 3313K(3776K)->3313K(3776K)
[3.492s][info][gc          ] GC(10) Pause Young (Normal) (GCLocker Initiated GC) 215M->102M(248M) 3.392ms
[3.492s][info][gc,cpu      ] GC(10) User=0.16s Sys=0.02s Real=0.00s
[3.529s][info][gc,start    ] GC(11) Pause Young (Normal) (G1 Evacuation Pause)
[3.529s][info][gc,task     ] GC(11) Using 5 workers of 18 for evacuation
[3.532s][info][gc,phases   ] GC(11)   Pre Evacuate Collection Set: 0.12ms
[3.532s][info][gc,phases   ] GC(11)   Merge Heap Roots: 0.06ms
[3.532s][info][gc,phases   ] GC(11)   Evacuate Collection Set: 2.01ms
[3.532s][info][gc,phases   ] GC(11)   Post Evacuate Collection Set: 0.32ms
[3.532s][info][gc,phases   ] GC(11)   Other: 0.07ms
[3.532s][info][gc,heap     ] GC(11) Eden regions: 60->0(62)
[3.532s][info][gc,heap     ] GC(11) Survivor regions: 3->3(8)
[3.532s][info][gc,heap     ] GC(11) Old regions: 33->33
[3.532s][info][gc,heap     ] GC(11) Humongous regions: 16->16
[3.532s][info][gc,metaspace] GC(11) Metaspace: 27167K(28160K)->27167K(28160K) NonClass: 23853K(24384K)->23853K(24384K) Class: 3313K(3776K)->3313K(3776K)
[3.532s][info][gc          ] GC(11) Pause Young (Normal) (G1 Evacuation Pause) 222M->102M(248M) 2.783ms
[3.532s][info][gc,cpu      ] GC(11) User=0.00s Sys=0.00s Real=0.01s
[3.585s][info][gc,start    ] GC(12) Pause Young (Normal) (GCLocker Initiated GC)
[3.585s][info][gc,task     ] GC(12) Using 5 workers of 18 for evacuation
[3.589s][info][gc,phases   ] GC(12)   Pre Evacuate Collection Set: 0.12ms
[3.589s][info][gc,phases   ] GC(12)   Merge Heap Roots: 0.07ms
[3.589s][info][gc,phases   ] GC(12)   Evacuate Collection Set: 2.52ms
[3.589s][info][gc,phases   ] GC(12)   Post Evacuate Collection Set: 0.74ms
[3.589s][info][gc,phases   ] GC(12)   Other: 0.08ms
[3.589s][info][gc,heap     ] GC(12) Eden regions: 62->0(116)
[3.589s][info][gc,heap     ] GC(12) Survivor regions: 3->4(9)
[3.589s][info][gc,heap     ] GC(12) Old regions: 33->33
[3.589s][info][gc,heap     ] GC(12) Humongous regions: 16->16
[3.589s][info][gc,metaspace] GC(12) Metaspace: 27170K(28160K)->27170K(28160K) NonClass: 23856K(24384K)->23856K(24384K) Class: 3313K(3776K)->3313K(3776K)
[3.589s][info][gc          ] GC(12) Pause Young (Normal) (GCLocker Initiated GC) 226M->104M(400M) 3.749ms
[3.589s][info][gc,cpu      ] GC(12) User=0.00s Sys=0.00s Real=0.00s
[3.738s][info][gc,start    ] GC(13) Pause Young (Normal) (G1 Evacuation Pause)
[3.739s][info][gc,task     ] GC(13) Using 9 workers of 18 for evacuation
[3.741s][info][gc,phases   ] GC(13)   Pre Evacuate Collection Set: 0.16ms
[3.742s][info][gc,phases   ] GC(13)   Merge Heap Roots: 0.09ms
[3.742s][info][gc,phases   ] GC(13)   Evacuate Collection Set: 2.21ms
[3.742s][info][gc,phases   ] GC(13)   Post Evacuate Collection Set: 0.38ms
[3.742s][info][gc,phases   ] GC(13)   Other: 0.10ms
[3.742s][info][gc,heap     ] GC(13) Eden regions: 116->0(115)
[3.742s][info][gc,heap     ] GC(13) Survivor regions: 4->5(15)
[3.742s][info][gc,heap     ] GC(13) Old regions: 33->33
[3.742s][info][gc,heap     ] GC(13) Humongous regions: 16->16
[3.742s][info][gc,metaspace] GC(13) Metaspace: 27171K(28160K)->27171K(28160K) NonClass: 23857K(24384K)->23857K(24384K) Class: 3313K(3776K)->3313K(3776K)
[3.742s][info][gc          ] GC(13) Pause Young (Normal) (G1 Evacuation Pause) 336M->106M(400M) 3.155ms
[3.742s][info][gc,cpu      ] GC(13) User=0.09s Sys=0.08s Real=0.00s
[4.021s][info][gc,start    ] GC(14) Pause Young (Normal) (G1 Evacuation Pause)
[4.021s][info][gc,task     ] GC(14) Using 9 workers of 18 for evacuation
[4.025s][info][gc,phases   ] GC(14)   Pre Evacuate Collection Set: 0.16ms
[4.025s][info][gc,phases   ] GC(14)   Merge Heap Roots: 0.09ms
[4.025s][info][gc,phases   ] GC(14)   Evacuate Collection Set: 2.59ms
[4.025s][info][gc,phases   ] GC(14)   Post Evacuate Collection Set: 0.36ms
[4.025s][info][gc,phases   ] GC(14)   Other: 0.07ms
[4.025s][info][gc,heap     ] GC(14) Eden regions: 115->0(114)
[4.025s][info][gc,heap     ] GC(14) Survivor regions: 5->6(15)
[4.025s][info][gc,heap     ] GC(14) Old regions: 33->33
[4.025s][info][gc,heap     ] GC(14) Humongous regions: 16->16
[4.025s][info][gc,metaspace] GC(14) Metaspace: 27176K(28160K)->27176K(28160K) NonClass: 23862K(24384K)->23862K(24384K) Class: 3313K(3776K)->3313K(3776K)
[4.025s][info][gc          ] GC(14) Pause Young (Normal) (G1 Evacuation Pause) 336M->108M(400M) 3.517ms
[4.025s][info][gc,cpu      ] GC(14) User=0.02s Sys=0.00s Real=0.00s
[4.344s][info][gc,start    ] GC(15) Pause Young (Normal) (G1 Evacuation Pause)
[4.344s][info][gc,task     ] GC(15) Using 9 workers of 18 for evacuation
[4.348s][info][gc,phases   ] GC(15)   Pre Evacuate Collection Set: 0.14ms
[4.348s][info][gc,phases   ] GC(15)   Merge Heap Roots: 0.09ms
[4.348s][info][gc,phases   ] GC(15)   Evacuate Collection Set: 3.67ms
[4.348s][info][gc,phases   ] GC(15)   Post Evacuate Collection Set: 0.50ms
[4.348s][info][gc,phases   ] GC(15)   Other: 0.06ms
[4.348s][info][gc,heap     ] GC(15) Eden regions: 114->0(112)
[4.348s][info][gc,heap     ] GC(15) Survivor regions: 6->8(15)
[4.348s][info][gc,heap     ] GC(15) Old regions: 33->33
[4.348s][info][gc,heap     ] GC(15) Humongous regions: 16->16
[4.348s][info][gc,metaspace] GC(15) Metaspace: 29087K(30080K)->29087K(30080K) NonClass: 25516K(26048K)->25516K(26048K) Class: 3571K(4032K)->3571K(4032K)
[4.348s][info][gc          ] GC(15) Pause Young (Normal) (G1 Evacuation Pause) 336M->112M(400M) 4.678ms
[4.348s][info][gc,cpu      ] GC(15) User=0.00s Sys=0.00s Real=0.02s
[4.645s][info][gc,start    ] GC(16) Pause Young (Normal) (G1 Evacuation Pause)
[4.645s][info][gc,task     ] GC(16) Using 9 workers of 18 for evacuation
[4.650s][info][gc,phases   ] GC(16)   Pre Evacuate Collection Set: 0.13ms
[4.650s][info][gc,phases   ] GC(16)   Merge Heap Roots: 0.08ms
[4.650s][info][gc,phases   ] GC(16)   Evacuate Collection Set: 3.34ms
[4.650s][info][gc,phases   ] GC(16)   Post Evacuate Collection Set: 0.63ms
[4.650s][info][gc,phases   ] GC(16)   Other: 0.06ms
[4.650s][info][gc,heap     ] GC(16) Eden regions: 112->0(111)
[4.650s][info][gc,heap     ] GC(16) Survivor regions: 8->9(15)
[4.650s][info][gc,heap     ] GC(16) Old regions: 33->33
[4.650s][info][gc,heap     ] GC(16) Humongous regions: 16->16
[4.650s][info][gc,metaspace] GC(16) Metaspace: 31026K(32000K)->31026K(32000K) NonClass: 27173K(27712K)->27173K(27712K) Class: 3853K(4288K)->3853K(4288K)
[4.650s][info][gc          ] GC(16) Pause Young (Normal) (G1 Evacuation Pause) 336M->114M(400M) 4.457ms
[4.650s][info][gc,cpu      ] GC(16) User=0.05s Sys=0.00s Real=0.00s
[4.918s][info][gc,start    ] GC(17) Pause Young (Normal) (G1 Evacuation Pause)
[4.918s][info][gc,task     ] GC(17) Using 9 workers of 18 for evacuation
[4.924s][info][gc,phases   ] GC(17)   Pre Evacuate Collection Set: 0.13ms
[4.924s][info][gc,phases   ] GC(17)   Merge Heap Roots: 0.08ms
[4.924s][info][gc,phases   ] GC(17)   Evacuate Collection Set: 4.57ms
[4.924s][info][gc,phases   ] GC(17)   Post Evacuate Collection Set: 0.48ms
[4.924s][info][gc,phases   ] GC(17)   Other: 0.07ms
[4.924s][info][gc,heap     ] GC(17) Eden regions: 111->0(111)
[4.924s][info][gc,heap     ] GC(17) Survivor regions: 9->9(15)
[4.924s][info][gc,heap     ] GC(17) Old regions: 33->34
[4.924s][info][gc,heap     ] GC(17) Humongous regions: 16->16
[4.924s][info][gc,metaspace] GC(17) Metaspace: 32068K(33088K)->32068K(33088K) NonClass: 28105K(28672K)->28105K(28672K) Class: 3963K(4416K)->3963K(4416K)
[4.924s][info][gc          ] GC(17) Pause Young (Normal) (G1 Evacuation Pause) 336M->117M(400M) 5.549ms
[4.924s][info][gc,cpu      ] GC(17) User=0.00s Sys=0.00s Real=0.01s
[5.248s][info][gc,start    ] GC(18) Pause Young (Normal) (G1 Evacuation Pause)
[5.248s][info][gc,task     ] GC(18) Using 9 workers of 18 for evacuation
[5.256s][info][gc,phases   ] GC(18)   Pre Evacuate Collection Set: 0.16ms
[5.256s][info][gc,phases   ] GC(18)   Merge Heap Roots: 0.08ms
[5.256s][info][gc,phases   ] GC(18)   Evacuate Collection Set: 6.58ms
[5.256s][info][gc,phases   ] GC(18)   Post Evacuate Collection Set: 0.69ms
[5.256s][info][gc,phases   ] GC(18)   Other: 0.07ms
[5.256s][info][gc,heap     ] GC(18) Eden regions: 111->0(106)
[5.256s][info][gc,heap     ] GC(18) Survivor regions: 9->14(15)
[5.256s][info][gc,heap     ] GC(18) Old regions: 34->36
[5.256s][info][gc,heap     ] GC(18) Humongous regions: 16->16
[5.256s][info][gc,metaspace] GC(18) Metaspace: 32207K(33216K)->32207K(33216K) NonClass: 28239K(28800K)->28239K(28800K) Class: 3967K(4416K)->3967K(4416K)
[5.256s][info][gc          ] GC(18) Pause Young (Normal) (G1 Evacuation Pause) 339M->128M(400M) 7.821ms
[5.256s][info][gc,cpu      ] GC(18) User=0.20s Sys=0.00s Real=0.00s
[5.809s][info][gc,start    ] GC(19) Pause Young (Normal) (G1 Evacuation Pause)
[5.809s][info][gc,task     ] GC(19) Using 9 workers of 18 for evacuation
[5.819s][info][gc,phases   ] GC(19)   Pre Evacuate Collection Set: 0.12ms
[5.819s][info][gc,phases   ] GC(19)   Merge Heap Roots: 0.08ms
[5.819s][info][gc,phases   ] GC(19)   Evacuate Collection Set: 8.10ms
[5.819s][info][gc,phases   ] GC(19)   Post Evacuate Collection Set: 0.81ms
[5.819s][info][gc,phases   ] GC(19)   Other: 0.06ms
[5.819s][info][gc,heap     ] GC(19) Eden regions: 106->0(130)
[5.819s][info][gc,heap     ] GC(19) Survivor regions: 14->14(15)
[5.819s][info][gc,heap     ] GC(19) Old regions: 36->41
[5.819s][info][gc,heap     ] GC(19) Humongous regions: 16->16
[5.819s][info][gc,metaspace] GC(19) Metaspace: 33593K(34560K)->33593K(34560K) NonClass: 29434K(29952K)->29434K(29952K) Class: 4158K(4608K)->4158K(4608K)
[5.819s][info][gc          ] GC(19) Pause Young (Normal) (G1 Evacuation Pause) 340M->140M(482M) 9.356ms
[5.819s][info][gc,cpu      ] GC(19) User=0.19s Sys=0.03s Real=0.02s
[6.124s][info][gc,start    ] GC(20) Pause Young (Concurrent Start) (Metadata GC Threshold)
[6.124s][info][gc,task     ] GC(20) Using 11 workers of 18 for evacuation
[6.129s][info][gc,phases   ] GC(20)   Pre Evacuate Collection Set: 0.19ms
[6.129s][info][gc,phases   ] GC(20)   Merge Heap Roots: 0.07ms
[6.130s][info][gc,phases   ] GC(20)   Evacuate Collection Set: 4.43ms
[6.130s][info][gc,phases   ] GC(20)   Post Evacuate Collection Set: 0.41ms
[6.130s][info][gc,phases   ] GC(20)   Other: 0.08ms
[6.130s][info][gc,heap     ] GC(20) Eden regions: 17->0(137)
[6.130s][info][gc,heap     ] GC(20) Survivor regions: 14->7(18)
[6.130s][info][gc,heap     ] GC(20) Old regions: 41->48
[6.130s][info][gc,heap     ] GC(20) Humongous regions: 16->16
[6.130s][info][gc,metaspace] GC(20) Metaspace: 35103K(36160K)->35103K(36160K) NonClass: 30767K(31360K)->30767K(31360K) Class: 4335K(4800K)->4335K(4800K)
[6.130s][info][gc          ] GC(20) Pause Young (Concurrent Start) (Metadata GC Threshold) 172M->140M(482M) 5.440ms
[6.130s][info][gc          ] GC(21) Concurrent Mark Cycle
[6.130s][info][gc,cpu      ] GC(20) User=0.00s Sys=0.00s Real=0.00s
[6.130s][info][gc,marking  ] GC(21) Concurrent Scan Root Regions
[6.133s][info][gc,marking  ] GC(21) Concurrent Scan Root Regions 3.584ms
[6.133s][info][gc,marking  ] GC(21) Concurrent Mark
[6.133s][info][gc,marking  ] GC(21) Concurrent Mark From Roots
[6.133s][info][gc,task     ] GC(21) Using 5 workers of 5 for marking
[6.146s][info][gc,marking  ] GC(21) Concurrent Mark From Roots 12.973ms
[6.146s][info][gc,marking  ] GC(21) Concurrent Preclean
[6.146s][info][gc,marking  ] GC(21) Concurrent Preclean 0.072ms
[6.147s][info][gc,start    ] GC(21) Pause Remark
[6.158s][info][gc          ] GC(21) Pause Remark 141M->139M(468M) 10.453ms
[6.158s][info][gc,cpu      ] GC(21) User=0.00s Sys=0.00s Real=0.02s
[6.158s][info][gc,marking  ] GC(21) Concurrent Mark 24.315ms
[6.158s][info][gc,marking  ] GC(21) Concurrent Rebuild Remembered Sets and Scrub Regions
[6.173s][info][gc,marking  ] GC(21) Concurrent Rebuild Remembered Sets and Scrub Regions 15.524ms
[6.174s][info][gc,start    ] GC(21) Pause Cleanup
[6.174s][info][gc          ] GC(21) Pause Cleanup 139M->139M(468M) 0.140ms
[6.174s][info][gc,cpu      ] GC(21) User=0.00s Sys=0.00s Real=0.00s
[6.174s][info][gc,marking  ] GC(21) Concurrent Clear Claimed Marks
[6.174s][info][gc,marking  ] GC(21) Concurrent Clear Claimed Marks 0.069ms
[6.174s][info][gc,marking  ] GC(21) Concurrent Cleanup for Next Mark
[6.175s][info][gc,marking  ] GC(21) Concurrent Cleanup for Next Mark 1.431ms
[6.175s][info][gc          ] GC(21) Concurrent Mark Cycle 45.605ms
[8.114s][info][gc,start    ] GC(22) Pause Young (Prepare Mixed) (G1 Evacuation Pause)
[8.114s][info][gc,task     ] GC(22) Using 11 workers of 18 for evacuation
[8.125s][info][gc,phases   ] GC(22)   Pre Evacuate Collection Set: 0.12ms
[8.125s][info][gc,phases   ] GC(22)   Merge Heap Roots: 0.08ms
[8.125s][info][gc,phases   ] GC(22)   Evacuate Collection Set: 10.17ms
[8.125s][info][gc,phases   ] GC(22)   Post Evacuate Collection Set: 1.12ms
[8.125s][info][gc,phases   ] GC(22)   Other: 0.06ms
[8.125s][info][gc,heap     ] GC(22) Eden regions: 137->0(119)
[8.125s][info][gc,heap     ] GC(22) Survivor regions: 7->18(18)
[8.125s][info][gc,heap     ] GC(22) Old regions: 48->52
[8.125s][info][gc,heap     ] GC(22) Humongous regions: 21->21
[8.125s][info][gc,metaspace] GC(22) Metaspace: 46425K(47360K)->46425K(47360K) NonClass: 40597K(41088K)->40597K(41088K) Class: 5828K(6272K)->5828K(6272K)
[8.125s][info][gc          ] GC(22) Pause Young (Prepare Mixed) (G1 Evacuation Pause) 424M->181M(470M) 11.766ms
[8.125s][info][gc,cpu      ] GC(22) User=0.16s Sys=0.03s Real=0.02s
[8.471s][info][gc,start    ] GC(23) Pause Young (Mixed) (G1 Evacuation Pause)
[8.471s][info][gc,task     ] GC(23) Using 11 workers of 18 for evacuation
[8.482s][info][gc,phases   ] GC(23)   Pre Evacuate Collection Set: 0.15ms
[8.482s][info][gc,phases   ] GC(23)   Merge Heap Roots: 0.13ms
[8.482s][info][gc,phases   ] GC(23)   Evacuate Collection Set: 9.91ms
[8.482s][info][gc,phases   ] GC(23)   Post Evacuate Collection Set: 0.88ms
[8.482s][info][gc,phases   ] GC(23)   Other: 0.08ms
[8.482s][info][gc,heap     ] GC(23) Eden regions: 119->0(120)
[8.482s][info][gc,heap     ] GC(23) Survivor regions: 18->4(18)
[8.482s][info][gc,heap     ] GC(23) Old regions: 52->70
[8.482s][info][gc,heap     ] GC(23) Humongous regions: 21->21
[8.482s][info][gc,metaspace] GC(23) Metaspace: 48526K(49344K)->48526K(49344K) NonClass: 42517K(42944K)->42517K(42944K) Class: 6009K(6400K)->6009K(6400K)
[8.482s][info][gc          ] GC(23) Pause Young (Mixed) (G1 Evacuation Pause) 419M->187M(470M) 11.446ms
[8.482s][info][gc,cpu      ] GC(23) User=0.14s Sys=0.08s Real=0.02s
[9.040s][info][gc,start    ] GC(24) Pause Young (Normal) (G1 Evacuation Pause)
[9.040s][info][gc,task     ] GC(24) Using 11 workers of 18 for evacuation
[9.044s][info][gc,phases   ] GC(24)   Pre Evacuate Collection Set: 0.12ms
[9.044s][info][gc,phases   ] GC(24)   Merge Heap Roots: 0.08ms
[9.044s][info][gc,phases   ] GC(24)   Evacuate Collection Set: 2.89ms
[9.044s][info][gc,phases   ] GC(24)   Post Evacuate Collection Set: 0.42ms
[9.044s][info][gc,phases   ] GC(24)   Other: 0.06ms
[9.044s][info][gc,heap     ] GC(24) Eden regions: 120->0(123)
[9.044s][info][gc,heap     ] GC(24) Survivor regions: 4->4(16)
[9.044s][info][gc,heap     ] GC(24) Old regions: 70->70
[9.044s][info][gc,heap     ] GC(24) Humongous regions: 21->21
[9.044s][info][gc,metaspace] GC(24) Metaspace: 53561K(54464K)->53561K(54464K) NonClass: 46637K(47104K)->46637K(47104K) Class: 6924K(7360K)->6924K(7360K)
[9.044s][info][gc          ] GC(24) Pause Young (Normal) (G1 Evacuation Pause) 427M->187M(470M) 3.767ms
[9.044s][info][gc,cpu      ] GC(24) User=0.00s Sys=0.00s Real=0.00s
[9.761s][info][gc,start    ] GC(25) Pause Young (Normal) (G1 Evacuation Pause)
[9.761s][info][gc,task     ] GC(25) Using 11 workers of 18 for evacuation
[9.769s][info][gc,phases   ] GC(25)   Pre Evacuate Collection Set: 0.12ms
[9.769s][info][gc,phases   ] GC(25)   Merge Heap Roots: 0.08ms
[9.769s][info][gc,phases   ] GC(25)   Evacuate Collection Set: 7.32ms
[9.769s][info][gc,phases   ] GC(25)   Post Evacuate Collection Set: 0.63ms
[9.769s][info][gc,phases   ] GC(25)   Other: 0.06ms
[9.769s][info][gc,heap     ] GC(25) Eden regions: 123->0(114)
[9.769s][info][gc,heap     ] GC(25) Survivor regions: 4->11(16)
[9.769s][info][gc,heap     ] GC(25) Old regions: 70->70
[9.769s][info][gc,heap     ] GC(25) Humongous regions: 21->21
[9.769s][info][gc,metaspace] GC(25) Metaspace: 56458K(57408K)->56458K(57408K) NonClass: 48999K(49536K)->48999K(49536K) Class: 7458K(7872K)->7458K(7872K)
[9.769s][info][gc          ] GC(25) Pause Young (Normal) (G1 Evacuation Pause) 433M->201M(470M) 8.415ms
[9.770s][info][gc,cpu      ] GC(25) User=0.00s Sys=0.00s Real=0.01s
[10.116s][info][gc,start    ] GC(26) Pause Young (Normal) (G1 Evacuation Pause)
[10.116s][info][gc,task     ] GC(26) Using 11 workers of 18 for evacuation
[10.129s][info][gc,phases   ] GC(26)   Pre Evacuate Collection Set: 0.14ms
[10.129s][info][gc,phases   ] GC(26)   Merge Heap Roots: 0.10ms
[10.129s][info][gc,phases   ] GC(26)   Evacuate Collection Set: 11.48ms
[10.129s][info][gc,phases   ] GC(26)   Post Evacuate Collection Set: 0.60ms
[10.129s][info][gc,phases   ] GC(26)   Other: 0.06ms
[10.129s][info][gc,heap     ] GC(26) Eden regions: 114->0(105)
[10.129s][info][gc,heap     ] GC(26) Survivor regions: 11->16(16)
[10.129s][info][gc,heap     ] GC(26) Old regions: 70->73
[10.129s][info][gc,heap     ] GC(26) Humongous regions: 21->21
[10.129s][info][gc,metaspace] GC(26) Metaspace: 57286K(58240K)->57286K(58240K) NonClass: 49659K(50176K)->49659K(50176K) Class: 7627K(8064K)->7627K(8064K)
[10.129s][info][gc          ] GC(26) Pause Young (Normal) (G1 Evacuation Pause) 429M->218M(470M) 12.589ms
[10.129s][info][gc,cpu      ] GC(26) User=0.00s Sys=0.00s Real=0.01s
[10.695s][info][gc,start    ] GC(27) Pause Young (Concurrent Start) (Metadata GC Threshold)
[10.695s][info][gc,task     ] GC(27) Using 11 workers of 18 for evacuation
[10.706s][info][gc,phases   ] GC(27)   Pre Evacuate Collection Set: 0.16ms
[10.706s][info][gc,phases   ] GC(27)   Merge Heap Roots: 0.09ms
[10.706s][info][gc,phases   ] GC(27)   Evacuate Collection Set: 10.07ms
[10.706s][info][gc,phases   ] GC(27)   Post Evacuate Collection Set: 0.52ms
[10.706s][info][gc,phases   ] GC(27)   Other: 0.08ms
[10.707s][info][gc,heap     ] GC(27) Eden regions: 82->0(97)
[10.707s][info][gc,heap     ] GC(27) Survivor regions: 16->16(16)
[10.707s][info][gc,heap     ] GC(27) Old regions: 73->81
[10.707s][info][gc,heap     ] GC(27) Humongous regions: 21->21
[10.707s][info][gc,metaspace] GC(27) Metaspace: 59710K(60608K)->59710K(60608K) NonClass: 51804K(52288K)->51804K(52288K) Class: 7905K(8320K)->7905K(8320K)
[10.707s][info][gc          ] GC(27) Pause Young (Concurrent Start) (Metadata GC Threshold) 380M->232M(470M) 11.119ms
[10.707s][info][gc          ] GC(28) Concurrent Mark Cycle
[10.707s][info][gc,cpu      ] GC(27) User=0.00s Sys=0.00s Real=0.02s
[10.707s][info][gc,marking  ] GC(28) Concurrent Scan Root Regions
[10.713s][info][gc,marking  ] GC(28) Concurrent Scan Root Regions 5.920ms
[10.713s][info][gc,marking  ] GC(28) Concurrent Mark
[10.713s][info][gc,marking  ] GC(28) Concurrent Mark From Roots
[10.713s][info][gc,task     ] GC(28) Using 5 workers of 5 for marking
[10.744s][info][gc,marking  ] GC(28) Concurrent Mark From Roots 30.955ms
[10.744s][info][gc,marking  ] GC(28) Concurrent Preclean
[10.744s][info][gc,marking  ] GC(28) Concurrent Preclean 0.175ms
[10.744s][info][gc,start    ] GC(28) Pause Remark
[10.750s][info][gc          ] GC(28) Pause Remark 234M->234M(470M) 5.951ms
[10.750s][info][gc,cpu      ] GC(28) User=0.00s Sys=0.00s Real=0.00s
[10.750s][info][gc,marking  ] GC(28) Concurrent Mark 37.398ms
[10.750s][info][gc,marking  ] GC(28) Concurrent Rebuild Remembered Sets and Scrub Regions
[10.780s][info][gc,marking  ] GC(28) Concurrent Rebuild Remembered Sets and Scrub Regions 30.164ms
[10.780s][info][gc,start    ] GC(28) Pause Cleanup
[10.781s][info][gc          ] GC(28) Pause Cleanup 240M->240M(470M) 0.218ms
[10.781s][info][gc,cpu      ] GC(28) User=0.00s Sys=0.00s Real=0.00s
[10.781s][info][gc,marking  ] GC(28) Concurrent Clear Claimed Marks
[10.781s][info][gc,marking  ] GC(28) Concurrent Clear Claimed Marks 0.072ms
[10.781s][info][gc,marking  ] GC(28) Concurrent Cleanup for Next Mark
[10.781s][info][gc,marking  ] GC(28) Concurrent Cleanup for Next Mark 0.294ms
[10.781s][info][gc          ] GC(28) Concurrent Mark Cycle 74.513ms
[11.218s][info][gc,start    ] GC(29) Pause Young (Prepare Mixed) (G1 Evacuation Pause)
[11.218s][info][gc,task     ] GC(29) Using 11 workers of 18 for evacuation
[11.227s][info][gc,phases   ] GC(29)   Pre Evacuate Collection Set: 0.12ms
[11.227s][info][gc,phases   ] GC(29)   Merge Heap Roots: 0.10ms
[11.227s][info][gc,phases   ] GC(29)   Evacuate Collection Set: 7.16ms
[11.227s][info][gc,phases   ] GC(29)   Post Evacuate Collection Set: 0.72ms
[11.227s][info][gc,phases   ] GC(29)   Other: 0.06ms
[11.227s][info][gc,heap     ] GC(29) Eden regions: 97->0(97)
[11.227s][info][gc,heap     ] GC(29) Survivor regions: 16->11(15)
[11.227s][info][gc,heap     ] GC(29) Old regions: 81->89
[11.227s][info][gc,heap     ] GC(29) Humongous regions: 21->21
[11.227s][info][gc,metaspace] GC(29) Metaspace: 66471K(67456K)->66471K(67456K) NonClass: 57011K(57536K)->57011K(57536K) Class: 9459K(9920K)->9459K(9920K)
[11.227s][info][gc          ] GC(29) Pause Young (Prepare Mixed) (G1 Evacuation Pause) 426M->238M(470M) 8.348ms
[11.227s][info][gc,cpu      ] GC(29) User=0.14s Sys=0.03s Real=0.01s
[12.036s][info][gc,start    ] GC(30) Pause Young (Mixed) (G1 Evacuation Pause)
[12.036s][info][gc,task     ] GC(30) Using 11 workers of 18 for evacuation
[12.047s][info][gc,phases   ] GC(30)   Pre Evacuate Collection Set: 0.12ms
[12.047s][info][gc,phases   ] GC(30)   Merge Heap Roots: 0.13ms
[12.047s][info][gc,phases   ] GC(30)   Evacuate Collection Set: 10.04ms
[12.047s][info][gc,phases   ] GC(30)   Post Evacuate Collection Set: 0.74ms
[12.047s][info][gc,phases   ] GC(30)   Other: 0.05ms
[12.047s][info][gc,heap     ] GC(30) Eden regions: 97->0(94)
[12.047s][info][gc,heap     ] GC(30) Survivor regions: 11->10(14)
[12.048s][info][gc,heap     ] GC(30) Old regions: 89->94
[12.048s][info][gc,heap     ] GC(30) Humongous regions: 21->21
[12.048s][info][gc,metaspace] GC(30) Metaspace: 75578K(76672K)->75578K(76672K) NonClass: 64164K(64768K)->64164K(64768K) Class: 11414K(11904K)->11414K(11904K)
[12.048s][info][gc          ] GC(30) Pause Young (Mixed) (G1 Evacuation Pause) 432M->249M(472M) 11.281ms
[12.048s][info][gc,cpu      ] GC(30) User=0.00s Sys=0.00s Real=0.01s
[12.569s][info][gc,start    ] GC(31) Pause Young (Concurrent Start) (G1 Evacuation Pause)
[12.569s][info][gc,task     ] GC(31) Using 11 workers of 18 for evacuation
[12.578s][info][gc,phases   ] GC(31)   Pre Evacuate Collection Set: 0.16ms
[12.578s][info][gc,phases   ] GC(31)   Merge Heap Roots: 0.12ms
[12.578s][info][gc,phases   ] GC(31)   Evacuate Collection Set: 8.25ms
[12.578s][info][gc,phases   ] GC(31)   Post Evacuate Collection Set: 0.75ms
[12.578s][info][gc,phases   ] GC(31)   Other: 0.07ms
[12.578s][info][gc,heap     ] GC(31) Eden regions: 94->0(91)
[12.578s][info][gc,heap     ] GC(31) Survivor regions: 10->11(13)
[12.578s][info][gc,heap     ] GC(31) Old regions: 94->97
[12.578s][info][gc,heap     ] GC(31) Humongous regions: 21->21
[12.578s][info][gc,metaspace] GC(31) Metaspace: 81507K(82624K)->81507K(82624K) NonClass: 68919K(69504K)->68919K(69504K) Class: 12587K(13120K)->12587K(13120K)
[12.578s][info][gc          ] GC(31) Pause Young (Concurrent Start) (G1 Evacuation Pause) 437M->257M(472M) 9.535ms
[12.578s][info][gc          ] GC(32) Concurrent Mark Cycle
[12.578s][info][gc,cpu      ] GC(31) User=0.00s Sys=0.00s Real=0.02s
[12.578s][info][gc,marking  ] GC(32) Concurrent Scan Root Regions
[12.584s][info][gc,marking  ] GC(32) Concurrent Scan Root Regions 5.374ms
[12.584s][info][gc,marking  ] GC(32) Concurrent Mark
[12.584s][info][gc,marking  ] GC(32) Concurrent Mark From Roots
[12.584s][info][gc,task     ] GC(32) Using 5 workers of 5 for marking
[12.628s][info][gc,marking  ] GC(32) Concurrent Mark From Roots 44.290ms
[12.628s][info][gc,marking  ] GC(32) Concurrent Preclean
[12.628s][info][gc,marking  ] GC(32) Concurrent Preclean 0.187ms
[12.628s][info][gc,start    ] GC(32) Pause Remark
[12.634s][info][gc          ] GC(32) Pause Remark 318M->318M(472M) 5.856ms
[12.634s][info][gc,cpu      ] GC(32) User=0.16s Sys=0.02s Real=0.00s
[12.634s][info][gc,marking  ] GC(32) Concurrent Mark 50.587ms
[12.634s][info][gc,marking  ] GC(32) Concurrent Rebuild Remembered Sets and Scrub Regions
[12.678s][info][gc,marking  ] GC(32) Concurrent Rebuild Remembered Sets and Scrub Regions 43.867ms
[12.678s][info][gc,start    ] GC(32) Pause Cleanup
[12.679s][info][gc          ] GC(32) Pause Cleanup 326M->326M(472M) 0.182ms
[12.679s][info][gc,cpu      ] GC(32) User=0.02s Sys=0.00s Real=0.00s
[12.679s][info][gc,marking  ] GC(32) Concurrent Clear Claimed Marks
[12.679s][info][gc,marking  ] GC(32) Concurrent Clear Claimed Marks 0.069ms
[12.679s][info][gc,marking  ] GC(32) Concurrent Cleanup for Next Mark
[12.679s][info][gc,marking  ] GC(32) Concurrent Cleanup for Next Mark 0.356ms
[12.679s][info][gc          ] GC(32) Concurrent Mark Cycle 100.815ms
[13.135s][info][gc,start    ] GC(33) Pause Young (Prepare Mixed) (G1 Evacuation Pause)
[13.135s][info][gc,task     ] GC(33) Using 11 workers of 18 for evacuation
[13.144s][info][gc,phases   ] GC(33)   Pre Evacuate Collection Set: 0.13ms
[13.144s][info][gc,phases   ] GC(33)   Merge Heap Roots: 0.12ms
[13.144s][info][gc,phases   ] GC(33)   Evacuate Collection Set: 7.34ms
[13.144s][info][gc,phases   ] GC(33)   Post Evacuate Collection Set: 0.69ms
[13.144s][info][gc,phases   ] GC(33)   Other: 0.06ms
[13.144s][info][gc,heap     ] GC(33) Eden regions: 91->0(93)
[13.144s][info][gc,heap     ] GC(33) Survivor regions: 11->5(13)
[13.144s][info][gc,heap     ] GC(33) Old regions: 97->104
[13.144s][info][gc,heap     ] GC(33) Humongous regions: 21->21
[13.144s][info][gc,metaspace] GC(33) Metaspace: 86933K(88128K)->86933K(88128K) NonClass: 73386K(74048K)->73386K(74048K) Class: 13547K(14080K)->13547K(14080K)
[13.144s][info][gc          ] GC(33) Pause Young (Prepare Mixed) (G1 Evacuation Pause) 439M->259M(472M) 8.536ms
[13.144s][info][gc,cpu      ] GC(33) User=0.00s Sys=0.00s Real=0.01s
[13.755s][info][gc,start    ] GC(34) Pause Young (Mixed) (G1 Evacuation Pause)
[13.755s][info][gc,task     ] GC(34) Using 11 workers of 18 for evacuation
[13.765s][info][gc,phases   ] GC(34)   Pre Evacuate Collection Set: 0.15ms
[13.765s][info][gc,phases   ] GC(34)   Merge Heap Roots: 0.12ms
[13.765s][info][gc,phases   ] GC(34)   Evacuate Collection Set: 8.34ms
[13.765s][info][gc,phases   ] GC(34)   Post Evacuate Collection Set: 1.11ms
[13.765s][info][gc,phases   ] GC(34)   Other: 0.07ms
[13.765s][info][gc,heap     ] GC(34) Eden regions: 93->0(134)
[13.765s][info][gc,heap     ] GC(34) Survivor regions: 5->9(13)
[13.765s][info][gc,heap     ] GC(34) Old regions: 104->103
[13.765s][info][gc,heap     ] GC(34) Humongous regions: 21->21
[13.765s][info][gc,metaspace] GC(34) Metaspace: 98631K(99840K)->98631K(99840K) NonClass: 83600K(84224K)->83600K(84224K) Class: 15031K(15616K)->15031K(15616K)
[13.765s][info][gc          ] GC(34) Pause Young (Mixed) (G1 Evacuation Pause) 445M->265M(568M) 10.009ms
[13.765s][info][gc,cpu      ] GC(34) User=0.02s Sys=0.02s Real=0.01s
[14.009s][info][gc,start    ] GC(35) Pause Young (Normal) (G1 Evacuation Pause)
[14.010s][info][gc,task     ] GC(35) Using 13 workers of 18 for evacuation
[14.018s][info][gc,phases   ] GC(35)   Pre Evacuate Collection Set: 0.15ms
[14.018s][info][gc,phases   ] GC(35)   Merge Heap Roots: 0.14ms
[14.018s][info][gc,phases   ] GC(35)   Evacuate Collection Set: 7.08ms
[14.018s][info][gc,phases   ] GC(35)   Post Evacuate Collection Set: 0.74ms
[14.018s][info][gc,phases   ] GC(35)   Other: 0.08ms
[14.018s][info][gc,heap     ] GC(35) Eden regions: 134->0(132)
[14.018s][info][gc,heap     ] GC(35) Survivor regions: 9->12(18)
[14.018s][info][gc,heap     ] GC(35) Old regions: 103->103
[14.018s][info][gc,heap     ] GC(35) Humongous regions: 21->21
[14.018s][info][gc,metaspace] GC(35) Metaspace: 102692K(103936K)->102692K(103936K) NonClass: 86949K(87616K)->86949K(87616K) Class: 15742K(16320K)->15742K(16320K)
[14.018s][info][gc          ] GC(35) Pause Young (Normal) (G1 Evacuation Pause) 533M->270M(568M) 8.386ms
[14.018s][info][gc,cpu      ] GC(35) User=0.00s Sys=0.00s Real=0.01s
[14.128s][info][gc,start    ] GC(36) Pause Young (Normal) (G1 Evacuation Pause)
[14.128s][info][gc,task     ] GC(36) Using 13 workers of 18 for evacuation
[14.135s][info][gc,phases   ] GC(36)   Pre Evacuate Collection Set: 0.13ms
[14.135s][info][gc,phases   ] GC(36)   Merge Heap Roots: 0.10ms
[14.135s][info][gc,phases   ] GC(36)   Evacuate Collection Set: 6.23ms
[14.135s][info][gc,phases   ] GC(36)   Post Evacuate Collection Set: 0.76ms
[14.135s][info][gc,phases   ] GC(36)   Other: 0.06ms
[14.135s][info][gc,heap     ] GC(36) Eden regions: 132->0(132)
[14.135s][info][gc,heap     ] GC(36) Survivor regions: 12->9(18)
[14.135s][info][gc,heap     ] GC(36) Old regions: 103->107
[14.135s][info][gc,heap     ] GC(36) Humongous regions: 21->21
[14.135s][info][gc,metaspace] GC(36) Metaspace: 103176K(104384K)->103176K(104384K) NonClass: 87410K(88064K)->87410K(88064K) Class: 15765K(16320K)->15765K(16320K)
[14.135s][info][gc          ] GC(36) Pause Young (Normal) (G1 Evacuation Pause) 534M->271M(568M) 7.492ms
[14.135s][info][gc,cpu      ] GC(36) User=0.23s Sys=0.00s Real=0.01s
[15.200s][info][gc,start    ] GC(37) Pause Young (Concurrent Start) (G1 Evacuation Pause)
[15.200s][info][gc,task     ] GC(37) Using 13 workers of 18 for evacuation
[15.212s][info][gc,phases   ] GC(37)   Pre Evacuate Collection Set: 0.19ms
[15.212s][info][gc,phases   ] GC(37)   Merge Heap Roots: 0.11ms
[15.212s][info][gc,phases   ] GC(37)   Evacuate Collection Set: 10.29ms
[15.212s][info][gc,phases   ] GC(37)   Post Evacuate Collection Set: 1.25ms
[15.212s][info][gc,phases   ] GC(37)   Other: 0.08ms
[15.212s][info][gc,heap     ] GC(37) Eden regions: 132->0(126)
[15.212s][info][gc,heap     ] GC(37) Survivor regions: 9->15(18)
[15.212s][info][gc,heap     ] GC(37) Old regions: 107->107
[15.212s][info][gc,heap     ] GC(37) Humongous regions: 21->21
[15.212s][info][gc,metaspace] GC(37) Metaspace: 124218K(125568K)->124218K(125568K) NonClass: 103814K(104512K)->103814K(104512K) Class: 20403K(21056K)->20403K(21056K)
[15.212s][info][gc          ] GC(37) Pause Young (Concurrent Start) (G1 Evacuation Pause) 535M->282M(568M) 12.159ms
[15.212s][info][gc          ] GC(38) Concurrent Mark Cycle
[15.212s][info][gc,cpu      ] GC(37) User=0.22s Sys=0.00s Real=0.01s
[15.212s][info][gc,marking  ] GC(38) Concurrent Scan Root Regions
[15.217s][info][gc,marking  ] GC(38) Concurrent Scan Root Regions 4.432ms
[15.217s][info][gc,marking  ] GC(38) Concurrent Mark
[15.217s][info][gc,marking  ] GC(38) Concurrent Mark From Roots
[15.217s][info][gc,task     ] GC(38) Using 5 workers of 5 for marking
[15.271s][info][gc,marking  ] GC(38) Concurrent Mark From Roots 53.818ms
[15.271s][info][gc,marking  ] GC(38) Concurrent Preclean
[15.271s][info][gc,marking  ] GC(38) Concurrent Preclean 0.433ms
[15.271s][info][gc,start    ] GC(38) Pause Remark
[15.277s][info][gc          ] GC(38) Pause Remark 316M->316M(568M) 6.083ms
[15.277s][info][gc,cpu      ] GC(38) User=0.00s Sys=0.00s Real=0.01s
[15.278s][info][gc,marking  ] GC(38) Concurrent Mark 60.794ms
[15.278s][info][gc,marking  ] GC(38) Concurrent Rebuild Remembered Sets and Scrub Regions
[15.329s][info][gc,marking  ] GC(38) Concurrent Rebuild Remembered Sets and Scrub Regions 51.916ms
[15.338s][info][gc,start    ] GC(38) Pause Cleanup
[15.338s][info][gc          ] GC(38) Pause Cleanup 324M->324M(568M) 0.169ms
[15.338s][info][gc,cpu      ] GC(38) User=0.00s Sys=0.00s Real=0.00s
[15.338s][info][gc,marking  ] GC(38) Concurrent Clear Claimed Marks
[15.338s][info][gc,marking  ] GC(38) Concurrent Clear Claimed Marks 0.133ms
[15.338s][info][gc,marking  ] GC(38) Concurrent Cleanup for Next Mark
[15.339s][info][gc,marking  ] GC(38) Concurrent Cleanup for Next Mark 0.578ms
[15.339s][info][gc          ] GC(38) Concurrent Mark Cycle 126.564ms
[15.565s][info][gc,start    ] GC(39) Pause Young (Prepare Mixed) (G1 Evacuation Pause)
[15.565s][info][gc,task     ] GC(39) Using 13 workers of 18 for evacuation
[15.579s][info][gc,phases   ] GC(39)   Pre Evacuate Collection Set: 0.26ms
[15.579s][info][gc,phases   ] GC(39)   Merge Heap Roots: 0.12ms
[15.579s][info][gc,phases   ] GC(39)   Evacuate Collection Set: 11.79ms
[15.579s][info][gc,phases   ] GC(39)   Post Evacuate Collection Set: 1.03ms
[15.579s][info][gc,phases   ] GC(39)   Other: 0.06ms
[15.579s][info][gc,heap     ] GC(39) Eden regions: 126->0(121)
[15.579s][info][gc,heap     ] GC(39) Survivor regions: 15->18(18)
[15.579s][info][gc,heap     ] GC(39) Old regions: 107->113
[15.579s][info][gc,heap     ] GC(39) Humongous regions: 21->21
[15.579s][info][gc,metaspace] GC(39) Metaspace: 125982K(127424K)->125982K(127424K) NonClass: 105251K(105984K)->105251K(105984K) Class: 20730K(21440K)->20730K(21440K)
[15.579s][info][gc          ] GC(39) Pause Young (Prepare Mixed) (G1 Evacuation Pause) 534M->302M(586M) 13.477ms
[15.579s][info][gc,cpu      ] GC(39) User=0.19s Sys=0.02s Real=0.01s
[15.734s][info][gc,start    ] GC(40) Pause Young (Mixed) (G1 Evacuation Pause)
[15.734s][info][gc,task     ] GC(40) Using 14 workers of 18 for evacuation
[15.749s][info][gc,phases   ] GC(40)   Pre Evacuate Collection Set: 0.15ms
[15.749s][info][gc,phases   ] GC(40)   Merge Heap Roots: 0.11ms
[15.749s][info][gc,phases   ] GC(40)   Evacuate Collection Set: 13.49ms
[15.749s][info][gc,phases   ] GC(40)   Post Evacuate Collection Set: 0.64ms
[15.749s][info][gc,phases   ] GC(40)   Other: 0.06ms
[15.749s][info][gc,heap     ] GC(40) Eden regions: 121->0(119)
[15.749s][info][gc,heap     ] GC(40) Survivor regions: 18->13(18)
[15.749s][info][gc,heap     ] GC(40) Old regions: 113->129
[15.749s][info][gc,heap     ] GC(40) Humongous regions: 21->21
[15.749s][info][gc,metaspace] GC(40) Metaspace: 125993K(127424K)->125993K(127424K) NonClass: 105263K(105984K)->105263K(105984K) Class: 20730K(21440K)->20730K(21440K)
[15.749s][info][gc          ] GC(40) Pause Young (Mixed) (G1 Evacuation Pause) 544M->325M(612M) 14.647ms
[15.749s][info][gc,cpu      ] GC(40) User=0.22s Sys=0.00s Real=0.01s
[16.363s][info][gc,start    ] GC(41) Pause Young (Concurrent Start) (G1 Evacuation Pause)
[16.363s][info][gc,task     ] GC(41) Using 14 workers of 18 for evacuation
[16.374s][info][gc,phases   ] GC(41)   Pre Evacuate Collection Set: 0.18ms
[16.374s][info][gc,phases   ] GC(41)   Merge Heap Roots: 0.12ms
[16.374s][info][gc,phases   ] GC(41)   Evacuate Collection Set: 9.29ms
[16.374s][info][gc,phases   ] GC(41)   Post Evacuate Collection Set: 1.40ms
[16.374s][info][gc,phases   ] GC(41)   Other: 0.08ms
[16.374s][info][gc,heap     ] GC(41) Eden regions: 119->0(237)
[16.374s][info][gc,heap     ] GC(41) Survivor regions: 13->12(17)
[16.374s][info][gc,heap     ] GC(41) Old regions: 129->142
[16.374s][info][gc,heap     ] GC(41) Humongous regions: 21->21
[16.374s][info][gc,metaspace] GC(41) Metaspace: 129511K(130944K)->129511K(130944K) NonClass: 108041K(108800K)->108041K(108800K) Class: 21470K(22144K)->21470K(22144K)
[16.374s][info][gc          ] GC(41) Pause Young (Concurrent Start) (G1 Evacuation Pause) 563M->349M(896M) 11.287ms
[16.374s][info][gc          ] GC(42) Concurrent Mark Cycle
[16.374s][info][gc,cpu      ] GC(41) User=0.22s Sys=0.00s Real=0.01s
[16.374s][info][gc,marking  ] GC(42) Concurrent Scan Root Regions
[16.381s][info][gc,marking  ] GC(42) Concurrent Scan Root Regions 6.750ms
[16.381s][info][gc,marking  ] GC(42) Concurrent Mark
[16.381s][info][gc,marking  ] GC(42) Concurrent Mark From Roots
[16.381s][info][gc,task     ] GC(42) Using 5 workers of 5 for marking
[16.446s][info][gc,marking  ] GC(42) Concurrent Mark From Roots 65.195ms
[16.446s][info][gc,marking  ] GC(42) Concurrent Preclean
[16.446s][info][gc,marking  ] GC(42) Concurrent Preclean 0.423ms
[16.447s][info][gc,start    ] GC(42) Pause Remark
[16.464s][info][gc          ] GC(42) Pause Remark 371M->371M(896M) 17.916ms
[16.465s][info][gc,cpu      ] GC(42) User=0.23s Sys=0.00s Real=0.02s
[16.465s][info][gc,marking  ] GC(42) Concurrent Mark 83.794ms
[16.465s][info][gc,marking  ] GC(42) Concurrent Rebuild Remembered Sets and Scrub Regions
[16.542s][info][gc,marking  ] GC(42) Concurrent Rebuild Remembered Sets and Scrub Regions 77.593ms
[16.542s][info][gc,start    ] GC(42) Pause Cleanup
[16.542s][info][gc          ] GC(42) Pause Cleanup 403M->403M(896M) 0.168ms
[16.542s][info][gc,cpu      ] GC(42) User=0.00s Sys=0.00s Real=0.00s
[16.543s][info][gc,marking  ] GC(42) Concurrent Clear Claimed Marks
[16.543s][info][gc,marking  ] GC(42) Concurrent Clear Claimed Marks 0.092ms
[16.543s][info][gc,marking  ] GC(42) Concurrent Cleanup for Next Mark
[16.544s][info][gc,marking  ] GC(42) Concurrent Cleanup for Next Mark 1.126ms
[16.544s][info][gc          ] GC(42) Concurrent Mark Cycle 169.831ms
[17.556s][info][gc,start    ] GC(43) Pause Young (Prepare Mixed) (GCLocker Initiated GC)
[17.557s][info][gc,task     ] GC(43) Using 18 workers of 18 for evacuation
[17.573s][info][gc,phases   ] GC(43)   Pre Evacuate Collection Set: 0.22ms
[17.573s][info][gc,phases   ] GC(43)   Merge Heap Roots: 0.23ms
[17.573s][info][gc,phases   ] GC(43)   Evacuate Collection Set: 14.69ms
[17.573s][info][gc,phases   ] GC(43)   Post Evacuate Collection Set: 1.45ms
[17.573s][info][gc,phases   ] GC(43)   Other: 0.12ms
[17.573s][info][gc,heap     ] GC(43) Eden regions: 237->0(215)
[17.573s][info][gc,heap     ] GC(43) Survivor regions: 12->27(32)
[17.573s][info][gc,heap     ] GC(43) Old regions: 142->142
[17.573s][info][gc,heap     ] GC(43) Humongous regions: 23->21
[17.573s][info][gc,metaspace] GC(43) Metaspace: 141040K(142656K)->141040K(142656K) NonClass: 117608K(118464K)->117608K(118464K) Class: 23431K(24192K)->23431K(24192K)
[17.573s][info][gc          ] GC(43) Pause Young (Prepare Mixed) (GCLocker Initiated GC) 827M->377M(896M) 16.934ms
[17.573s][info][gc,cpu      ] GC(43) User=0.31s Sys=0.03s Real=0.02s
[17.856s][info][gc,start    ] GC(44) Pause Young (Mixed) (GCLocker Initiated GC)
[17.856s][info][gc,task     ] GC(44) Using 18 workers of 18 for evacuation
[17.879s][info][gc,phases   ] GC(44)   Pre Evacuate Collection Set: 0.23ms
[17.879s][info][gc,phases   ] GC(44)   Merge Heap Roots: 0.21ms
[17.879s][info][gc,phases   ] GC(44)   Evacuate Collection Set: 21.32ms
[17.879s][info][gc,phases   ] GC(44)   Post Evacuate Collection Set: 1.11ms
[17.879s][info][gc,phases   ] GC(44)   Other: 0.11ms
[17.879s][info][gc,heap     ] GC(44) Eden regions: 215->0(206)
[17.879s][info][gc,heap     ] GC(44) Survivor regions: 27->29(31)
[17.879s][info][gc,heap     ] GC(44) Old regions: 142->152
[17.879s][info][gc,heap     ] GC(44) Humongous regions: 21->21
[17.879s][info][gc,metaspace] GC(44) Metaspace: 143166K(144768K)->143166K(144768K) NonClass: 119399K(120256K)->119399K(120256K) Class: 23766K(24512K)->23766K(24512K)
[17.879s][info][gc          ] GC(44) Pause Young (Mixed) (GCLocker Initiated GC) 807M->401M(896M) 23.228ms
[17.880s][info][gc,cpu      ] GC(44) User=0.25s Sys=0.00s Real=0.02s
[17.942s][info][gc,start    ] GC(45) Pause Young (Concurrent Start) (G1 Humongous Allocation)
[17.942s][info][gc,task     ] GC(45) Using 18 workers of 18 for evacuation
[17.957s][info][gc,phases   ] GC(45)   Pre Evacuate Collection Set: 0.29ms
[17.957s][info][gc,phases   ] GC(45)   Merge Heap Roots: 0.16ms
[17.957s][info][gc,phases   ] GC(45)   Evacuate Collection Set: 12.53ms
[17.957s][info][gc,phases   ] GC(45)   Post Evacuate Collection Set: 1.64ms
[17.957s][info][gc,phases   ] GC(45)   Other: 0.14ms
[17.957s][info][gc,heap     ] GC(45) Eden regions: 52->0(193)
[17.957s][info][gc,heap     ] GC(45) Survivor regions: 29->19(30)
[17.957s][info][gc,heap     ] GC(45) Old regions: 152->165
[17.957s][info][gc,heap     ] GC(45) Humongous regions: 21->21
[17.957s][info][gc,metaspace] GC(45) Metaspace: 143475K(145152K)->143475K(145152K) NonClass: 119669K(120576K)->119669K(120576K) Class: 23805K(24576K)->23805K(24576K)
[17.957s][info][gc          ] GC(45) Pause Young (Concurrent Start) (G1 Humongous Allocation) 504M->408M(896M) 15.066ms
[17.957s][info][gc          ] GC(46) Concurrent Mark Cycle
[17.957s][info][gc,cpu      ] GC(45) User=0.02s Sys=0.00s Real=0.02s
[17.957s][info][gc,marking  ] GC(46) Concurrent Scan Root Regions
[17.970s][info][gc,marking  ] GC(46) Concurrent Scan Root Regions 12.553ms
[17.970s][info][gc,marking  ] GC(46) Concurrent Mark
[17.970s][info][gc,marking  ] GC(46) Concurrent Mark From Roots
[17.970s][info][gc,task     ] GC(46) Using 5 workers of 5 for marking
[18.082s][info][gc,marking  ] GC(46) Concurrent Mark From Roots 112.550ms
[18.082s][info][gc,marking  ] GC(46) Concurrent Preclean
[18.083s][info][gc,marking  ] GC(46) Concurrent Preclean 0.879ms
[18.088s][info][gc,start    ] GC(46) Pause Remark
[18.099s][info][gc          ] GC(46) Pause Remark 584M->584M(896M) 10.368ms
[18.099s][info][gc,cpu      ] GC(46) User=0.05s Sys=0.02s Real=0.01s
[18.099s][info][gc,marking  ] GC(46) Concurrent Mark 129.190ms
[18.099s][info][gc,marking  ] GC(46) Concurrent Rebuild Remembered Sets and Scrub Regions
[18.210s][info][gc,marking  ] GC(46) Concurrent Rebuild Remembered Sets and Scrub Regions 110.712ms
[18.217s][info][gc,start    ] GC(46) Pause Cleanup
[18.217s][info][gc          ] GC(46) Pause Cleanup 786M->786M(896M) 0.277ms
[18.217s][info][gc,cpu      ] GC(46) User=0.00s Sys=0.00s Real=0.00s
[18.217s][info][gc,marking  ] GC(46) Concurrent Clear Claimed Marks
[18.218s][info][gc,marking  ] GC(46) Concurrent Clear Claimed Marks 0.217ms
[18.218s][info][gc,marking  ] GC(46) Concurrent Cleanup for Next Mark
[18.219s][info][gc,marking  ] GC(46) Concurrent Cleanup for Next Mark 1.034ms
[18.219s][info][gc          ] GC(46) Concurrent Mark Cycle 261.560ms
[18.289s][info][gc,start    ] GC(47) Pause Young (Prepare Mixed) (G1 Evacuation Pause)
[18.290s][info][gc,task     ] GC(47) Using 18 workers of 18 for evacuation
[18.301s][info][gc,phases   ] GC(47)   Pre Evacuate Collection Set: 0.25ms
[18.301s][info][gc,phases   ] GC(47)   Merge Heap Roots: 0.16ms
[18.301s][info][gc,phases   ] GC(47)   Evacuate Collection Set: 9.24ms
[18.301s][info][gc,phases   ] GC(47)   Post Evacuate Collection Set: 1.17ms
[18.301s][info][gc,phases   ] GC(47)   Other: 0.13ms
[18.301s][info][gc,heap     ] GC(47) Eden regions: 193->0(193)
[18.301s][info][gc,heap     ] GC(47) Survivor regions: 19->11(27)
[18.301s][info][gc,heap     ] GC(47) Old regions: 165->178
[18.301s][info][gc,heap     ] GC(47) Humongous regions: 29->24
[18.301s][info][gc,metaspace] GC(47) Metaspace: 144724K(146368K)->144724K(146368K) NonClass: 120731K(121600K)->120731K(121600K) Class: 23993K(24768K)->23993K(24768K)
[18.301s][info][gc          ] GC(47) Pause Young (Prepare Mixed) (G1 Evacuation Pause) 810M->424M(896M) 11.219ms
[18.301s][info][gc,cpu      ] GC(47) User=0.00s Sys=0.00s Real=0.01s
[18.862s][info][gc,start    ] GC(48) Pause Young (Mixed) (G1 Evacuation Pause)
[18.862s][info][gc,task     ] GC(48) Using 18 workers of 18 for evacuation
[18.876s][info][gc,phases   ] GC(48)   Pre Evacuate Collection Set: 0.18ms
[18.876s][info][gc,phases   ] GC(48)   Merge Heap Roots: 0.15ms
[18.876s][info][gc,phases   ] GC(48)   Evacuate Collection Set: 12.83ms
[18.876s][info][gc,phases   ] GC(48)   Post Evacuate Collection Set: 0.78ms
[18.876s][info][gc,phases   ] GC(48)   Other: 0.07ms
[18.876s][info][gc,heap     ] GC(48) Eden regions: 193->0(196)
[18.876s][info][gc,heap     ] GC(48) Survivor regions: 11->15(26)
[18.876s][info][gc,heap     ] GC(48) Old regions: 178->178
[18.876s][info][gc,heap     ] GC(48) Humongous regions: 24->21
[18.876s][info][gc,metaspace] GC(48) Metaspace: 146817K(148544K)->146817K(148544K) NonClass: 122508K(123456K)->122508K(123456K) Class: 24308K(25088K)->24308K(25088K)
[18.876s][info][gc          ] GC(48) Pause Young (Mixed) (G1 Evacuation Pause) 810M->426M(896M) 14.213ms
[18.876s][info][gc,cpu      ] GC(48) User=0.02s Sys=0.00s Real=0.01s
[19.249s][info][gc,start    ] GC(49) Pause Young (Concurrent Start) (G1 Evacuation Pause)
[19.249s][info][gc,task     ] GC(49) Using 18 workers of 18 for evacuation
[19.258s][info][gc,phases   ] GC(49)   Pre Evacuate Collection Set: 0.32ms
[19.258s][info][gc,phases   ] GC(49)   Merge Heap Roots: 0.12ms
[19.258s][info][gc,phases   ] GC(49)   Evacuate Collection Set: 7.42ms
[19.258s][info][gc,phases   ] GC(49)   Post Evacuate Collection Set: 0.74ms
[19.258s][info][gc,phases   ] GC(49)   Other: 0.08ms
[19.258s][info][gc,heap     ] GC(49) Eden regions: 196->0(196)
[19.258s][info][gc,heap     ] GC(49) Survivor regions: 15->20(27)
[19.258s][info][gc,heap     ] GC(49) Old regions: 178->178
[19.258s][info][gc,heap     ] GC(49) Humongous regions: 21->21
[19.258s][info][gc,metaspace] GC(49) Metaspace: 148031K(149696K)->148031K(149696K) NonClass: 123518K(124416K)->123518K(124416K) Class: 24513K(25280K)->24513K(25280K)
[19.258s][info][gc          ] GC(49) Pause Young (Concurrent Start) (G1 Evacuation Pause) 818M->436M(896M) 8.913ms
[19.258s][info][gc          ] GC(50) Concurrent Mark Cycle
[19.258s][info][gc,cpu      ] GC(49) User=0.30s Sys=0.02s Real=0.01s
[19.258s][info][gc,marking  ] GC(50) Concurrent Scan Root Regions
[19.265s][info][gc,marking  ] GC(50) Concurrent Scan Root Regions 7.005ms
[19.265s][info][gc,marking  ] GC(50) Concurrent Mark
[19.265s][info][gc,marking  ] GC(50) Concurrent Mark From Roots
[19.265s][info][gc,task     ] GC(50) Using 5 workers of 5 for marking
[19.361s][info][gc,marking  ] GC(50) Concurrent Mark From Roots 96.415ms
[19.361s][info][gc,marking  ] GC(50) Concurrent Preclean
[19.362s][info][gc,marking  ] GC(50) Concurrent Preclean 0.769ms
[19.365s][info][gc,start    ] GC(50) Pause Remark
[19.390s][info][gc          ] GC(50) Pause Remark 542M->542M(896M) 24.980ms
[19.390s][info][gc,cpu      ] GC(50) User=0.31s Sys=0.00s Real=0.03s
[19.390s][info][gc,marking  ] GC(50) Concurrent Mark 125.080ms
[19.390s][info][gc,marking  ] GC(50) Concurrent Rebuild Remembered Sets and Scrub Regions
[19.495s][info][gc,marking  ] GC(50) Concurrent Rebuild Remembered Sets and Scrub Regions 105.521ms
[19.496s][info][gc,start    ] GC(50) Pause Cleanup
[19.496s][info][gc          ] GC(50) Pause Cleanup 567M->567M(896M) 0.256ms
[19.496s][info][gc,cpu      ] GC(50) User=0.00s Sys=0.00s Real=0.00s
[19.496s][info][gc,marking  ] GC(50) Concurrent Clear Claimed Marks
[19.496s][info][gc,marking  ] GC(50) Concurrent Clear Claimed Marks 0.133ms
[19.496s][info][gc,marking  ] GC(50) Concurrent Cleanup for Next Mark
[19.497s][info][gc,marking  ] GC(50) Concurrent Cleanup for Next Mark 0.475ms
[19.497s][info][gc          ] GC(50) Concurrent Mark Cycle 238.897ms
[19.812s][info][gc,start    ] GC(51) Pause Young (Prepare Mixed) (G1 Evacuation Pause)
[19.812s][info][gc,task     ] GC(51) Using 18 workers of 18 for evacuation
[19.834s][info][gc,phases   ] GC(51)   Pre Evacuate Collection Set: 0.18ms
[19.834s][info][gc,phases   ] GC(51)   Merge Heap Roots: 0.12ms
[19.834s][info][gc,phases   ] GC(51)   Evacuate Collection Set: 20.70ms
[19.834s][info][gc,phases   ] GC(51)   Post Evacuate Collection Set: 0.75ms
[19.834s][info][gc,phases   ] GC(51)   Other: 0.07ms
[19.834s][info][gc,heap     ] GC(51) Eden regions: 196->0(174)
[19.834s][info][gc,heap     ] GC(51) Survivor regions: 20->27(27)
[19.834s][info][gc,heap     ] GC(51) Old regions: 178->194
[19.834s][info][gc,heap     ] GC(51) Humongous regions: 21->21
[19.834s][info][gc,metaspace] GC(51) Metaspace: 148450K(150080K)->148450K(150080K) NonClass: 123900K(124800K)->123900K(124800K) Class: 24550K(25280K)->24550K(25280K)
[19.834s][info][gc          ] GC(51) Pause Young (Prepare Mixed) (G1 Evacuation Pause) 828M->482M(916M) 22.131ms
[19.834s][info][gc,cpu      ] GC(51) User=0.64s Sys=0.02s Real=0.02s
[20.731s][info][gc,start    ] GC(52) Pause Young (Mixed) (G1 Evacuation Pause)
[20.731s][info][gc,task     ] GC(52) Using 18 workers of 18 for evacuation
[20.764s][info][gc,phases   ] GC(52)   Pre Evacuate Collection Set: 0.24ms
[20.764s][info][gc,phases   ] GC(52)   Merge Heap Roots: 0.21ms
[20.764s][info][gc,phases   ] GC(52)   Evacuate Collection Set: 31.35ms
[20.764s][info][gc,phases   ] GC(52)   Post Evacuate Collection Set: 0.88ms
[20.764s][info][gc,phases   ] GC(52)   Other: 0.08ms
[20.764s][info][gc,heap     ] GC(52) Eden regions: 174->0(156)
[20.764s][info][gc,heap     ] GC(52) Survivor regions: 27->26(26)
[20.764s][info][gc,heap     ] GC(52) Old regions: 194->227
[20.764s][info][gc,heap     ] GC(52) Humongous regions: 28->22
[20.764s][info][gc,metaspace] GC(52) Metaspace: 151282K(152896K)->151282K(152896K) NonClass: 126332K(127232K)->126332K(127232K) Class: 24949K(25664K)->24949K(25664K)
[20.764s][info][gc          ] GC(52) Pause Young (Mixed) (G1 Evacuation Pause) 844M->550M(974M) 32.974ms
[20.764s][info][gc,cpu      ] GC(52) User=0.55s Sys=0.02s Real=0.03s
[21.152s][info][gc,start    ] GC(53) Pause Young (Concurrent Start) (G1 Humongous Allocation)
[21.152s][info][gc,task     ] GC(53) Using 18 workers of 18 for evacuation
[21.163s][info][gc,phases   ] GC(53)   Pre Evacuate Collection Set: 0.31ms
[21.163s][info][gc,phases   ] GC(53)   Merge Heap Roots: 0.15ms
[21.163s][info][gc,phases   ] GC(53)   Evacuate Collection Set: 10.00ms
[21.163s][info][gc,phases   ] GC(53)   Post Evacuate Collection Set: 0.65ms
[21.163s][info][gc,phases   ] GC(53)   Other: 0.08ms
[21.163s][info][gc,heap     ] GC(53) Eden regions: 22->0(156)
[21.163s][info][gc,heap     ] GC(53) Survivor regions: 26->6(23)
[21.163s][info][gc,heap     ] GC(53) Old regions: 227->256
[21.163s][info][gc,heap     ] GC(53) Humongous regions: 22->22
[21.163s][info][gc,metaspace] GC(53) Metaspace: 152576K(154240K)->152576K(154240K) NonClass: 127420K(128320K)->127420K(128320K) Class: 25156K(25920K)->25156K(25920K)
[21.163s][info][gc          ] GC(53) Pause Young (Concurrent Start) (G1 Humongous Allocation) 593M->567M(974M) 11.422ms
[21.163s][info][gc          ] GC(54) Concurrent Mark Cycle
[21.163s][info][gc,cpu      ] GC(53) User=0.27s Sys=0.02s Real=0.01s
[21.163s][info][gc,marking  ] GC(54) Concurrent Scan Root Regions
[21.173s][info][gc,marking  ] GC(54) Concurrent Scan Root Regions 9.060ms
[21.173s][info][gc,marking  ] GC(54) Concurrent Mark
[21.173s][info][gc,marking  ] GC(54) Concurrent Mark From Roots
[21.173s][info][gc,task     ] GC(54) Using 5 workers of 5 for marking
[21.298s][info][gc,marking  ] GC(54) Concurrent Mark From Roots 125.490ms
[21.298s][info][gc,marking  ] GC(54) Concurrent Preclean
[21.299s][info][gc,marking  ] GC(54) Concurrent Preclean 0.649ms
[21.299s][info][gc,start    ] GC(54) Pause Remark
[21.306s][info][gc          ] GC(54) Pause Remark 582M->582M(974M) 6.981ms
[21.306s][info][gc,cpu      ] GC(54) User=0.19s Sys=0.00s Real=0.01s
[21.306s][info][gc,marking  ] GC(54) Concurrent Mark 133.429ms
[21.306s][info][gc,marking  ] GC(54) Concurrent Rebuild Remembered Sets and Scrub Regions
[21.445s][info][gc,marking  ] GC(54) Concurrent Rebuild Remembered Sets and Scrub Regions 138.484ms
[21.445s][info][gc,start    ] GC(54) Pause Cleanup
[21.445s][info][gc          ] GC(54) Pause Cleanup 583M->583M(974M) 0.227ms
[21.445s][info][gc,cpu      ] GC(54) User=0.00s Sys=0.00s Real=0.00s
[21.445s][info][gc,marking  ] GC(54) Concurrent Clear Claimed Marks
[21.445s][info][gc,marking  ] GC(54) Concurrent Clear Claimed Marks 0.105ms
[21.445s][info][gc,marking  ] GC(54) Concurrent Cleanup for Next Mark
[21.445s][info][gc,marking  ] GC(54) Concurrent Cleanup for Next Mark 0.411ms
[21.445s][info][gc          ] GC(54) Concurrent Mark Cycle 282.047ms
[46.041s][info][gc,start    ] GC(55) Pause Young (Prepare Mixed) (G1 Evacuation Pause)
[46.042s][info][gc,task     ] GC(55) Using 18 workers of 18 for evacuation
[46.046s][info][gc,phases   ] GC(55)   Pre Evacuate Collection Set: 0.17ms
[46.046s][info][gc,phases   ] GC(55)   Merge Heap Roots: 0.15ms
[46.046s][info][gc,phases   ] GC(55)   Evacuate Collection Set: 3.21ms
[46.046s][info][gc,phases   ] GC(55)   Post Evacuate Collection Set: 0.86ms
[46.046s][info][gc,phases   ] GC(55)   Other: 0.08ms
[46.046s][info][gc,heap     ] GC(55) Eden regions: 156->0(162)
[46.046s][info][gc,heap     ] GC(55) Survivor regions: 6->7(21)
[46.046s][info][gc,heap     ] GC(55) Old regions: 256->256
[46.046s][info][gc,heap     ] GC(55) Humongous regions: 23->22
[46.046s][info][gc,metaspace] GC(55) Metaspace: 157640K(159360K)->157640K(159360K) NonClass: 131692K(132608K)->131692K(132608K) Class: 25947K(26752K)->25947K(26752K)
[46.046s][info][gc          ] GC(55) Pause Young (Prepare Mixed) (G1 Evacuation Pause) 881M->568M(974M) 4.679ms
[46.046s][info][gc,cpu      ] GC(55) User=0.00s Sys=0.00s Real=0.01s
[46.566s][info][gc,start    ] GC(56) Pause Young (Mixed) (G1 Evacuation Pause)
[46.566s][info][gc,task     ] GC(56) Using 18 workers of 18 for evacuation
[46.574s][info][gc,phases   ] GC(56)   Pre Evacuate Collection Set: 0.19ms
[46.574s][info][gc,phases   ] GC(56)   Merge Heap Roots: 0.16ms
[46.574s][info][gc,phases   ] GC(56)   Evacuate Collection Set: 6.37ms
[46.574s][info][gc,phases   ] GC(56)   Post Evacuate Collection Set: 0.97ms
[46.574s][info][gc,phases   ] GC(56)   Other: 0.07ms
[46.574s][info][gc,heap     ] GC(56) Eden regions: 162->0(165)
[46.574s][info][gc,heap     ] GC(56) Survivor regions: 7->13(22)
[46.574s][info][gc,heap     ] GC(56) Old regions: 256->251
[46.574s][info][gc,heap     ] GC(56) Humongous regions: 22->22
[46.574s][info][gc,metaspace] GC(56) Metaspace: 159137K(160832K)->159137K(160832K) NonClass: 132871K(133824K)->132871K(133824K) Class: 26266K(27008K)->26266K(27008K)
[46.574s][info][gc          ] GC(56) Pause Young (Mixed) (G1 Evacuation Pause) 892M->569M(974M) 7.960ms
[46.574s][info][gc,cpu      ] GC(56) User=0.30s Sys=0.02s Real=0.01s
[46.659s][info][gc,start    ] GC(57) Pause Young (Concurrent Start) (G1 Evacuation Pause)
[46.659s][info][gc,task     ] GC(57) Using 18 workers of 18 for evacuation
[46.669s][info][gc,phases   ] GC(57)   Pre Evacuate Collection Set: 0.27ms
[46.669s][info][gc,phases   ] GC(57)   Merge Heap Roots: 0.12ms
[46.669s][info][gc,phases   ] GC(57)   Evacuate Collection Set: 7.87ms
[46.669s][info][gc,phases   ] GC(57)   Post Evacuate Collection Set: 1.16ms
[46.669s][info][gc,phases   ] GC(57)   Other: 0.10ms
[46.669s][info][gc,heap     ] GC(57) Eden regions: 165->0(161)
[46.669s][info][gc,heap     ] GC(57) Survivor regions: 13->20(23)
[46.669s][info][gc,heap     ] GC(57) Old regions: 251->251
[46.669s][info][gc,heap     ] GC(57) Humongous regions: 22->22
[46.669s][info][gc,metaspace] GC(57) Metaspace: 159221K(160960K)->159221K(160960K) NonClass: 132940K(133888K)->132940K(133888K) Class: 26280K(27072K)->26280K(27072K)
[46.669s][info][gc          ] GC(57) Pause Young (Concurrent Start) (G1 Evacuation Pause) 899M->585M(974M) 9.756ms
[46.669s][info][gc          ] GC(58) Concurrent Mark Cycle
[46.669s][info][gc,marking  ] GC(58) Concurrent Scan Root Regions
[46.669s][info][gc,cpu      ] GC(57) User=0.33s Sys=0.02s Real=0.01s
[46.676s][info][gc,marking  ] GC(58) Concurrent Scan Root Regions 6.736ms
[46.676s][info][gc,marking  ] GC(58) Concurrent Mark
[46.676s][info][gc,marking  ] GC(58) Concurrent Mark From Roots
[46.676s][info][gc,task     ] GC(58) Using 5 workers of 5 for marking
[46.818s][info][gc,marking  ] GC(58) Concurrent Mark From Roots 141.826ms
[46.818s][info][gc,marking  ] GC(58) Concurrent Preclean
[46.819s][info][gc,marking  ] GC(58) Concurrent Preclean 0.861ms
[46.819s][info][gc,start    ] GC(58) Pause Remark
[46.828s][info][gc          ] GC(58) Pause Remark 616M->616M(978M) 9.071ms
[46.828s][info][gc,cpu      ] GC(58) User=0.00s Sys=0.00s Real=0.01s
[46.828s][info][gc,marking  ] GC(58) Concurrent Mark 152.168ms
[46.828s][info][gc,marking  ] GC(58) Concurrent Rebuild Remembered Sets and Scrub Regions
[46.978s][info][gc,marking  ] GC(58) Concurrent Rebuild Remembered Sets and Scrub Regions 149.804ms
[46.978s][info][gc,start    ] GC(58) Pause Cleanup
[46.979s][info][gc          ] GC(58) Pause Cleanup 642M->642M(978M) 0.232ms
[46.979s][info][gc,cpu      ] GC(58) User=0.00s Sys=0.00s Real=0.00s
[46.979s][info][gc,marking  ] GC(58) Concurrent Clear Claimed Marks
[46.979s][info][gc,marking  ] GC(58) Concurrent Clear Claimed Marks 0.140ms
[46.979s][info][gc,marking  ] GC(58) Concurrent Cleanup for Next Mark
[46.979s][info][gc,marking  ] GC(58) Concurrent Cleanup for Next Mark 0.718ms
[46.980s][info][gc          ] GC(58) Concurrent Mark Cycle 310.295ms
[47.530s][info][gc,start    ] GC(59) Pause Young (Prepare Mixed) (G1 Evacuation Pause)
[47.530s][info][gc,task     ] GC(59) Using 18 workers of 18 for evacuation
[47.541s][info][gc,phases   ] GC(59)   Pre Evacuate Collection Set: 0.17ms
[47.541s][info][gc,phases   ] GC(59)   Merge Heap Roots: 0.20ms
[47.541s][info][gc,phases   ] GC(59)   Evacuate Collection Set: 9.95ms
[47.541s][info][gc,phases   ] GC(59)   Post Evacuate Collection Set: 0.74ms
[47.541s][info][gc,phases   ] GC(59)   Other: 0.07ms
[47.541s][info][gc,heap     ] GC(59) Eden regions: 161->0(164)
[47.541s][info][gc,heap     ] GC(59) Survivor regions: 20->12(23)
[47.542s][info][gc,heap     ] GC(59) Old regions: 251->259
[47.542s][info][gc,heap     ] GC(59) Humongous regions: 22->22
[47.542s][info][gc,metaspace] GC(59) Metaspace: 160350K(162048K)->160350K(162048K) NonClass: 133842K(134784K)->133842K(134784K) Class: 26508K(27264K)->26508K(27264K)
[47.542s][info][gc          ] GC(59) Pause Young (Prepare Mixed) (G1 Evacuation Pause) 907M->584M(978M) 11.318ms
[47.542s][info][gc,cpu      ] GC(59) User=0.28s Sys=0.00s Real=0.01s
[63.905s][info][gc,start    ] GC(60) Pause Young (Mixed) (G1 Evacuation Pause)
[63.905s][info][gc,task     ] GC(60) Using 18 workers of 18 for evacuation
[63.917s][info][gc,phases   ] GC(60)   Pre Evacuate Collection Set: 0.19ms
[63.917s][info][gc,phases   ] GC(60)   Merge Heap Roots: 0.22ms
[63.917s][info][gc,phases   ] GC(60)   Evacuate Collection Set: 10.90ms
[63.917s][info][gc,phases   ] GC(60)   Post Evacuate Collection Set: 0.71ms
[63.917s][info][gc,phases   ] GC(60)   Other: 0.07ms
[63.917s][info][gc,heap     ] GC(60) Eden regions: 164->0(162)
[63.917s][info][gc,heap     ] GC(60) Survivor regions: 12->19(22)
[63.917s][info][gc,heap     ] GC(60) Old regions: 259->256
[63.917s][info][gc,heap     ] GC(60) Humongous regions: 22->22
[63.917s][info][gc,metaspace] GC(60) Metaspace: 163000K(164672K)->163000K(164672K) NonClass: 136104K(137024K)->136104K(137024K) Class: 26895K(27648K)->26895K(27648K)
[63.917s][info][gc          ] GC(60) Pause Young (Mixed) (G1 Evacuation Pause) 912M->591M(978M) 12.282ms
[63.917s][info][gc,cpu      ] GC(60) User=0.30s Sys=0.00s Real=0.01s
[64.696s][info][gc,start    ] GC(61) Pause Young (Concurrent Start) (G1 Evacuation Pause)
[64.696s][info][gc,task     ] GC(61) Using 18 workers of 18 for evacuation
[64.707s][info][gc,phases   ] GC(61)   Pre Evacuate Collection Set: 0.21ms
[64.707s][info][gc,phases   ] GC(61)   Merge Heap Roots: 0.18ms
[64.707s][info][gc,phases   ] GC(61)   Evacuate Collection Set: 9.15ms
[64.707s][info][gc,phases   ] GC(61)   Post Evacuate Collection Set: 0.92ms
[64.707s][info][gc,phases   ] GC(61)   Other: 0.08ms
[64.707s][info][gc,heap     ] GC(61) Eden regions: 162->0(163)
[64.707s][info][gc,heap     ] GC(61) Survivor regions: 19->12(23)
[64.707s][info][gc,heap     ] GC(61) Old regions: 256->266
[64.707s][info][gc,heap     ] GC(61) Humongous regions: 22->22
[64.707s][info][gc,metaspace] GC(61) Metaspace: 169541K(171392K)->169541K(171392K) NonClass: 141823K(142848K)->141823K(142848K) Class: 27717K(28544K)->27717K(28544K)
[64.707s][info][gc          ] GC(61) Pause Young (Concurrent Start) (G1 Evacuation Pause) 915M->599M(978M) 10.746ms
[64.707s][info][gc          ] GC(62) Concurrent Mark Cycle
[64.707s][info][gc,cpu      ] GC(61) User=0.00s Sys=0.00s Real=0.01s
[64.707s][info][gc,marking  ] GC(62) Concurrent Scan Root Regions
[64.714s][info][gc,marking  ] GC(62) Concurrent Scan Root Regions 6.935ms
[64.714s][info][gc,marking  ] GC(62) Concurrent Mark
[64.714s][info][gc,marking  ] GC(62) Concurrent Mark From Roots
[64.714s][info][gc,task     ] GC(62) Using 5 workers of 5 for marking
[64.844s][info][gc,marking  ] GC(62) Concurrent Mark From Roots 129.583ms
[64.844s][info][gc,marking  ] GC(62) Concurrent Preclean
[64.844s][info][gc,marking  ] GC(62) Concurrent Preclean 0.699ms
[64.845s][info][gc,start    ] GC(62) Pause Remark
[64.857s][info][gc          ] GC(62) Pause Remark 653M->653M(1000M) 12.025ms
[64.857s][info][gc,cpu      ] GC(62) User=0.17s Sys=0.00s Real=0.01s
[64.857s][info][gc,marking  ] GC(62) Concurrent Mark 143.427ms
[64.857s][info][gc,marking  ] GC(62) Concurrent Rebuild Remembered Sets and Scrub Regions
[65.015s][info][gc,marking  ] GC(62) Concurrent Rebuild Remembered Sets and Scrub Regions 157.092ms
[65.015s][info][gc,start    ] GC(62) Pause Cleanup
[65.015s][info][gc          ] GC(62) Pause Cleanup 713M->713M(1000M) 0.257ms
[65.015s][info][gc,cpu      ] GC(62) User=0.00s Sys=0.00s Real=0.00s
[65.015s][info][gc,marking  ] GC(62) Concurrent Clear Claimed Marks
[65.015s][info][gc,marking  ] GC(62) Concurrent Clear Claimed Marks 0.163ms
[65.015s][info][gc,marking  ] GC(62) Concurrent Cleanup for Next Mark
[65.016s][info][gc,marking  ] GC(62) Concurrent Cleanup for Next Mark 0.625ms
[65.016s][info][gc          ] GC(62) Concurrent Mark Cycle 309.103ms
[66.085s][info][gc,start    ] GC(63) Pause Young (Prepare Mixed) (G1 Evacuation Pause)
[66.085s][info][gc,task     ] GC(63) Using 18 workers of 18 for evacuation
[66.096s][info][gc,phases   ] GC(63)   Pre Evacuate Collection Set: 0.21ms
[66.096s][info][gc,phases   ] GC(63)   Merge Heap Roots: 0.19ms
[66.096s][info][gc,phases   ] GC(63)   Evacuate Collection Set: 8.97ms
[66.096s][info][gc,phases   ] GC(63)   Post Evacuate Collection Set: 1.08ms
[66.096s][info][gc,phases   ] GC(63)   Other: 0.08ms
[66.096s][info][gc,heap     ] GC(63) Eden regions: 163->0(167)
[66.096s][info][gc,heap     ] GC(63) Survivor regions: 12->19(22)
[66.096s][info][gc,heap     ] GC(63) Old regions: 266->266
[66.096s][info][gc,heap     ] GC(63) Humongous regions: 22->22
[66.096s][info][gc,metaspace] GC(63) Metaspace: 172534K(174464K)->172534K(174464K) NonClass: 144407K(145472K)->144407K(145472K) Class: 28127K(28992K)->28127K(28992K)
[66.096s][info][gc          ] GC(63) Pause Young (Prepare Mixed) (G1 Evacuation Pause) 925M->612M(1000M) 10.811ms
[66.096s][info][gc,cpu      ] GC(63) User=0.00s Sys=0.00s Real=0.01s
[67.880s][info][gc,start    ] GC(64) Pause Young (Mixed) (G1 Evacuation Pause)
[67.880s][info][gc,task     ] GC(64) Using 18 workers of 18 for evacuation
[67.906s][info][gc,phases   ] GC(64)   Pre Evacuate Collection Set: 0.42ms
[67.906s][info][gc,phases   ] GC(64)   Merge Heap Roots: 0.21ms
[67.906s][info][gc,phases   ] GC(64)   Evacuate Collection Set: 23.22ms
[67.906s][info][gc,phases   ] GC(64)   Post Evacuate Collection Set: 1.80ms
[67.906s][info][gc,phases   ] GC(64)   Other: 0.11ms
[67.906s][info][gc,heap     ] GC(64) Eden regions: 167->0(156)
[67.906s][info][gc,heap     ] GC(64) Survivor regions: 19->24(24)
[67.906s][info][gc,heap     ] GC(64) Old regions: 266->278
[67.906s][info][gc,heap     ] GC(64) Humongous regions: 22->22
[67.906s][info][gc,metaspace] GC(64) Metaspace: 174193K(176064K)->174193K(176064K) NonClass: 145872K(146880K)->145872K(146880K) Class: 28321K(29184K)->28321K(29184K)
[67.906s][info][gc          ] GC(64) Pause Young (Mixed) (G1 Evacuation Pause) 946M->646M(1040M) 26.062ms
[67.906s][info][gc,cpu      ] GC(64) User=0.25s Sys=0.00s Real=0.03s
[68.824s][info][gc,start    ] GC(65) Pause Young (Concurrent Start) (G1 Evacuation Pause)
[68.824s][info][gc,task     ] GC(65) Using 18 workers of 18 for evacuation
[68.839s][info][gc,phases   ] GC(65)   Pre Evacuate Collection Set: 0.36ms
[68.839s][info][gc,phases   ] GC(65)   Merge Heap Roots: 0.18ms
[68.839s][info][gc,phases   ] GC(65)   Evacuate Collection Set: 13.03ms
[68.839s][info][gc,phases   ] GC(65)   Post Evacuate Collection Set: 1.02ms
[68.839s][info][gc,phases   ] GC(65)   Other: 0.09ms
[68.839s][info][gc,heap     ] GC(65) Eden regions: 156->0(141)
[68.839s][info][gc,heap     ] GC(65) Survivor regions: 24->21(23)
[68.839s][info][gc,heap     ] GC(65) Old regions: 278->298
[68.839s][info][gc,heap     ] GC(65) Humongous regions: 22->22
[68.839s][info][gc,metaspace] GC(65) Metaspace: 175459K(177280K)->175459K(177280K) NonClass: 146976K(147968K)->146976K(147968K) Class: 28483K(29312K)->28483K(29312K)
[68.839s][info][gc          ] GC(65) Pause Young (Concurrent Start) (G1 Evacuation Pause) 958M->680M(1042M) 14.920ms
[68.839s][info][gc          ] GC(66) Concurrent Mark Cycle
[68.839s][info][gc,marking  ] GC(66) Concurrent Scan Root Regions
[68.839s][info][gc,cpu      ] GC(65) User=0.30s Sys=0.00s Real=0.02s
[68.848s][info][gc,marking  ] GC(66) Concurrent Scan Root Regions 8.200ms
[68.848s][info][gc,marking  ] GC(66) Concurrent Mark
[68.848s][info][gc,marking  ] GC(66) Concurrent Mark From Roots
[68.848s][info][gc,task     ] GC(66) Using 5 workers of 5 for marking
[69.055s][info][gc,marking  ] GC(66) Concurrent Mark From Roots 207.741ms
[69.056s][info][gc,marking  ] GC(66) Concurrent Preclean
[69.056s][info][gc,marking  ] GC(66) Concurrent Preclean 0.933ms
[69.057s][info][gc,start    ] GC(66) Pause Remark
[69.068s][info][gc          ] GC(66) Pause Remark 828M->828M(1138M) 10.994ms
[69.068s][info][gc,cpu      ] GC(66) User=0.02s Sys=0.00s Real=0.01s
[69.068s][info][gc,marking  ] GC(66) Concurrent Mark 220.161ms
[69.068s][info][gc,marking  ] GC(66) Concurrent Rebuild Remembered Sets and Scrub Regions
[69.249s][info][gc,marking  ] GC(66) Concurrent Rebuild Remembered Sets and Scrub Regions 180.853ms
[69.249s][info][gc,start    ] GC(66) Pause Cleanup
[69.249s][info][gc          ] GC(66) Pause Cleanup 896M->896M(1138M) 0.327ms
[69.249s][info][gc,cpu      ] GC(66) User=0.00s Sys=0.00s Real=0.00s
[69.249s][info][gc,marking  ] GC(66) Concurrent Clear Claimed Marks
[69.250s][info][gc,marking  ] GC(66) Concurrent Clear Claimed Marks 0.188ms
[69.250s][info][gc,marking  ] GC(66) Concurrent Cleanup for Next Mark
[69.251s][info][gc,marking  ] GC(66) Concurrent Cleanup for Next Mark 1.214ms
[69.251s][info][gc          ] GC(66) Concurrent Mark Cycle 411.488ms
[69.390s][info][gc,start    ] GC(67) Pause Young (Prepare Mixed) (G1 Evacuation Pause)
[69.390s][info][gc,task     ] GC(67) Using 18 workers of 18 for evacuation
[69.398s][info][gc,phases   ] GC(67)   Pre Evacuate Collection Set: 0.24ms
[69.398s][info][gc,phases   ] GC(67)   Merge Heap Roots: 0.16ms
[69.398s][info][gc,phases   ] GC(67)   Evacuate Collection Set: 6.21ms
[69.398s][info][gc,phases   ] GC(67)   Post Evacuate Collection Set: 0.59ms
[69.398s][info][gc,phases   ] GC(67)   Other: 0.08ms
[69.398s][info][gc,heap     ] GC(67) Eden regions: 141->0(181)
[69.398s][info][gc,heap     ] GC(67) Survivor regions: 21->8(21)
[69.398s][info][gc,heap     ] GC(67) Old regions: 298->314
[69.398s][info][gc,heap     ] GC(67) Humongous regions: 22->22
[69.398s][info][gc,metaspace] GC(67) Metaspace: 175605K(177472K)->175605K(177472K) NonClass: 147116K(148160K)->147116K(148160K) Class: 28488K(29312K)->28488K(29312K)
[69.398s][info][gc          ] GC(67) Pause Young (Prepare Mixed) (G1 Evacuation Pause) 962M->686M(1138M) 7.523ms
[69.398s][info][gc,cpu      ] GC(67) User=0.30s Sys=0.02s Real=0.01s
[71.133s][info][gc,start    ] GC(68) Pause Young (Mixed) (G1 Evacuation Pause)
[71.133s][info][gc,task     ] GC(68) Using 18 workers of 18 for evacuation
[71.143s][info][gc,phases   ] GC(68)   Pre Evacuate Collection Set: 0.20ms
[71.143s][info][gc,phases   ] GC(68)   Merge Heap Roots: 0.20ms
[71.143s][info][gc,phases   ] GC(68)   Evacuate Collection Set: 8.02ms
[71.143s][info][gc,phases   ] GC(68)   Post Evacuate Collection Set: 1.05ms
[71.143s][info][gc,phases   ] GC(68)   Other: 0.07ms
[71.143s][info][gc,heap     ] GC(68) Eden regions: 181->0(178)
[71.143s][info][gc,heap     ] GC(68) Survivor regions: 8->14(24)
[71.143s][info][gc,heap     ] GC(68) Old regions: 314->310
[71.143s][info][gc,heap     ] GC(68) Humongous regions: 28->28
[71.143s][info][gc,metaspace] GC(68) Metaspace: 183739K(185728K)->183739K(185728K) NonClass: 153951K(155008K)->153951K(155008K) Class: 29787K(30720K)->29787K(30720K)
[71.143s][info][gc          ] GC(68) Pause Young (Mixed) (G1 Evacuation Pause) 1060M->702M(1138M) 9.752ms
[71.143s][info][gc,cpu      ] GC(68) User=0.00s Sys=0.00s Real=0.01s
[71.811s][info][gc,start    ] GC(69) Pause Young (Concurrent Start) (G1 Evacuation Pause)
[71.811s][info][gc,task     ] GC(69) Using 18 workers of 18 for evacuation
[71.828s][info][gc,phases   ] GC(69)   Pre Evacuate Collection Set: 0.27ms
[71.828s][info][gc,phases   ] GC(69)   Merge Heap Roots: 0.18ms
[71.828s][info][gc,phases   ] GC(69)   Evacuate Collection Set: 15.30ms
[71.828s][info][gc,phases   ] GC(69)   Post Evacuate Collection Set: 1.04ms
[71.828s][info][gc,phases   ] GC(69)   Other: 0.09ms
[71.828s][info][gc,heap     ] GC(69) Eden regions: 178->0(144)
[71.828s][info][gc,heap     ] GC(69) Survivor regions: 14->24(24)
[71.828s][info][gc,heap     ] GC(69) Old regions: 310->329
[71.828s][info][gc,heap     ] GC(69) Humongous regions: 28->28
[71.828s][info][gc,metaspace] GC(69) Metaspace: 186717K(188736K)->186717K(188736K) NonClass: 156540K(157632K)->156540K(157632K) Class: 30177K(31104K)->30177K(31104K)
[71.828s][info][gc          ] GC(69) Pause Young (Concurrent Start) (G1 Evacuation Pause) 1058M->760M(1146M) 17.124ms
[71.828s][info][gc          ] GC(70) Concurrent Mark Cycle
[71.828s][info][gc,marking  ] GC(70) Concurrent Scan Root Regions
[71.828s][info][gc,cpu      ] GC(69) User=0.31s Sys=0.00s Real=0.02s
[71.840s][info][gc,marking  ] GC(70) Concurrent Scan Root Regions 11.715ms
[71.840s][info][gc,marking  ] GC(70) Concurrent Mark
[71.840s][info][gc,marking  ] GC(70) Concurrent Mark From Roots
[71.840s][info][gc,task     ] GC(70) Using 5 workers of 5 for marking
[72.043s][info][gc,marking  ] GC(70) Concurrent Mark From Roots 202.649ms
[72.043s][info][gc,marking  ] GC(70) Concurrent Preclean
[72.044s][info][gc,marking  ] GC(70) Concurrent Preclean 1.083ms
[72.047s][info][gc,start    ] GC(70) Pause Remark
[72.080s][info][gc          ] GC(70) Pause Remark 965M->965M(1270M) 32.723ms
[72.080s][info][gc,cpu      ] GC(70) User=0.38s Sys=0.00s Real=0.03s
[72.080s][info][gc,marking  ] GC(70) Concurrent Mark 239.773ms
[72.080s][info][gc,marking  ] GC(70) Concurrent Rebuild Remembered Sets and Scrub Regions
[72.257s][info][gc,start    ] GC(71) Pause Young (Normal) (G1 Evacuation Pause)
[72.257s][info][gc,task     ] GC(71) Using 18 workers of 18 for evacuation
[72.281s][info][gc,phases   ] GC(71)   Pre Evacuate Collection Set: 0.21ms
[72.281s][info][gc,phases   ] GC(71)   Merge Heap Roots: 0.22ms
[72.281s][info][gc,phases   ] GC(71)   Evacuate Collection Set: 22.01ms
[72.281s][info][gc,phases   ] GC(71)   Post Evacuate Collection Set: 0.83ms
[72.281s][info][gc,phases   ] GC(71)   Other: 0.07ms
[72.281s][info][gc,heap     ] GC(71) Eden regions: 144->0(129)
[72.281s][info][gc,heap     ] GC(71) Survivor regions: 24->21(21)
[72.281s][info][gc,heap     ] GC(71) Old regions: 329->382
[72.281s][info][gc,heap     ] GC(71) Humongous regions: 28->28
[72.281s][info][gc,metaspace] GC(71) Metaspace: 188288K(190272K)->188288K(190272K) NonClass: 157951K(159040K)->157951K(159040K) Class: 30337K(31232K)->30337K(31232K)
[72.281s][info][gc          ] GC(71) Pause Young (Normal) (G1 Evacuation Pause) 1048M->860M(1270M) 23.564ms
[72.281s][info][gc,cpu      ] GC(71) User=0.28s Sys=0.00s Real=0.02s
[72.304s][info][gc,marking  ] GC(70) Concurrent Rebuild Remembered Sets and Scrub Regions 224.360ms
[72.305s][info][gc,start    ] GC(70) Pause Cleanup
[72.305s][info][gc          ] GC(70) Pause Cleanup 890M->890M(1270M) 0.319ms
[72.305s][info][gc,cpu      ] GC(70) User=0.00s Sys=0.00s Real=0.00s
[72.306s][info][gc,marking  ] GC(70) Concurrent Clear Claimed Marks
[72.306s][info][gc,marking  ] GC(70) Concurrent Clear Claimed Marks 0.214ms
[72.306s][info][gc,marking  ] GC(70) Concurrent Cleanup for Next Mark
[72.308s][info][gc,marking  ] GC(70) Concurrent Cleanup for Next Mark 1.806ms
[72.308s][info][gc          ] GC(70) Concurrent Mark Cycle 479.467ms
[72.647s][info][gc,start    ] GC(72) Pause Young (Prepare Mixed) (G1 Evacuation Pause)
[72.647s][info][gc,task     ] GC(72) Using 18 workers of 18 for evacuation
[72.659s][info][gc,phases   ] GC(72)   Pre Evacuate Collection Set: 0.23ms
[72.659s][info][gc,phases   ] GC(72)   Merge Heap Roots: 0.26ms
[72.659s][info][gc,phases   ] GC(72)   Evacuate Collection Set: 10.44ms
[72.659s][info][gc,phases   ] GC(72)   Post Evacuate Collection Set: 0.62ms
[72.659s][info][gc,phases   ] GC(72)   Other: 0.06ms
[72.659s][info][gc,heap     ] GC(72) Eden regions: 129->0(130)
[72.659s][info][gc,heap     ] GC(72) Survivor regions: 21->12(19)
[72.659s][info][gc,heap     ] GC(72) Old regions: 382->399
[72.659s][info][gc,heap     ] GC(72) Humongous regions: 28->28
[72.659s][info][gc,metaspace] GC(72) Metaspace: 189322K(191360K)->189322K(191360K) NonClass: 158830K(159936K)->158830K(159936K) Class: 30491K(31424K)->30491K(31424K)
[72.659s][info][gc          ] GC(72) Pause Young (Prepare Mixed) (G1 Evacuation Pause) 1118M->876M(1270M) 11.826ms
[72.659s][info][gc,cpu      ] GC(72) User=0.00s Sys=0.00s Real=0.01s
[73.055s][info][gc,start    ] GC(73) Pause Young (Mixed) (G1 Evacuation Pause)
[73.055s][info][gc,task     ] GC(73) Using 18 workers of 18 for evacuation
[73.067s][info][gc,phases   ] GC(73)   Pre Evacuate Collection Set: 0.23ms
[73.067s][info][gc,phases   ] GC(73)   Merge Heap Roots: 0.21ms
[73.067s][info][gc,phases   ] GC(73)   Evacuate Collection Set: 10.92ms
[73.067s][info][gc,phases   ] GC(73)   Post Evacuate Collection Set: 0.69ms
[73.067s][info][gc,phases   ] GC(73)   Other: 0.06ms
[73.067s][info][gc,heap     ] GC(73) Eden regions: 130->0(128)
[73.067s][info][gc,heap     ] GC(73) Survivor regions: 12->15(18)
[73.067s][info][gc,heap     ] GC(73) Old regions: 399->404
[73.068s][info][gc,heap     ] GC(73) Humongous regions: 28->28
[73.068s][info][gc,metaspace] GC(73) Metaspace: 190673K(192704K)->190673K(192704K) NonClass: 160001K(161088K)->160001K(161088K) Class: 30672K(31616K)->30672K(31616K)
[73.068s][info][gc          ] GC(73) Pause Young (Mixed) (G1 Evacuation Pause) 1136M->892M(1270M) 12.316ms
[73.068s][info][gc,cpu      ] GC(73) User=0.28s Sys=0.00s Real=0.01s
[73.415s][info][gc,start    ] GC(74) Pause Young (Concurrent Start) (G1 Evacuation Pause)
[73.415s][info][gc,task     ] GC(74) Using 18 workers of 18 for evacuation
[73.428s][info][gc,phases   ] GC(74)   Pre Evacuate Collection Set: 0.31ms
[73.428s][info][gc,phases   ] GC(74)   Merge Heap Roots: 0.20ms
[73.428s][info][gc,phases   ] GC(74)   Evacuate Collection Set: 11.67ms
[73.428s][info][gc,phases   ] GC(74)   Post Evacuate Collection Set: 0.68ms
[73.428s][info][gc,phases   ] GC(74)   Other: 0.08ms
[73.428s][info][gc,heap     ] GC(74) Eden regions: 128->0(110)
[73.428s][info][gc,heap     ] GC(74) Survivor regions: 15->18(18)
[73.428s][info][gc,heap     ] GC(74) Old regions: 404->421
[73.428s][info][gc,heap     ] GC(74) Humongous regions: 28->28
[73.428s][info][gc,metaspace] GC(74) Metaspace: 191592K(193664K)->191592K(193664K) NonClass: 160808K(161920K)->160808K(161920K) Class: 30784K(31744K)->30784K(31744K)
[73.428s][info][gc          ] GC(74) Pause Young (Concurrent Start) (G1 Evacuation Pause) 1148M->932M(1270M) 13.153ms
[73.428s][info][gc          ] GC(75) Concurrent Mark Cycle
[73.428s][info][gc,marking  ] GC(75) Concurrent Scan Root Regions
[73.428s][info][gc,cpu      ] GC(74) User=0.30s Sys=0.02s Real=0.01s
[73.436s][info][gc,marking  ] GC(75) Concurrent Scan Root Regions 7.902ms
[73.436s][info][gc,marking  ] GC(75) Concurrent Mark
[73.436s][info][gc,marking  ] GC(75) Concurrent Mark From Roots
[73.436s][info][gc,task     ] GC(75) Using 5 workers of 5 for marking
[73.689s][info][gc,marking  ] GC(75) Concurrent Mark From Roots 252.414ms
[73.689s][info][gc,marking  ] GC(75) Concurrent Preclean
[73.690s][info][gc,marking  ] GC(75) Concurrent Preclean 1.275ms
[73.690s][info][gc,start    ] GC(75) Pause Remark
[73.724s][info][gc          ] GC(75) Pause Remark 1079M->1079M(1558M) 33.677ms
[73.724s][info][gc,cpu      ] GC(75) User=0.45s Sys=0.05s Real=0.03s
[73.724s][info][gc,marking  ] GC(75) Concurrent Mark 288.066ms
[73.724s][info][gc,marking  ] GC(75) Concurrent Rebuild Remembered Sets and Scrub Regions
[73.855s][info][gc,start    ] GC(76) Pause Young (Normal) (G1 Evacuation Pause)
[73.855s][info][gc,task     ] GC(76) Using 18 workers of 18 for evacuation
[73.867s][info][gc,phases   ] GC(76)   Pre Evacuate Collection Set: 0.22ms
[73.867s][info][gc,phases   ] GC(76)   Merge Heap Roots: 0.19ms
[73.867s][info][gc,phases   ] GC(76)   Evacuate Collection Set: 10.60ms
[73.867s][info][gc,phases   ] GC(76)   Post Evacuate Collection Set: 0.68ms
[73.867s][info][gc,phases   ] GC(76)   Other: 0.07ms
[73.867s][info][gc,heap     ] GC(76) Eden regions: 110->0(218)
[73.867s][info][gc,heap     ] GC(76) Survivor regions: 18->11(16)
[73.867s][info][gc,heap     ] GC(76) Old regions: 421->438
[73.867s][info][gc,heap     ] GC(76) Humongous regions: 28->28
[73.867s][info][gc,metaspace] GC(76) Metaspace: 192264K(194304K)->192264K(194304K) NonClass: 161421K(162560K)->161421K(162560K) Class: 30843K(31744K)->30843K(31744K)
[73.867s][info][gc          ] GC(76) Pause Young (Normal) (G1 Evacuation Pause) 1152M->950M(1558M) 11.965ms
[73.867s][info][gc,cpu      ] GC(76) User=0.27s Sys=0.03s Real=0.01s
[73.960s][info][gc,marking  ] GC(75) Concurrent Rebuild Remembered Sets and Scrub Regions 235.951ms
[73.966s][info][gc,start    ] GC(75) Pause Cleanup
[73.967s][info][gc          ] GC(75) Pause Cleanup 1010M->1010M(1558M) 0.539ms
[73.967s][info][gc,cpu      ] GC(75) User=0.00s Sys=0.00s Real=0.00s
[73.967s][info][gc,marking  ] GC(75) Concurrent Clear Claimed Marks
[73.967s][info][gc,marking  ] GC(75) Concurrent Clear Claimed Marks 0.269ms
[73.967s][info][gc,marking  ] GC(75) Concurrent Cleanup for Next Mark
[73.971s][info][gc,marking  ] GC(75) Concurrent Cleanup for Next Mark 4.056ms
[73.972s][info][gc          ] GC(75) Concurrent Mark Cycle 543.465ms
[74.552s][info][gc,start    ] GC(77) Pause Young (Prepare Mixed) (GCLocker Initiated GC)
[74.552s][info][gc,task     ] GC(77) Using 18 workers of 18 for evacuation
[74.569s][info][gc,phases   ] GC(77)   Pre Evacuate Collection Set: 0.24ms
[74.569s][info][gc,phases   ] GC(77)   Merge Heap Roots: 0.28ms
[74.569s][info][gc,phases   ] GC(77)   Evacuate Collection Set: 15.00ms
[74.569s][info][gc,phases   ] GC(77)   Post Evacuate Collection Set: 0.68ms
[74.569s][info][gc,phases   ] GC(77)   Other: 0.07ms
[74.569s][info][gc,heap     ] GC(77) Eden regions: 219->0(189)
[74.569s][info][gc,heap     ] GC(77) Survivor regions: 11->29(29)
[74.569s][info][gc,heap     ] GC(77) Old regions: 438->451
[74.569s][info][gc,heap     ] GC(77) Humongous regions: 28->28
[74.569s][info][gc,metaspace] GC(77) Metaspace: 193482K(195520K)->193482K(195520K) NonClass: 162528K(163648K)->162528K(163648K) Class: 30953K(31872K)->30953K(31872K)
[74.569s][info][gc          ] GC(77) Pause Young (Prepare Mixed) (GCLocker Initiated GC) 1386M->1015M(1558M) 16.492ms
[74.569s][info][gc,cpu      ] GC(77) User=0.25s Sys=0.05s Real=0.02s
[75.059s][info][gc,start    ] GC(78) Pause Young (Mixed) (G1 Evacuation Pause)
[75.059s][info][gc,task     ] GC(78) Using 18 workers of 18 for evacuation
[75.078s][info][gc,phases   ] GC(78)   Pre Evacuate Collection Set: 0.25ms
[75.078s][info][gc,phases   ] GC(78)   Merge Heap Roots: 0.22ms
[75.078s][info][gc,phases   ] GC(78)   Evacuate Collection Set: 17.50ms
[75.078s][info][gc,phases   ] GC(78)   Post Evacuate Collection Set: 0.71ms
[75.078s][info][gc,phases   ] GC(78)   Other: 0.07ms
[75.078s][info][gc,heap     ] GC(78) Eden regions: 189->0(191)
[75.078s][info][gc,heap     ] GC(78) Survivor regions: 29->18(28)
[75.078s][info][gc,heap     ] GC(78) Old regions: 451->466
[75.078s][info][gc,heap     ] GC(78) Humongous regions: 28->28
[75.078s][info][gc,metaspace] GC(78) Metaspace: 193853K(195968K)->193853K(195968K) NonClass: 162894K(164032K)->162894K(164032K) Class: 30959K(31936K)->30959K(31936K)
[75.078s][info][gc          ] GC(78) Pause Young (Mixed) (G1 Evacuation Pause) 1393M->1023M(1558M) 18.971ms
[75.078s][info][gc,cpu      ] GC(78) User=0.30s Sys=0.00s Real=0.02s
[75.736s][info][gc,start    ] GC(79) Pause Young (Concurrent Start) (G1 Evacuation Pause)
[75.736s][info][gc,task     ] GC(79) Using 18 workers of 18 for evacuation
[75.747s][info][gc,phases   ] GC(79)   Pre Evacuate Collection Set: 0.38ms
[75.747s][info][gc,phases   ] GC(79)   Merge Heap Roots: 0.20ms
[75.747s][info][gc,phases   ] GC(79)   Evacuate Collection Set: 9.55ms
[75.747s][info][gc,phases   ] GC(79)   Post Evacuate Collection Set: 0.96ms
[75.747s][info][gc,phases   ] GC(79)   Other: 0.09ms
[75.747s][info][gc,heap     ] GC(79) Eden regions: 191->0(195)
[75.747s][info][gc,heap     ] GC(79) Survivor regions: 18->11(27)
[75.747s][info][gc,heap     ] GC(79) Old regions: 466->480
[75.747s][info][gc,heap     ] GC(79) Humongous regions: 28->28
[75.747s][info][gc,metaspace] GC(79) Metaspace: 194156K(196224K)->194156K(196224K) NonClass: 163195K(164288K)->163195K(164288K) Class: 30960K(31936K)->30960K(31936K)
[75.747s][info][gc          ] GC(79) Pause Young (Concurrent Start) (G1 Evacuation Pause) 1405M->1037M(1558M) 11.404ms
[75.747s][info][gc          ] GC(80) Concurrent Mark Cycle
[75.747s][info][gc,cpu      ] GC(79) User=0.36s Sys=0.00s Real=0.01s
[75.747s][info][gc,marking  ] GC(80) Concurrent Scan Root Regions
[75.756s][info][gc,marking  ] GC(80) Concurrent Scan Root Regions 8.757ms
[75.756s][info][gc,marking  ] GC(80) Concurrent Mark
[75.756s][info][gc,marking  ] GC(80) Concurrent Mark From Roots
[75.756s][info][gc,task     ] GC(80) Using 5 workers of 5 for marking
[76.017s][info][gc,marking  ] GC(80) Concurrent Mark From Roots 261.631ms
[76.018s][info][gc,marking  ] GC(80) Concurrent Preclean
[76.019s][info][gc,marking  ] GC(80) Concurrent Preclean 1.252ms
[76.019s][info][gc,start    ] GC(80) Pause Remark
[76.035s][info][gc          ] GC(80) Pause Remark 1198M->1188M(1714M) 15.685ms
[76.035s][info][gc,cpu      ] GC(80) User=0.34s Sys=0.00s Real=0.02s
[76.035s][info][gc,marking  ] GC(80) Concurrent Mark 279.059ms
[76.035s][info][gc,marking  ] GC(80) Concurrent Rebuild Remembered Sets and Scrub Regions
[76.246s][info][gc,marking  ] GC(80) Concurrent Rebuild Remembered Sets and Scrub Regions 210.734ms
[76.246s][info][gc,start    ] GC(80) Pause Cleanup
[76.246s][info][gc          ] GC(80) Pause Cleanup 1321M->1321M(1714M) 0.473ms
[76.247s][info][gc,cpu      ] GC(80) User=0.00s Sys=0.00s Real=0.00s
[76.247s][info][gc,marking  ] GC(80) Concurrent Clear Claimed Marks
[76.247s][info][gc,marking  ] GC(80) Concurrent Clear Claimed Marks 0.245ms
[76.247s][info][gc,marking  ] GC(80) Concurrent Cleanup for Next Mark
[76.250s][info][gc,marking  ] GC(80) Concurrent Cleanup for Next Mark 2.803ms
[76.250s][info][gc          ] GC(80) Concurrent Mark Cycle 502.731ms
[76.333s][info][gc,start    ] GC(81) Pause Young (Prepare Mixed) (G1 Evacuation Pause)
[76.333s][info][gc,task     ] GC(81) Using 18 workers of 18 for evacuation
[76.346s][info][gc,phases   ] GC(81)   Pre Evacuate Collection Set: 0.27ms
[76.346s][info][gc,phases   ] GC(81)   Merge Heap Roots: 0.26ms
[76.346s][info][gc,phases   ] GC(81)   Evacuate Collection Set: 11.89ms
[76.346s][info][gc,phases   ] GC(81)   Post Evacuate Collection Set: 0.63ms
[76.346s][info][gc,phases   ] GC(81)   Other: 0.07ms
[76.346s][info][gc,heap     ] GC(81) Eden regions: 195->0(249)
[76.347s][info][gc,heap     ] GC(81) Survivor regions: 11->26(26)
[76.347s][info][gc,heap     ] GC(81) Old regions: 475->478
[76.347s][info][gc,heap     ] GC(81) Humongous regions: 28->28
[76.347s][info][gc,metaspace] GC(81) Metaspace: 194516K(196608K)->194516K(196608K) NonClass: 163554K(164672K)->163554K(164672K) Class: 30962K(31936K)->30962K(31936K)
[76.347s][info][gc          ] GC(81) Pause Young (Prepare Mixed) (G1 Evacuation Pause) 1417M->1062M(1714M) 13.334ms
[76.347s][info][gc,cpu      ] GC(81) User=0.00s Sys=0.00s Real=0.01s
[76.967s][info][gc,start    ] GC(82) Pause Young (Mixed) (G1 Evacuation Pause)
[76.967s][info][gc,task     ] GC(82) Using 18 workers of 18 for evacuation
[76.991s][info][gc,phases   ] GC(82)   Pre Evacuate Collection Set: 0.33ms
[76.991s][info][gc,phases   ] GC(82)   Merge Heap Roots: 0.27ms
[76.991s][info][gc,phases   ] GC(82)   Evacuate Collection Set: 22.10ms
[76.991s][info][gc,phases   ] GC(82)   Post Evacuate Collection Set: 0.94ms
[76.991s][info][gc,phases   ] GC(82)   Other: 0.09ms
[76.991s][info][gc,heap     ] GC(82) Eden regions: 249->0(270)
[76.991s][info][gc,heap     ] GC(82) Survivor regions: 26->16(35)
[76.991s][info][gc,heap     ] GC(82) Old regions: 478->472
[76.991s][info][gc,heap     ] GC(82) Humongous regions: 28->28
[76.991s][info][gc,metaspace] GC(82) Metaspace: 195457K(197504K)->195457K(197504K) NonClass: 164361K(165440K)->164361K(165440K) Class: 31095K(32064K)->31095K(32064K)
[76.991s][info][gc          ] GC(82) Pause Young (Mixed) (G1 Evacuation Pause) 1560M->1030M(1714M) 23.955ms
[76.991s][info][gc,cpu      ] GC(82) User=0.66s Sys=0.02s Real=0.02s
[77.054s][info][gc,start    ] GC(83) Pause Young (Concurrent Start) (G1 Humongous Allocation)
[77.054s][info][gc,task     ] GC(83) Using 18 workers of 18 for evacuation
[77.061s][info][gc,phases   ] GC(83)   Pre Evacuate Collection Set: 0.30ms
[77.061s][info][gc,phases   ] GC(83)   Merge Heap Roots: 0.17ms
[77.061s][info][gc,phases   ] GC(83)   Evacuate Collection Set: 5.71ms
[77.061s][info][gc,phases   ] GC(83)   Post Evacuate Collection Set: 0.67ms
[77.061s][info][gc,phases   ] GC(83)   Other: 0.07ms
[77.061s][info][gc,heap     ] GC(83) Eden regions: 30->0(284)
[77.061s][info][gc,heap     ] GC(83) Survivor regions: 16->16(36)
[77.061s][info][gc,heap     ] GC(83) Old regions: 472->472
[77.061s][info][gc,heap     ] GC(83) Humongous regions: 28->28
[77.061s][info][gc,metaspace] GC(83) Metaspace: 195475K(197568K)->195475K(197568K) NonClass: 164379K(165504K)->164379K(165504K) Class: 31096K(32064K)->31096K(32064K)
[77.062s][info][gc          ] GC(83) Pause Young (Concurrent Start) (G1 Humongous Allocation) 1088M->1031M(1714M) 7.151ms
[77.062s][info][gc          ] GC(84) Concurrent Mark Cycle
[77.062s][info][gc,cpu      ] GC(83) User=0.00s Sys=0.00s Real=0.01s
[77.062s][info][gc,marking  ] GC(84) Concurrent Scan Root Regions
[77.068s][info][gc,marking  ] GC(84) Concurrent Scan Root Regions 6.126ms
[77.068s][info][gc,marking  ] GC(84) Concurrent Mark
[77.068s][info][gc,marking  ] GC(84) Concurrent Mark From Roots
[77.068s][info][gc,task     ] GC(84) Using 5 workers of 5 for marking
[77.286s][info][gc,marking  ] GC(84) Concurrent Mark From Roots 218.630ms
[77.287s][info][gc,marking  ] GC(84) Concurrent Preclean
[77.288s][info][gc,marking  ] GC(84) Concurrent Preclean 1.028ms
[77.288s][info][gc,start    ] GC(84) Pause Remark
[77.300s][info][gc          ] GC(84) Pause Remark 1197M->1197M(1724M) 11.814ms
[77.300s][info][gc,cpu      ] GC(84) User=0.00s Sys=0.00s Real=0.01s
[77.300s][info][gc,marking  ] GC(84) Concurrent Mark 231.887ms
[77.300s][info][gc,marking  ] GC(84) Concurrent Rebuild Remembered Sets and Scrub Regions
[77.511s][info][gc,marking  ] GC(84) Concurrent Rebuild Remembered Sets and Scrub Regions 211.229ms
[77.511s][info][gc,start    ] GC(84) Pause Cleanup
[77.512s][info][gc          ] GC(84) Pause Cleanup 1347M->1347M(1724M) 0.489ms
[77.512s][info][gc,cpu      ] GC(84) User=0.00s Sys=0.00s Real=0.00s
[77.512s][info][gc,marking  ] GC(84) Concurrent Clear Claimed Marks
[77.512s][info][gc,marking  ] GC(84) Concurrent Clear Claimed Marks 0.212ms
[77.512s][info][gc,marking  ] GC(84) Concurrent Cleanup for Next Mark
[77.514s][info][gc,marking  ] GC(84) Concurrent Cleanup for Next Mark 1.753ms
[77.514s][info][gc          ] GC(84) Concurrent Mark Cycle 452.333ms
[77.780s][info][gc,start    ] GC(85) Pause Young (Prepare Mixed) (G1 Evacuation Pause)
[77.780s][info][gc,task     ] GC(85) Using 18 workers of 18 for evacuation
[77.798s][info][gc,phases   ] GC(85)   Pre Evacuate Collection Set: 0.26ms
[77.798s][info][gc,phases   ] GC(85)   Merge Heap Roots: 0.29ms
[77.798s][info][gc,phases   ] GC(85)   Evacuate Collection Set: 16.50ms
[77.798s][info][gc,phases   ] GC(85)   Post Evacuate Collection Set: 0.81ms
[77.798s][info][gc,phases   ] GC(85)   Other: 0.08ms
[77.798s][info][gc,heap     ] GC(85) Eden regions: 284->0(261)
[77.798s][info][gc,heap     ] GC(85) Survivor regions: 16->38(38)
[77.798s][info][gc,heap     ] GC(85) Old regions: 472->472
[77.798s][info][gc,heap     ] GC(85) Humongous regions: 29->29
[77.798s][info][gc,metaspace] GC(85) Metaspace: 195746K(197824K)->195746K(197824K) NonClass: 164647K(165760K)->164647K(165760K) Class: 31098K(32064K)->31098K(32064K)
[77.798s][info][gc          ] GC(85) Pause Young (Prepare Mixed) (G1 Evacuation Pause) 1601M->1076M(1724M) 18.181ms
[77.798s][info][gc,cpu      ] GC(85) User=0.34s Sys=0.00s Real=0.02s
[78.390s][info][gc,start    ] GC(86) Pause Young (Mixed) (G1 Evacuation Pause)
[78.390s][info][gc,task     ] GC(86) Using 18 workers of 18 for evacuation
[78.415s][info][gc,phases   ] GC(86)   Pre Evacuate Collection Set: 0.27ms
[78.415s][info][gc,phases   ] GC(86)   Merge Heap Roots: 0.27ms
[78.415s][info][gc,phases   ] GC(86)   Evacuate Collection Set: 23.95ms
[78.415s][info][gc,phases   ] GC(86)   Post Evacuate Collection Set: 0.99ms
[78.415s][info][gc,phases   ] GC(86)   Other: 0.09ms
[78.415s][info][gc,heap     ] GC(86) Eden regions: 261->0(279)
[78.415s][info][gc,heap     ] GC(86) Survivor regions: 38->14(38)
[78.415s][info][gc,heap     ] GC(86) Old regions: 472->482
[78.415s][info][gc,heap     ] GC(86) Humongous regions: 29->29
[78.415s][info][gc,metaspace] GC(86) Metaspace: 195929K(198016K)->195929K(198016K) NonClass: 164812K(165952K)->164812K(165952K) Class: 31117K(32064K)->31117K(32064K)
[78.415s][info][gc          ] GC(86) Pause Young (Mixed) (G1 Evacuation Pause) 1598M->1049M(1724M) 25.818ms
[78.416s][info][gc,cpu      ] GC(86) User=0.61s Sys=0.00s Real=0.03s
[79.020s][info][gc,start    ] GC(87) Pause Young (Concurrent Start) (G1 Evacuation Pause)
[79.020s][info][gc,task     ] GC(87) Using 18 workers of 18 for evacuation
[79.034s][info][gc,phases   ] GC(87)   Pre Evacuate Collection Set: 0.37ms
[79.034s][info][gc,phases   ] GC(87)   Merge Heap Roots: 0.27ms
[79.034s][info][gc,phases   ] GC(87)   Evacuate Collection Set: 12.40ms
[79.034s][info][gc,phases   ] GC(87)   Post Evacuate Collection Set: 1.26ms
[79.034s][info][gc,phases   ] GC(87)   Other: 0.12ms
[79.034s][info][gc,heap     ] GC(87) Eden regions: 279->0(269)
[79.034s][info][gc,heap     ] GC(87) Survivor regions: 14->28(37)
[79.034s][info][gc,heap     ] GC(87) Old regions: 482->482
[79.034s][info][gc,heap     ] GC(87) Humongous regions: 29->29
[79.034s][info][gc,metaspace] GC(87) Metaspace: 196156K(198208K)->196156K(198208K) NonClass: 165028K(166144K)->165028K(166144K) Class: 31127K(32064K)->31127K(32064K)
[79.034s][info][gc          ] GC(87) Pause Young (Concurrent Start) (G1 Evacuation Pause) 1607M->1077M(1724M) 14.689ms
[79.034s][info][gc          ] GC(88) Concurrent Mark Cycle
[79.034s][info][gc,marking  ] GC(88) Concurrent Scan Root Regions
[79.034s][info][gc,cpu      ] GC(87) User=0.28s Sys=0.00s Real=0.01s
[79.045s][info][gc,marking  ] GC(88) Concurrent Scan Root Regions 10.158ms
[79.045s][info][gc,marking  ] GC(88) Concurrent Mark
[79.045s][info][gc,marking  ] GC(88) Concurrent Mark From Roots
[79.045s][info][gc,task     ] GC(88) Using 5 workers of 5 for marking
[79.343s][info][gc,marking  ] GC(88) Concurrent Mark From Roots 297.816ms
[79.343s][info][gc,marking  ] GC(88) Concurrent Preclean
[79.344s][info][gc,marking  ] GC(88) Concurrent Preclean 1.864ms
[79.345s][info][gc,start    ] GC(88) Pause Remark
[79.359s][info][gc          ] GC(88) Pause Remark 1233M->1233M(1798M) 14.589ms
[79.359s][info][gc,cpu      ] GC(88) User=0.08s Sys=0.00s Real=0.01s
[79.360s][info][gc,marking  ] GC(88) Concurrent Mark 314.925ms
[79.360s][info][gc,marking  ] GC(88) Concurrent Rebuild Remembered Sets and Scrub Regions
[79.586s][info][gc,marking  ] GC(88) Concurrent Rebuild Remembered Sets and Scrub Regions 226.732ms
[79.587s][info][gc,start    ] GC(88) Pause Cleanup
[79.587s][info][gc          ] GC(88) Pause Cleanup 1379M->1379M(1798M) 0.540ms
[79.587s][info][gc,cpu      ] GC(88) User=0.00s Sys=0.00s Real=0.00s
[79.587s][info][gc,marking  ] GC(88) Concurrent Clear Claimed Marks
[79.588s][info][gc,marking  ] GC(88) Concurrent Clear Claimed Marks 0.272ms
[79.588s][info][gc,marking  ] GC(88) Concurrent Cleanup for Next Mark
[79.590s][info][gc,marking  ] GC(88) Concurrent Cleanup for Next Mark 2.100ms
[79.590s][info][gc          ] GC(88) Concurrent Mark Cycle 555.412ms
[79.969s][info][gc,start    ] GC(89) Pause Young (Prepare Mixed) (G1 Evacuation Pause)
[79.970s][info][gc,task     ] GC(89) Using 18 workers of 18 for evacuation
[79.989s][info][gc,phases   ] GC(89)   Pre Evacuate Collection Set: 0.26ms
[79.989s][info][gc,phases   ] GC(89)   Merge Heap Roots: 0.33ms
[79.989s][info][gc,phases   ] GC(89)   Evacuate Collection Set: 18.19ms
[79.989s][info][gc,phases   ] GC(89)   Post Evacuate Collection Set: 0.80ms
[79.989s][info][gc,phases   ] GC(89)   Other: 0.08ms
[79.989s][info][gc,heap     ] GC(89) Eden regions: 269->0(283)
[79.989s][info][gc,heap     ] GC(89) Survivor regions: 28->35(38)
[79.989s][info][gc,heap     ] GC(89) Old regions: 482->492
[79.989s][info][gc,heap     ] GC(89) Humongous regions: 31->31
[79.989s][info][gc,metaspace] GC(89) Metaspace: 196356K(198400K)->196356K(198400K) NonClass: 165209K(166336K)->165209K(166336K) Class: 31146K(32064K)->31146K(32064K)
[79.989s][info][gc          ] GC(89) Pause Young (Prepare Mixed) (G1 Evacuation Pause) 1619M->1115M(1798M) 19.894ms
[79.989s][info][gc,cpu      ] GC(89) User=0.34s Sys=0.02s Real=0.02s
[80.698s][info][gc,start    ] GC(90) Pause Young (Mixed) (G1 Evacuation Pause)
[80.698s][info][gc,task     ] GC(90) Using 18 workers of 18 for evacuation
[80.723s][info][gc,phases   ] GC(90)   Pre Evacuate Collection Set: 0.25ms
[80.723s][info][gc,phases   ] GC(90)   Merge Heap Roots: 0.33ms
[80.723s][info][gc,phases   ] GC(90)   Evacuate Collection Set: 22.98ms
[80.723s][info][gc,phases   ] GC(90)   Post Evacuate Collection Set: 0.87ms
[80.723s][info][gc,phases   ] GC(90)   Other: 0.07ms
[80.723s][info][gc,heap     ] GC(90) Eden regions: 283->0(304)
[80.723s][info][gc,heap     ] GC(90) Survivor regions: 35->29(40)
[80.723s][info][gc,heap     ] GC(90) Old regions: 492->486
[80.723s][info][gc,heap     ] GC(90) Humongous regions: 31->31
[80.723s][info][gc,metaspace] GC(90) Metaspace: 196596K(198720K)->196596K(198720K) NonClass: 165444K(166592K)->165444K(166592K) Class: 31152K(32128K)->31152K(32128K)
[80.723s][info][gc          ] GC(90) Pause Young (Mixed) (G1 Evacuation Pause) 1681M->1090M(1812M) 24.715ms
[80.723s][info][gc,cpu      ] GC(90) User=0.33s Sys=0.00s Real=0.02s
[81.131s][info][gc,start    ] GC(91) Pause Young (Concurrent Start) (G1 Humongous Allocation)
[81.131s][info][gc,task     ] GC(91) Using 18 workers of 18 for evacuation
[81.149s][info][gc,phases   ] GC(91)   Pre Evacuate Collection Set: 0.37ms
[81.149s][info][gc,phases   ] GC(91)   Merge Heap Roots: 0.27ms
[81.149s][info][gc,phases   ] GC(91)   Evacuate Collection Set: 17.01ms
[81.149s][info][gc,phases   ] GC(91)   Post Evacuate Collection Set: 0.91ms
[81.149s][info][gc,phases   ] GC(91)   Other: 0.11ms
[81.149s][info][gc,heap     ] GC(91) Eden regions: 187->0(287)
[81.150s][info][gc,heap     ] GC(91) Survivor regions: 29->33(42)
[81.150s][info][gc,heap     ] GC(91) Old regions: 486->498
[81.150s][info][gc,heap     ] GC(91) Humongous regions: 31->31
[81.150s][info][gc,metaspace] GC(91) Metaspace: 196638K(198720K)->196638K(198720K) NonClass: 165485K(166592K)->165485K(166592K) Class: 31153K(32128K)->31153K(32128K)
[81.150s][info][gc          ] GC(91) Pause Young (Concurrent Start) (G1 Humongous Allocation) 1464M->1121M(1812M) 18.922ms
[81.150s][info][gc          ] GC(92) Concurrent Mark Cycle
[81.150s][info][gc,marking  ] GC(92) Concurrent Scan Root Regions
[81.150s][info][gc,cpu      ] GC(91) User=0.27s Sys=0.00s Real=0.02s
[81.163s][info][gc,marking  ] GC(92) Concurrent Scan Root Regions 13.261ms
[81.163s][info][gc,marking  ] GC(92) Concurrent Mark
[81.163s][info][gc,marking  ] GC(92) Concurrent Mark From Roots
[81.163s][info][gc,task     ] GC(92) Using 5 workers of 5 for marking
[81.427s][info][gc,marking  ] GC(92) Concurrent Mark From Roots 263.984ms
[81.427s][info][gc,marking  ] GC(92) Concurrent Preclean
[81.428s][info][gc,marking  ] GC(92) Concurrent Preclean 0.802ms
[81.428s][info][gc,start    ] GC(92) Pause Remark
[81.443s][info][gc          ] GC(92) Pause Remark 1287M->1285M(1874M) 15.393ms
[81.444s][info][gc,cpu      ] GC(92) User=0.02s Sys=0.00s Real=0.02s
[81.444s][info][gc,marking  ] GC(92) Concurrent Mark 280.632ms
[81.444s][info][gc,marking  ] GC(92) Concurrent Rebuild Remembered Sets and Scrub Regions
[81.676s][info][gc,marking  ] GC(92) Concurrent Rebuild Remembered Sets and Scrub Regions 232.556ms
[81.677s][info][gc,start    ] GC(92) Pause Cleanup
[81.677s][info][gc          ] GC(92) Pause Cleanup 1452M->1452M(1874M) 0.498ms
[81.677s][info][gc,cpu      ] GC(92) User=0.06s Sys=0.00s Real=0.00s
[81.677s][info][gc,marking  ] GC(92) Concurrent Clear Claimed Marks
[81.677s][info][gc,marking  ] GC(92) Concurrent Clear Claimed Marks 0.223ms
[81.677s][info][gc,marking  ] GC(92) Concurrent Cleanup for Next Mark
[81.679s][info][gc,marking  ] GC(92) Concurrent Cleanup for Next Mark 2.067ms
[81.680s][info][gc          ] GC(92) Concurrent Mark Cycle 529.909ms
[81.998s][info][gc,start    ] GC(93) Pause Young (Prepare Mixed) (G1 Evacuation Pause)
[81.998s][info][gc,task     ] GC(93) Using 18 workers of 18 for evacuation
[82.018s][info][gc,phases   ] GC(93)   Pre Evacuate Collection Set: 0.25ms
[82.018s][info][gc,phases   ] GC(93)   Merge Heap Roots: 0.39ms
[82.018s][info][gc,phases   ] GC(93)   Evacuate Collection Set: 18.54ms
[82.018s][info][gc,phases   ] GC(93)   Post Evacuate Collection Set: 0.93ms
[82.018s][info][gc,phases   ] GC(93)   Other: 0.08ms
[82.018s][info][gc,heap     ] GC(93) Eden regions: 287->0(299)
[82.018s][info][gc,heap     ] GC(93) Survivor regions: 33->35(40)
[82.018s][info][gc,heap     ] GC(93) Old regions: 498->509
[82.018s][info][gc,heap     ] GC(93) Humongous regions: 31->31
[82.018s][info][gc,metaspace] GC(93) Metaspace: 196840K(198912K)->196840K(198912K) NonClass: 165667K(166784K)->165667K(166784K) Class: 31172K(32128K)->31172K(32128K)
[82.018s][info][gc          ] GC(93) Pause Young (Prepare Mixed) (G1 Evacuation Pause) 1695M->1147M(1874M) 20.384ms
[82.018s][info][gc,cpu      ] GC(93) User=0.31s Sys=0.02s Real=0.02s
[82.940s][info][gc,start    ] GC(94) Pause Young (Mixed) (G1 Evacuation Pause)
[82.940s][info][gc,task     ] GC(94) Using 18 workers of 18 for evacuation
[82.970s][info][gc,phases   ] GC(94)   Pre Evacuate Collection Set: 0.41ms
[82.970s][info][gc,phases   ] GC(94)   Merge Heap Roots: 0.38ms
[82.970s][info][gc,phases   ] GC(94)   Evacuate Collection Set: 26.97ms
[82.970s][info][gc,phases   ] GC(94)   Post Evacuate Collection Set: 1.63ms
[82.970s][info][gc,phases   ] GC(94)   Other: 0.24ms
[82.970s][info][gc,heap     ] GC(94) Eden regions: 299->0(299)
[82.970s][info][gc,heap     ] GC(94) Survivor regions: 35->40(42)
[82.970s][info][gc,heap     ] GC(94) Old regions: 509->506
[82.970s][info][gc,heap     ] GC(94) Humongous regions: 31->31
[82.970s][info][gc,metaspace] GC(94) Metaspace: 196891K(198976K)->196891K(198976K) NonClass: 165717K(166848K)->165717K(166848K) Class: 31174K(32128K)->31174K(32128K)
[82.970s][info][gc          ] GC(94) Pause Young (Mixed) (G1 Evacuation Pause) 1745M->1151M(1880M) 30.043ms
[82.970s][info][gc,cpu      ] GC(94) User=0.52s Sys=0.00s Real=0.03s
[83.918s][info][gc,start    ] GC(95) Pause Young (Concurrent Start) (G1 Evacuation Pause)
[83.918s][info][gc,task     ] GC(95) Using 18 workers of 18 for evacuation
[83.943s][info][gc,phases   ] GC(95)   Pre Evacuate Collection Set: 0.58ms
[83.943s][info][gc,phases   ] GC(95)   Merge Heap Roots: 0.36ms
[83.943s][info][gc,phases   ] GC(95)   Evacuate Collection Set: 22.75ms
[83.943s][info][gc,phases   ] GC(95)   Post Evacuate Collection Set: 1.52ms
[83.943s][info][gc,phases   ] GC(95)   Other: 0.17ms
[83.943s][info][gc,heap     ] GC(95) Eden regions: 299->0(290)
[83.943s][info][gc,heap     ] GC(95) Survivor regions: 40->37(43)
[83.943s][info][gc,heap     ] GC(95) Old regions: 506->522
[83.943s][info][gc,heap     ] GC(95) Humongous regions: 31->31
[83.943s][info][gc,metaspace] GC(95) Metaspace: 196979K(199040K)->196979K(199040K) NonClass: 165805K(166912K)->165805K(166912K) Class: 31174K(32128K)->31174K(32128K)
[83.943s][info][gc          ] GC(95) Pause Young (Concurrent Start) (G1 Evacuation Pause) 1749M->1178M(1880M) 25.755ms
[83.944s][info][gc          ] GC(96) Concurrent Mark Cycle
[83.944s][info][gc,marking  ] GC(96) Concurrent Scan Root Regions
[83.944s][info][gc,cpu      ] GC(95) User=0.38s Sys=0.02s Real=0.03s
[83.960s][info][gc,marking  ] GC(96) Concurrent Scan Root Regions 16.253ms
[83.960s][info][gc,marking  ] GC(96) Concurrent Mark
[83.960s][info][gc,marking  ] GC(96) Concurrent Mark From Roots
[83.960s][info][gc,task     ] GC(96) Using 5 workers of 5 for marking
[84.251s][info][gc,marking  ] GC(96) Concurrent Mark From Roots 291.382ms
[84.251s][info][gc,marking  ] GC(96) Concurrent Preclean
[84.253s][info][gc,marking  ] GC(96) Concurrent Preclean 1.429ms
[84.253s][info][gc,start    ] GC(96) Pause Remark
[84.265s][info][gc          ] GC(96) Pause Remark 1373M->1373M(1968M) 12.338ms
[84.265s][info][gc,cpu      ] GC(96) User=0.22s Sys=0.00s Real=0.01s
[84.266s][info][gc,marking  ] GC(96) Concurrent Mark 305.613ms
[84.266s][info][gc,marking  ] GC(96) Concurrent Rebuild Remembered Sets and Scrub Regions
[84.488s][info][gc,marking  ] GC(96) Concurrent Rebuild Remembered Sets and Scrub Regions 222.795ms
[84.489s][info][gc,start    ] GC(96) Pause Cleanup
[84.489s][info][gc          ] GC(96) Pause Cleanup 1526M->1526M(1968M) 0.507ms
[84.489s][info][gc,cpu      ] GC(96) User=0.00s Sys=0.00s Real=0.00s
[84.489s][info][gc,marking  ] GC(96) Concurrent Clear Claimed Marks
[84.489s][info][gc,marking  ] GC(96) Concurrent Clear Claimed Marks 0.183ms
[84.489s][info][gc,marking  ] GC(96) Concurrent Cleanup for Next Mark
[84.491s][info][gc,marking  ] GC(96) Concurrent Cleanup for Next Mark 1.688ms
[84.491s][info][gc          ] GC(96) Concurrent Mark Cycle 547.658ms
[84.775s][info][gc,start    ] GC(97) Pause Young (Prepare Mixed) (G1 Evacuation Pause)
[84.775s][info][gc,task     ] GC(97) Using 18 workers of 18 for evacuation
[84.795s][info][gc,phases   ] GC(97)   Pre Evacuate Collection Set: 0.30ms
[84.795s][info][gc,phases   ] GC(97)   Merge Heap Roots: 0.41ms
[84.795s][info][gc,phases   ] GC(97)   Evacuate Collection Set: 18.51ms
[84.795s][info][gc,phases   ] GC(97)   Post Evacuate Collection Set: 0.88ms
[84.795s][info][gc,phases   ] GC(97)   Other: 0.08ms
[84.795s][info][gc,heap     ] GC(97) Eden regions: 290->0(325)
[84.795s][info][gc,heap     ] GC(97) Survivor regions: 37->27(41)
[84.795s][info][gc,heap     ] GC(97) Old regions: 522->539
[84.795s][info][gc,heap     ] GC(97) Humongous regions: 31->31
[84.795s][info][gc,metaspace] GC(97) Metaspace: 197015K(199104K)->197015K(199104K) NonClass: 165840K(166976K)->165840K(166976K) Class: 31175K(32128K)->31175K(32128K)
[84.795s][info][gc          ] GC(97) Pause Young (Prepare Mixed) (G1 Evacuation Pause) 1758M->1193M(1968M) 20.398ms
[84.795s][info][gc,cpu      ] GC(97) User=0.27s Sys=0.02s Real=0.02s
[85.431s][info][gc,start    ] GC(98) Pause Young (Mixed) (G1 Evacuation Pause)
[85.431s][info][gc,task     ] GC(98) Using 18 workers of 18 for evacuation
[85.455s][info][gc,phases   ] GC(98)   Pre Evacuate Collection Set: 0.27ms
[85.455s][info][gc,phases   ] GC(98)   Merge Heap Roots: 0.36ms
[85.455s][info][gc,phases   ] GC(98)   Evacuate Collection Set: 22.13ms
[85.455s][info][gc,phases   ] GC(98)   Post Evacuate Collection Set: 0.89ms
[85.455s][info][gc,phases   ] GC(98)   Other: 0.09ms
[85.455s][info][gc,heap     ] GC(98) Eden regions: 325->0(330)
[85.455s][info][gc,heap     ] GC(98) Survivor regions: 27->28(44)
[85.455s][info][gc,heap     ] GC(98) Old regions: 539->534
[85.455s][info][gc,heap     ] GC(98) Humongous regions: 31->31
[85.455s][info][gc,metaspace] GC(98) Metaspace: 197148K(199168K)->197148K(199168K) NonClass: 165953K(167040K)->165953K(167040K) Class: 31194K(32128K)->31194K(32128K)
[85.455s][info][gc          ] GC(98) Pause Young (Mixed) (G1 Evacuation Pause) 1843M->1184M(1968M) 23.941ms
[85.455s][info][gc,cpu      ] GC(98) User=0.31s Sys=0.00s Real=0.02s
[86.053s][info][gc,start    ] GC(99) Pause Young (Concurrent Start) (G1 Evacuation Pause)
[86.053s][info][gc,task     ] GC(99) Using 18 workers of 18 for evacuation
[86.070s][info][gc,phases   ] GC(99)   Pre Evacuate Collection Set: 0.35ms
[86.070s][info][gc,phases   ] GC(99)   Merge Heap Roots: 0.32ms
[86.070s][info][gc,phases   ] GC(99)   Evacuate Collection Set: 14.59ms
[86.070s][info][gc,phases   ] GC(99)   Post Evacuate Collection Set: 0.98ms
[86.070s][info][gc,phases   ] GC(99)   Other: 0.11ms
[86.070s][info][gc,heap     ] GC(99) Eden regions: 330->0(327)
[86.070s][info][gc,heap     ] GC(99) Survivor regions: 28->27(45)
[86.070s][info][gc,heap     ] GC(99) Old regions: 534->544
[86.070s][info][gc,heap     ] GC(99) Humongous regions: 31->31
[86.070s][info][gc,metaspace] GC(99) Metaspace: 197194K(199232K)->197194K(199232K) NonClass: 165994K(167104K)->165994K(167104K) Class: 31200K(32128K)->31200K(32128K)
[86.070s][info][gc          ] GC(99) Pause Young (Concurrent Start) (G1 Evacuation Pause) 1844M->1204M(1968M) 16.597ms
[86.070s][info][gc          ] GC(100) Concurrent Mark Cycle
[86.070s][info][gc,cpu      ] GC(99) User=0.27s Sys=0.02s Real=0.02s
[86.070s][info][gc,marking  ] GC(100) Concurrent Scan Root Regions
[86.082s][info][gc,marking  ] GC(100) Concurrent Scan Root Regions 12.454ms
[86.082s][info][gc,marking  ] GC(100) Concurrent Mark
[86.082s][info][gc,marking  ] GC(100) Concurrent Mark From Roots
[86.082s][info][gc,task     ] GC(100) Using 5 workers of 5 for marking
[86.403s][info][gc,marking  ] GC(100) Concurrent Mark From Roots 320.180ms
[86.403s][info][gc,marking  ] GC(100) Concurrent Preclean
[86.404s][info][gc,marking  ] GC(100) Concurrent Preclean 1.584ms
[86.405s][info][gc,start    ] GC(100) Pause Remark
[86.421s][info][gc          ] GC(100) Pause Remark 1363M->1363M(2008M) 16.291ms
[86.421s][info][gc,cpu      ] GC(100) User=0.08s Sys=0.00s Real=0.02s
[86.421s][info][gc,marking  ] GC(100) Concurrent Mark 338.641ms
[86.421s][info][gc,marking  ] GC(100) Concurrent Rebuild Remembered Sets and Scrub Regions
[86.689s][info][gc,marking  ] GC(100) Concurrent Rebuild Remembered Sets and Scrub Regions 267.861ms
[86.689s][info][gc,start    ] GC(100) Pause Cleanup
[86.690s][info][gc          ] GC(100) Pause Cleanup 1521M->1521M(2008M) 0.727ms
[86.690s][info][gc,cpu      ] GC(100) User=0.00s Sys=0.00s Real=0.00s
[86.690s][info][gc,marking  ] GC(100) Concurrent Clear Claimed Marks
[86.691s][info][gc,marking  ] GC(100) Concurrent Clear Claimed Marks 0.295ms
[86.691s][info][gc,marking  ] GC(100) Concurrent Cleanup for Next Mark
[86.694s][info][gc,marking  ] GC(100) Concurrent Cleanup for Next Mark 3.078ms
[86.694s][info][gc          ] GC(100) Concurrent Mark Cycle 623.959ms
[87.011s][info][gc,start    ] GC(101) Pause Young (Prepare Mixed) (G1 Evacuation Pause)
[87.011s][info][gc,task     ] GC(101) Using 18 workers of 18 for evacuation
[87.034s][info][gc,phases   ] GC(101)   Pre Evacuate Collection Set: 0.36ms
[87.034s][info][gc,phases   ] GC(101)   Merge Heap Roots: 0.47ms
[87.034s][info][gc,phases   ] GC(101)   Evacuate Collection Set: 21.64ms
[87.034s][info][gc,phases   ] GC(101)   Post Evacuate Collection Set: 1.02ms
[87.035s][info][gc,phases   ] GC(101)   Other: 0.11ms
[87.035s][info][gc,heap     ] GC(101) Eden regions: 327->0(321)
[87.035s][info][gc,heap     ] GC(101) Survivor regions: 27->34(45)
[87.035s][info][gc,heap     ] GC(101) Old regions: 544->558
[87.035s][info][gc,heap     ] GC(101) Humongous regions: 31->31
[87.035s][info][gc,metaspace] GC(101) Metaspace: 197208K(199232K)->197208K(199232K) NonClass: 166008K(167104K)->166008K(167104K) Class: 31200K(32128K)->31200K(32128K)
[87.035s][info][gc          ] GC(101) Pause Young (Prepare Mixed) (G1 Evacuation Pause) 1858M->1243M(2008M) 23.844ms
[87.035s][info][gc,cpu      ] GC(101) User=0.30s Sys=0.00s Real=0.02s
[87.650s][info][gc,start    ] GC(102) Pause Young (Mixed) (G1 Evacuation Pause)
[87.650s][info][gc,task     ] GC(102) Using 18 workers of 18 for evacuation
[87.679s][info][gc,phases   ] GC(102)   Pre Evacuate Collection Set: 0.37ms
[87.679s][info][gc,phases   ] GC(102)   Merge Heap Roots: 0.48ms
[87.679s][info][gc,phases   ] GC(102)   Evacuate Collection Set: 26.51ms
[87.679s][info][gc,phases   ] GC(102)   Post Evacuate Collection Set: 1.36ms
[87.679s][info][gc,phases   ] GC(102)   Other: 0.12ms
[87.679s][info][gc,heap     ] GC(102) Eden regions: 321->0(348)
[87.679s][info][gc,heap     ] GC(102) Survivor regions: 34->28(45)
[87.679s][info][gc,heap     ] GC(102) Old regions: 558->542
[87.679s][info][gc,heap     ] GC(102) Humongous regions: 34->34
[87.679s][info][gc,metaspace] GC(102) Metaspace: 197220K(199232K)->197220K(199232K) NonClass: 166020K(167104K)->166020K(167104K) Class: 31200K(32128K)->31200K(32128K)
[87.679s][info][gc          ] GC(102) Pause Young (Mixed) (G1 Evacuation Pause) 1891M->1206M(2022M) 29.107ms
[87.679s][info][gc,cpu      ] GC(102) User=0.56s Sys=0.02s Real=0.03s
[88.495s][info][gc,start    ] GC(103) Pause Young (Concurrent Start) (G1 Evacuation Pause)
[88.495s][info][gc,task     ] GC(103) Using 18 workers of 18 for evacuation
[88.517s][info][gc,phases   ] GC(103)   Pre Evacuate Collection Set: 0.40ms
[88.517s][info][gc,phases   ] GC(103)   Merge Heap Roots: 0.35ms
[88.517s][info][gc,phases   ] GC(103)   Evacuate Collection Set: 20.37ms
[88.517s][info][gc,phases   ] GC(103)   Post Evacuate Collection Set: 0.94ms
[88.517s][info][gc,phases   ] GC(103)   Other: 0.10ms
[88.517s][info][gc,heap     ] GC(103) Eden regions: 348->0(330)
[88.517s][info][gc,heap     ] GC(103) Survivor regions: 28->34(47)
[88.517s][info][gc,heap     ] GC(103) Old regions: 542->555
[88.517s][info][gc,heap     ] GC(103) Humongous regions: 34->34
[88.517s][info][gc,metaspace] GC(103) Metaspace: 197308K(199296K)->197308K(199296K) NonClass: 166101K(167168K)->166101K(167168K) Class: 31207K(32128K)->31207K(32128K)
[88.517s][info][gc          ] GC(103) Pause Young (Concurrent Start) (G1 Evacuation Pause) 1902M->1243M(2022M) 22.432ms
[88.517s][info][gc          ] GC(104) Concurrent Mark Cycle
[88.517s][info][gc,cpu      ] GC(103) User=0.31s Sys=0.00s Real=0.02s
[88.517s][info][gc,marking  ] GC(104) Concurrent Scan Root Regions
[88.532s][info][gc,marking  ] GC(104) Concurrent Scan Root Regions 14.790ms
[88.532s][info][gc,marking  ] GC(104) Concurrent Mark
[88.532s][info][gc,marking  ] GC(104) Concurrent Mark From Roots
[88.532s][info][gc,task     ] GC(104) Using 5 workers of 5 for marking
[88.844s][info][gc,marking  ] GC(104) Concurrent Mark From Roots 312.031ms
[88.844s][info][gc,marking  ] GC(104) Concurrent Preclean
[88.846s][info][gc,marking  ] GC(104) Concurrent Preclean 1.345ms
[88.846s][info][gc,start    ] GC(104) Pause Remark
[88.857s][info][gc          ] GC(104) Pause Remark 1513M->1509M(2070M) 10.783ms
[88.857s][info][gc,cpu      ] GC(104) User=0.05s Sys=0.02s Real=0.01s
[88.857s][info][gc,marking  ] GC(104) Concurrent Mark 324.666ms
[88.857s][info][gc,marking  ] GC(104) Concurrent Rebuild Remembered Sets and Scrub Regions
[89.113s][info][gc,marking  ] GC(104) Concurrent Rebuild Remembered Sets and Scrub Regions 256.608ms
[89.114s][info][gc,start    ] GC(104) Pause Cleanup
[89.114s][info][gc          ] GC(104) Pause Cleanup 1683M->1683M(2070M) 0.688ms
[89.114s][info][gc,cpu      ] GC(104) User=0.02s Sys=0.00s Real=0.00s
[89.115s][info][gc,marking  ] GC(104) Concurrent Clear Claimed Marks
[89.115s][info][gc,marking  ] GC(104) Concurrent Clear Claimed Marks 0.269ms
[89.115s][info][gc,marking  ] GC(104) Concurrent Cleanup for Next Mark
[89.117s][info][gc,marking  ] GC(104) Concurrent Cleanup for Next Mark 2.637ms
[89.118s][info][gc          ] GC(104) Concurrent Mark Cycle 600.416ms
[89.361s][info][gc,start    ] GC(105) Pause Young (Prepare Mixed) (G1 Evacuation Pause)
[89.361s][info][gc,task     ] GC(105) Using 18 workers of 18 for evacuation
[89.386s][info][gc,phases   ] GC(105)   Pre Evacuate Collection Set: 0.37ms
[89.386s][info][gc,phases   ] GC(105)   Merge Heap Roots: 0.46ms
[89.386s][info][gc,phases   ] GC(105)   Evacuate Collection Set: 23.50ms
[89.386s][info][gc,phases   ] GC(105)   Post Evacuate Collection Set: 1.03ms
[89.386s][info][gc,phases   ] GC(105)   Other: 0.09ms
[89.386s][info][gc,heap     ] GC(105) Eden regions: 330->0(331)
[89.386s][info][gc,heap     ] GC(105) Survivor regions: 34->43(46)
[89.386s][info][gc,heap     ] GC(105) Old regions: 555->564
[89.386s][info][gc,heap     ] GC(105) Humongous regions: 32->32
[89.386s][info][gc,metaspace] GC(105) Metaspace: 197350K(199360K)->197350K(199360K) NonClass: 166142K(167232K)->166142K(167232K) Class: 31208K(32128K)->31208K(32128K)
[89.386s][info][gc          ] GC(105) Pause Young (Prepare Mixed) (G1 Evacuation Pause) 1899M->1276M(2070M) 25.716ms
[89.387s][info][gc,cpu      ] GC(105) User=0.56s Sys=0.00s Real=0.03s
[90.061s][info][gc,start    ] GC(106) Pause Young (Mixed) (G1 Evacuation Pause)
[90.061s][info][gc,task     ] GC(106) Using 18 workers of 18 for evacuation
[90.094s][info][gc,phases   ] GC(106)   Pre Evacuate Collection Set: 0.30ms
[90.094s][info][gc,phases   ] GC(106)   Merge Heap Roots: 0.34ms
[90.094s][info][gc,phases   ] GC(106)   Evacuate Collection Set: 31.02ms
[90.094s][info][gc,phases   ] GC(106)   Post Evacuate Collection Set: 0.86ms
[90.094s][info][gc,phases   ] GC(106)   Other: 0.08ms
[90.094s][info][gc,heap     ] GC(106) Eden regions: 331->0(349)
[90.094s][info][gc,heap     ] GC(106) Survivor regions: 43->24(47)
[90.094s][info][gc,heap     ] GC(106) Old regions: 564->579
[90.094s][info][gc,heap     ] GC(106) Humongous regions: 32->32
[90.094s][info][gc,metaspace] GC(106) Metaspace: 197368K(199360K)->197368K(199360K) NonClass: 166159K(167232K)->166159K(167232K) Class: 31209K(32128K)->31209K(32128K)
[90.094s][info][gc          ] GC(106) Pause Young (Mixed) (G1 Evacuation Pause) 1938M->1268M(2102M) 32.850ms
[90.094s][info][gc,cpu      ] GC(106) User=0.55s Sys=0.00s Real=0.03s
[90.959s][info][gc,start    ] GC(107) Pause Young (Concurrent Start) (G1 Evacuation Pause)
[90.959s][info][gc,task     ] GC(107) Using 18 workers of 18 for evacuation
[90.980s][info][gc,phases   ] GC(107)   Pre Evacuate Collection Set: 0.51ms
[90.980s][info][gc,phases   ] GC(107)   Merge Heap Roots: 0.47ms
[90.980s][info][gc,phases   ] GC(107)   Evacuate Collection Set: 18.42ms
[90.980s][info][gc,phases   ] GC(107)   Post Evacuate Collection Set: 1.26ms
[90.980s][info][gc,phases   ] GC(107)   Other: 0.13ms
[90.980s][info][gc,heap     ] GC(107) Eden regions: 349->0(335)
[90.980s][info][gc,heap     ] GC(107) Survivor regions: 24->39(47)
[90.980s][info][gc,heap     ] GC(107) Old regions: 579->579
[90.980s][info][gc,heap     ] GC(107) Humongous regions: 32->32
[90.980s][info][gc,metaspace] GC(107) Metaspace: 197408K(199424K)->197408K(199424K) NonClass: 166198K(167296K)->166198K(167296K) Class: 31210K(32128K)->31210K(32128K)
[90.980s][info][gc          ] GC(107) Pause Young (Concurrent Start) (G1 Evacuation Pause) 1966M->1300M(2102M) 21.052ms
[90.980s][info][gc          ] GC(108) Concurrent Mark Cycle
[90.980s][info][gc,marking  ] GC(108) Concurrent Scan Root Regions
[90.980s][info][gc,cpu      ] GC(107) User=0.28s Sys=0.02s Real=0.02s
[90.993s][info][gc,marking  ] GC(108) Concurrent Scan Root Regions 13.281ms
[90.993s][info][gc,marking  ] GC(108) Concurrent Mark
[90.993s][info][gc,marking  ] GC(108) Concurrent Mark From Roots
[90.993s][info][gc,task     ] GC(108) Using 5 workers of 5 for marking
[91.326s][info][gc,marking  ] GC(108) Concurrent Mark From Roots 332.638ms
[91.326s][info][gc,marking  ] GC(108) Concurrent Preclean
[91.328s][info][gc,marking  ] GC(108) Concurrent Preclean 1.551ms
[91.328s][info][gc,start    ] GC(108) Pause Remark
[91.342s][info][gc          ] GC(108) Pause Remark 1512M->1512M(2168M) 14.095ms
[91.342s][info][gc,cpu      ] GC(108) User=0.14s Sys=0.00s Real=0.01s
[91.342s][info][gc,marking  ] GC(108) Concurrent Mark 349.018ms
[91.342s][info][gc,marking  ] GC(108) Concurrent Rebuild Remembered Sets and Scrub Regions
[91.593s][info][gc,marking  ] GC(108) Concurrent Rebuild Remembered Sets and Scrub Regions 250.373ms
[91.593s][info][gc,start    ] GC(108) Pause Cleanup
[91.594s][info][gc          ] GC(108) Pause Cleanup 1675M->1675M(2168M) 0.621ms
[91.594s][info][gc,cpu      ] GC(108) User=0.00s Sys=0.00s Real=0.00s
[91.594s][info][gc,marking  ] GC(108) Concurrent Clear Claimed Marks
[91.594s][info][gc,marking  ] GC(108) Concurrent Clear Claimed Marks 0.260ms
[91.594s][info][gc,marking  ] GC(108) Concurrent Cleanup for Next Mark
[91.597s][info][gc,marking  ] GC(108) Concurrent Cleanup for Next Mark 2.768ms
[91.597s][info][gc          ] GC(108) Concurrent Mark Cycle 616.867ms
[91.910s][info][gc,start    ] GC(109) Pause Young (Prepare Mixed) (G1 Evacuation Pause)
[91.911s][info][gc,task     ] GC(109) Using 18 workers of 18 for evacuation
[91.938s][info][gc,phases   ] GC(109)   Pre Evacuate Collection Set: 0.38ms
[91.938s][info][gc,phases   ] GC(109)   Merge Heap Roots: 0.42ms
[91.938s][info][gc,phases   ] GC(109)   Evacuate Collection Set: 24.52ms
[91.938s][info][gc,phases   ] GC(109)   Post Evacuate Collection Set: 2.22ms
[91.938s][info][gc,phases   ] GC(109)   Other: 0.11ms
[91.938s][info][gc,heap     ] GC(109) Eden regions: 335->0(345)
[91.938s][info][gc,heap     ] GC(109) Survivor regions: 39->43(47)
[91.938s][info][gc,heap     ] GC(109) Old regions: 579->595
[91.938s][info][gc,heap     ] GC(109) Humongous regions: 32->32
[91.938s][info][gc,metaspace] GC(109) Metaspace: 197489K(199488K)->197489K(199488K) NonClass: 166278K(167360K)->166278K(167360K) Class: 31211K(32128K)->31211K(32128K)
[91.938s][info][gc          ] GC(109) Pause Young (Prepare Mixed) (G1 Evacuation Pause) 1970M->1339M(2168M) 27.987ms
[91.938s][info][gc,cpu      ] GC(109) User=0.28s Sys=0.02s Real=0.03s
[92.627s][info][gc,start    ] GC(110) Pause Young (Mixed) (G1 Evacuation Pause)
[92.627s][info][gc,task     ] GC(110) Using 18 workers of 18 for evacuation
[92.664s][info][gc,phases   ] GC(110)   Pre Evacuate Collection Set: 0.28ms
[92.664s][info][gc,phases   ] GC(110)   Merge Heap Roots: 0.41ms
[92.664s][info][gc,phases   ] GC(110)   Evacuate Collection Set: 35.38ms
[92.664s][info][gc,phases   ] GC(110)   Post Evacuate Collection Set: 0.80ms
[92.665s][info][gc,phases   ] GC(110)   Other: 0.07ms
[92.665s][info][gc,heap     ] GC(110) Eden regions: 345->0(381)
[92.665s][info][gc,heap     ] GC(110) Survivor regions: 43->37(49)
[92.665s][info][gc,heap     ] GC(110) Old regions: 595->585
[92.665s][info][gc,heap     ] GC(110) Humongous regions: 32->32
[92.665s][info][gc,metaspace] GC(110) Metaspace: 197558K(199552K)->197558K(199552K) NonClass: 166346K(167424K)->166346K(167424K) Class: 31211K(32128K)->31211K(32128K)
[92.665s][info][gc          ] GC(110) Pause Young (Mixed) (G1 Evacuation Pause) 2029M->1306M(2206M) 37.137ms
[92.665s][info][gc,cpu      ] GC(110) User=0.80s Sys=0.02s Real=0.04s
[93.453s][info][gc,start    ] GC(111) Pause Young (Concurrent Start) (G1 Evacuation Pause)
[93.453s][info][gc,task     ] GC(111) Using 18 workers of 18 for evacuation
[93.478s][info][gc,phases   ] GC(111)   Pre Evacuate Collection Set: 0.32ms
[93.478s][info][gc,phases   ] GC(111)   Merge Heap Roots: 0.33ms
[93.478s][info][gc,phases   ] GC(111)   Evacuate Collection Set: 23.77ms
[93.478s][info][gc,phases   ] GC(111)   Post Evacuate Collection Set: 1.02ms
[93.478s][info][gc,phases   ] GC(111)   Other: 0.11ms
[93.478s][info][gc,heap     ] GC(111) Eden regions: 381->0(355)
[93.478s][info][gc,heap     ] GC(111) Survivor regions: 37->43(53)
[93.478s][info][gc,heap     ] GC(111) Old regions: 585->602
[93.478s][info][gc,heap     ] GC(111) Humongous regions: 32->32
[93.479s][info][gc,metaspace] GC(111) Metaspace: 197564K(199552K)->197564K(199552K) NonClass: 166352K(167424K)->166352K(167424K) Class: 31211K(32128K)->31211K(32128K)
[93.479s][info][gc          ] GC(111) Pause Young (Concurrent Start) (G1 Evacuation Pause) 2068M->1352M(2206M) 25.786ms
[93.479s][info][gc          ] GC(112) Concurrent Mark Cycle
[93.479s][info][gc,cpu      ] GC(111) User=0.56s Sys=0.00s Real=0.03s
[93.479s][info][gc,marking  ] GC(112) Concurrent Scan Root Regions
[93.497s][info][gc,marking  ] GC(112) Concurrent Scan Root Regions 18.024ms
[93.497s][info][gc,marking  ] GC(112) Concurrent Mark
[93.497s][info][gc,marking  ] GC(112) Concurrent Mark From Roots
[93.497s][info][gc,task     ] GC(112) Using 5 workers of 5 for marking
[93.790s][info][gc,marking  ] GC(112) Concurrent Mark From Roots 293.125ms
[93.790s][info][gc,marking  ] GC(112) Concurrent Preclean
[93.791s][info][gc,marking  ] GC(112) Concurrent Preclean 0.953ms
[93.791s][info][gc,start    ] GC(112) Pause Remark
[93.801s][info][gc          ] GC(112) Pause Remark 1622M->1622M(2258M) 10.213ms
[93.801s][info][gc,cpu      ] GC(112) User=0.00s Sys=0.00s Real=0.01s
[93.801s][info][gc,marking  ] GC(112) Concurrent Mark 304.709ms
[93.801s][info][gc,marking  ] GC(112) Concurrent Rebuild Remembered Sets and Scrub Regions
[94.052s][info][gc,marking  ] GC(112) Concurrent Rebuild Remembered Sets and Scrub Regions 250.663ms
[94.052s][info][gc,start    ] GC(112) Pause Cleanup
[94.053s][info][gc          ] GC(112) Pause Cleanup 1820M->1820M(2258M) 0.602ms
[94.053s][info][gc,cpu      ] GC(112) User=0.00s Sys=0.00s Real=0.00s
[94.053s][info][gc,marking  ] GC(112) Concurrent Clear Claimed Marks
[94.053s][info][gc,marking  ] GC(112) Concurrent Clear Claimed Marks 0.211ms
[94.053s][info][gc,marking  ] GC(112) Concurrent Cleanup for Next Mark
[94.056s][info][gc,marking  ] GC(112) Concurrent Cleanup for Next Mark 2.360ms
[94.056s][info][gc          ] GC(112) Concurrent Mark Cycle 577.204ms
[94.298s][info][gc,start    ] GC(113) Pause Young (Prepare Mixed) (GCLocker Initiated GC)
[94.298s][info][gc,task     ] GC(113) Using 18 workers of 18 for evacuation
[94.326s][info][gc,phases   ] GC(113)   Pre Evacuate Collection Set: 0.33ms
[94.326s][info][gc,phases   ] GC(113)   Merge Heap Roots: 0.49ms
[94.326s][info][gc,phases   ] GC(113)   Evacuate Collection Set: 25.34ms
[94.326s][info][gc,phases   ] GC(113)   Post Evacuate Collection Set: 1.08ms
[94.326s][info][gc,phases   ] GC(113)   Other: 0.10ms
[94.326s][info][gc,heap     ] GC(113) Eden regions: 356->0(359)
[94.326s][info][gc,heap     ] GC(113) Survivor regions: 43->48(50)
[94.326s][info][gc,heap     ] GC(113) Old regions: 602->617
[94.326s][info][gc,heap     ] GC(113) Humongous regions: 32->32
[94.326s][info][gc,metaspace] GC(113) Metaspace: 197586K(199616K)->197586K(199616K) NonClass: 166374K(167488K)->166374K(167488K) Class: 31212K(32128K)->31212K(32128K)
[94.326s][info][gc          ] GC(113) Pause Young (Prepare Mixed) (GCLocker Initiated GC) 2063M->1392M(2258M) 27.588ms
[94.326s][info][gc,cpu      ] GC(113) User=0.58s Sys=0.02s Real=0.03s
[95.007s][info][gc,start    ] GC(114) Pause Young (Mixed) (G1 Evacuation Pause)
[95.007s][info][gc,task     ] GC(114) Using 18 workers of 18 for evacuation
[95.055s][info][gc,phases   ] GC(114)   Pre Evacuate Collection Set: 0.29ms
[95.055s][info][gc,phases   ] GC(114)   Merge Heap Roots: 0.44ms
[95.055s][info][gc,phases   ] GC(114)   Evacuate Collection Set: 46.02ms
[95.055s][info][gc,phases   ] GC(114)   Post Evacuate Collection Set: 1.03ms
[95.055s][info][gc,phases   ] GC(114)   Other: 0.09ms
[95.055s][info][gc,heap     ] GC(114) Eden regions: 359->0(396)
[95.055s][info][gc,heap     ] GC(114) Survivor regions: 48->46(51)
[95.055s][info][gc,heap     ] GC(114) Old regions: 617->608
[95.055s][info][gc,heap     ] GC(114) Humongous regions: 32->32
[95.055s][info][gc,metaspace] GC(114) Metaspace: 197608K(199616K)->197608K(199616K) NonClass: 166395K(167488K)->166395K(167488K) Class: 31212K(32128K)->31212K(32128K)
[95.055s][info][gc          ] GC(114) Pause Young (Mixed) (G1 Evacuation Pause) 2110M->1370M(2322M) 48.118ms
[95.055s][info][gc,cpu      ] GC(114) User=0.75s Sys=0.06s Real=0.05s
[95.864s][info][gc,start    ] GC(115) Pause Young (Concurrent Start) (G1 Evacuation Pause)
[95.864s][info][gc,task     ] GC(115) Using 18 workers of 18 for evacuation
[95.891s][info][gc,phases   ] GC(115)   Pre Evacuate Collection Set: 0.43ms
[95.891s][info][gc,phases   ] GC(115)   Merge Heap Roots: 0.32ms
[95.891s][info][gc,phases   ] GC(115)   Evacuate Collection Set: 24.91ms
[95.891s][info][gc,phases   ] GC(115)   Post Evacuate Collection Set: 1.08ms
[95.891s][info][gc,phases   ] GC(115)   Other: 0.11ms
[95.891s][info][gc,heap     ] GC(115) Eden regions: 396->0(383)
[95.891s][info][gc,heap     ] GC(115) Survivor regions: 46->44(56)
[95.891s][info][gc,heap     ] GC(115) Old regions: 608->626
[95.891s][info][gc,heap     ] GC(115) Humongous regions: 32->32
[95.891s][info][gc,metaspace] GC(115) Metaspace: 197636K(199680K)->197636K(199680K) NonClass: 166423K(167552K)->166423K(167552K) Class: 31212K(32128K)->31212K(32128K)
[95.891s][info][gc          ] GC(115) Pause Young (Concurrent Start) (G1 Evacuation Pause) 2162M->1402M(2322M) 27.090ms
[95.891s][info][gc          ] GC(116) Concurrent Mark Cycle
[95.891s][info][gc,marking  ] GC(116) Concurrent Scan Root Regions
[95.891s][info][gc,cpu      ] GC(115) User=0.25s Sys=0.08s Real=0.03s
[95.909s][info][gc,marking  ] GC(116) Concurrent Scan Root Regions 17.771ms
[95.909s][info][gc,marking  ] GC(116) Concurrent Mark
[95.909s][info][gc,marking  ] GC(116) Concurrent Mark From Roots
[95.909s][info][gc,task     ] GC(116) Using 5 workers of 5 for marking
[96.243s][info][gc,marking  ] GC(116) Concurrent Mark From Roots 334.154ms
[96.243s][info][gc,marking  ] GC(116) Concurrent Preclean
[96.245s][info][gc,marking  ] GC(116) Concurrent Preclean 1.293ms
[96.245s][info][gc,start    ] GC(116) Pause Remark
[96.258s][info][gc          ] GC(116) Pause Remark 1675M->1675M(2340M) 13.106ms
[96.258s][info][gc,cpu      ] GC(116) User=0.28s Sys=0.00s Real=0.01s
[96.258s][info][gc,marking  ] GC(116) Concurrent Mark 349.014ms
[96.258s][info][gc,marking  ] GC(116) Concurrent Rebuild Remembered Sets and Scrub Regions
[96.542s][info][gc,marking  ] GC(116) Concurrent Rebuild Remembered Sets and Scrub Regions 283.707ms
[96.542s][info][gc,start    ] GC(116) Pause Cleanup
[96.543s][info][gc          ] GC(116) Pause Cleanup 1894M->1894M(2340M) 0.747ms
[96.543s][info][gc,cpu      ] GC(116) User=0.00s Sys=0.00s Real=0.00s
[96.543s][info][gc,marking  ] GC(116) Concurrent Clear Claimed Marks
[96.543s][info][gc,marking  ] GC(116) Concurrent Clear Claimed Marks 0.268ms
[96.543s][info][gc,marking  ] GC(116) Concurrent Cleanup for Next Mark
[96.546s][info][gc,marking  ] GC(116) Concurrent Cleanup for Next Mark 2.766ms
[96.546s][info][gc          ] GC(116) Concurrent Mark Cycle 654.924ms
[96.831s][info][gc,start    ] GC(117) Pause Young (Prepare Mixed) (GCLocker Initiated GC)
[96.831s][info][gc,task     ] GC(117) Using 18 workers of 18 for evacuation
[96.859s][info][gc,phases   ] GC(117)   Pre Evacuate Collection Set: 0.27ms
[96.859s][info][gc,phases   ] GC(117)   Merge Heap Roots: 0.42ms
[96.859s][info][gc,phases   ] GC(117)   Evacuate Collection Set: 25.75ms
[96.859s][info][gc,phases   ] GC(117)   Post Evacuate Collection Set: 1.20ms
[96.859s][info][gc,phases   ] GC(117)   Other: 0.11ms
[96.859s][info][gc,heap     ] GC(117) Eden regions: 383->0(377)
[96.859s][info][gc,heap     ] GC(117) Survivor regions: 44->44(54)
[96.859s][info][gc,heap     ] GC(117) Old regions: 626->644
[96.859s][info][gc,heap     ] GC(117) Humongous regions: 32->32
[96.859s][info][gc,metaspace] GC(117) Metaspace: 197694K(199744K)->197694K(199744K) NonClass: 166478K(167616K)->166478K(167616K) Class: 31216K(32128K)->31216K(32128K)
[96.859s][info][gc          ] GC(117) Pause Young (Prepare Mixed) (GCLocker Initiated GC) 2168M->1438M(2340M) 28.060ms
[96.859s][info][gc,cpu      ] GC(117) User=0.55s Sys=0.02s Real=0.03s
[97.652s][info][gc,start    ] GC(118) Pause Young (Mixed) (G1 Evacuation Pause)
[97.652s][info][gc,task     ] GC(118) Using 18 workers of 18 for evacuation
[97.698s][info][gc,phases   ] GC(118)   Pre Evacuate Collection Set: 0.35ms
[97.698s][info][gc,phases   ] GC(118)   Merge Heap Roots: 0.48ms
[97.698s][info][gc,phases   ] GC(118)   Evacuate Collection Set: 44.34ms
[97.698s][info][gc,phases   ] GC(118)   Post Evacuate Collection Set: 1.36ms
[97.698s][info][gc,phases   ] GC(118)   Other: 0.09ms
[97.699s][info][gc,heap     ] GC(118) Eden regions: 377->0(456)
[97.699s][info][gc,heap     ] GC(118) Survivor regions: 44->40(53)
[97.699s][info][gc,heap     ] GC(118) Old regions: 644->631
[97.699s][info][gc,heap     ] GC(118) Humongous regions: 32->32
[97.699s][info][gc,metaspace] GC(118) Metaspace: 197737K(199808K)->197737K(199808K) NonClass: 166521K(167680K)->166521K(167680K) Class: 31216K(32128K)->31216K(32128K)
[97.699s][info][gc          ] GC(118) Pause Young (Mixed) (G1 Evacuation Pause) 2192M->1405M(2468M) 46.869ms
[97.699s][info][gc,cpu      ] GC(118) User=0.86s Sys=0.00s Real=0.05s
[98.589s][info][gc,start    ] GC(119) Pause Young (Concurrent Start) (G1 Evacuation Pause)
[98.589s][info][gc,task     ] GC(119) Using 18 workers of 18 for evacuation
[98.616s][info][gc,phases   ] GC(119)   Pre Evacuate Collection Set: 0.41ms
[98.617s][info][gc,phases   ] GC(119)   Merge Heap Roots: 0.33ms
[98.617s][info][gc,phases   ] GC(119)   Evacuate Collection Set: 25.46ms
[98.617s][info][gc,phases   ] GC(119)   Post Evacuate Collection Set: 0.98ms
[98.617s][info][gc,phases   ] GC(119)   Other: 0.14ms
[98.617s][info][gc,heap     ] GC(119) Eden regions: 456->0(429)
[98.617s][info][gc,heap     ] GC(119) Survivor regions: 40->44(62)
[98.617s][info][gc,heap     ] GC(119) Old regions: 631->653
[98.617s][info][gc,heap     ] GC(119) Humongous regions: 32->32
[98.617s][info][gc,metaspace] GC(119) Metaspace: 197840K(199872K)->197840K(199872K) NonClass: 166624K(167744K)->166624K(167744K) Class: 31216K(32128K)->31216K(32128K)
[98.617s][info][gc          ] GC(119) Pause Young (Concurrent Start) (G1 Evacuation Pause) 2317M->1456M(2468M) 27.541ms
[98.617s][info][gc          ] GC(120) Concurrent Mark Cycle
[98.617s][info][gc,cpu      ] GC(119) User=0.53s Sys=0.03s Real=0.03s
[98.617s][info][gc,marking  ] GC(120) Concurrent Scan Root Regions
[98.633s][info][gc,marking  ] GC(120) Concurrent Scan Root Regions 16.737ms
[98.634s][info][gc,marking  ] GC(120) Concurrent Mark
[98.634s][info][gc,marking  ] GC(120) Concurrent Mark From Roots
[98.634s][info][gc,task     ] GC(120) Using 5 workers of 5 for marking
[98.964s][info][gc,marking  ] GC(120) Concurrent Mark From Roots 330.477ms
[98.964s][info][gc,marking  ] GC(120) Concurrent Preclean
[98.965s][info][gc,marking  ] GC(120) Concurrent Preclean 1.020ms
[98.965s][info][gc,start    ] GC(120) Pause Remark
[98.975s][info][gc          ] GC(120) Pause Remark 1760M->1760M(2468M) 9.614ms
[98.975s][info][gc,cpu      ] GC(120) User=0.02s Sys=0.00s Real=0.01s
[98.975s][info][gc,marking  ] GC(120) Concurrent Mark 341.585ms
[98.975s][info][gc,marking  ] GC(120) Concurrent Rebuild Remembered Sets and Scrub Regions
[99.271s][info][gc,marking  ] GC(120) Concurrent Rebuild Remembered Sets and Scrub Regions 296.222ms
[99.272s][info][gc,start    ] GC(120) Pause Cleanup
[99.272s][info][gc          ] GC(120) Pause Cleanup 1997M->1997M(2468M) 0.618ms
[99.272s][info][gc,cpu      ] GC(120) User=0.00s Sys=0.00s Real=0.00s
[99.272s][info][gc,marking  ] GC(120) Concurrent Clear Claimed Marks
[99.273s][info][gc,marking  ] GC(120) Concurrent Clear Claimed Marks 0.208ms
[99.273s][info][gc,marking  ] GC(120) Concurrent Cleanup for Next Mark
[99.276s][info][gc,marking  ] GC(120) Concurrent Cleanup for Next Mark 3.054ms
[99.276s][info][gc          ] GC(120) Concurrent Mark Cycle 659.134ms
[99.605s][info][gc,start    ] GC(121) Pause Young (Prepare Mixed) (G1 Evacuation Pause)
[99.605s][info][gc,task     ] GC(121) Using 18 workers of 18 for evacuation
[99.633s][info][gc,phases   ] GC(121)   Pre Evacuate Collection Set: 0.28ms
[99.633s][info][gc,phases   ] GC(121)   Merge Heap Roots: 0.46ms
[99.633s][info][gc,phases   ] GC(121)   Evacuate Collection Set: 26.48ms
[99.633s][info][gc,phases   ] GC(121)   Post Evacuate Collection Set: 0.88ms
[99.633s][info][gc,phases   ] GC(121)   Other: 0.14ms
[99.633s][info][gc,heap     ] GC(121) Eden regions: 429->0(406)
[99.633s][info][gc,heap     ] GC(121) Survivor regions: 44->51(60)
[99.633s][info][gc,heap     ] GC(121) Old regions: 653->670
[99.633s][info][gc,heap     ] GC(121) Humongous regions: 32->32
[99.633s][info][gc,metaspace] GC(121) Metaspace: 197877K(200000K)->197877K(200000K) NonClass: 166655K(167808K)->166655K(167808K) Class: 31222K(32192K)->31222K(32192K)
[99.633s][info][gc          ] GC(121) Pause Young (Prepare Mixed) (G1 Evacuation Pause) 2314M->1505M(2468M) 28.478ms
[99.633s][info][gc,cpu      ] GC(121) User=0.55s Sys=0.02s Real=0.03s
[100.527s][info][gc,start    ] GC(122) Pause Young (Mixed) (G1 Evacuation Pause)
[100.527s][info][gc,task     ] GC(122) Using 18 workers of 18 for evacuation
[100.575s][info][gc,phases   ] GC(122)   Pre Evacuate Collection Set: 0.35ms
[100.575s][info][gc,phases   ] GC(122)   Merge Heap Roots: 0.52ms
[100.575s][info][gc,phases   ] GC(122)   Evacuate Collection Set: 46.09ms
[100.575s][info][gc,phases   ] GC(122)   Post Evacuate Collection Set: 0.99ms
[100.575s][info][gc,phases   ] GC(122)   Other: 0.08ms
[100.575s][info][gc,heap     ] GC(122) Eden regions: 406->0(457)
[100.575s][info][gc,heap     ] GC(122) Survivor regions: 51->43(58)
[100.575s][info][gc,heap     ] GC(122) Old regions: 670->656
[100.575s][info][gc,heap     ] GC(122) Humongous regions: 32->32
[100.575s][info][gc,metaspace] GC(122) Metaspace: 197881K(200000K)->197881K(200000K) NonClass: 166659K(167808K)->166659K(167808K) Class: 31222K(32192K)->31222K(32192K)
[100.575s][info][gc          ] GC(122) Pause Young (Mixed) (G1 Evacuation Pause) 2317M->1461M(2534M) 48.248ms
[100.575s][info][gc,cpu      ] GC(122) User=0.73s Sys=0.00s Real=0.05s
[101.470s][info][gc,start    ] GC(123) Pause Young (Concurrent Start) (G1 Evacuation Pause)
[101.470s][info][gc,task     ] GC(123) Using 18 workers of 18 for evacuation
[101.500s][info][gc,phases   ] GC(123)   Pre Evacuate Collection Set: 0.39ms
[101.500s][info][gc,phases   ] GC(123)   Merge Heap Roots: 0.39ms
[101.500s][info][gc,phases   ] GC(123)   Evacuate Collection Set: 28.29ms
[101.500s][info][gc,phases   ] GC(123)   Post Evacuate Collection Set: 1.11ms
[101.500s][info][gc,phases   ] GC(123)   Other: 0.18ms
[101.500s][info][gc,heap     ] GC(123) Eden regions: 457->0(433)
[101.500s][info][gc,heap     ] GC(123) Survivor regions: 43->46(63)
[101.500s][info][gc,heap     ] GC(123) Old regions: 656->679
[101.500s][info][gc,heap     ] GC(123) Humongous regions: 32->32
[101.500s][info][gc,metaspace] GC(123) Metaspace: 197891K(200000K)->197891K(200000K) NonClass: 166668K(167808K)->166668K(167808K) Class: 31223K(32192K)->31223K(32192K)
[101.500s][info][gc          ] GC(123) Pause Young (Concurrent Start) (G1 Evacuation Pause) 2375M->1514M(2534M) 30.594ms
[101.500s][info][gc          ] GC(124) Concurrent Mark Cycle
[101.500s][info][gc,marking  ] GC(124) Concurrent Scan Root Regions
[101.500s][info][gc,cpu      ] GC(123) User=0.56s Sys=0.00s Real=0.03s
[101.519s][info][gc,marking  ] GC(124) Concurrent Scan Root Regions 18.576ms
[101.519s][info][gc,marking  ] GC(124) Concurrent Mark
[101.519s][info][gc,marking  ] GC(124) Concurrent Mark From Roots
[101.519s][info][gc,task     ] GC(124) Using 5 workers of 5 for marking
[101.874s][info][gc,marking  ] GC(124) Concurrent Mark From Roots 354.750ms
[101.874s][info][gc,marking  ] GC(124) Concurrent Preclean
[101.875s][info][gc,marking  ] GC(124) Concurrent Preclean 1.405ms
[101.876s][info][gc,start    ] GC(124) Pause Remark
[101.886s][info][gc          ] GC(124) Pause Remark 1788M->1788M(2534M) 10.894ms
[101.887s][info][gc,cpu      ] GC(124) User=0.08s Sys=0.02s Real=0.01s
[101.887s][info][gc,marking  ] GC(124) Concurrent Mark 367.596ms
[101.887s][info][gc,marking  ] GC(124) Concurrent Rebuild Remembered Sets and Scrub Regions
[102.165s][info][gc,marking  ] GC(124) Concurrent Rebuild Remembered Sets and Scrub Regions 277.903ms
[102.165s][info][gc,start    ] GC(124) Pause Cleanup
[102.166s][info][gc          ] GC(124) Pause Cleanup 2014M->2014M(2534M) 0.711ms
[102.166s][info][gc,cpu      ] GC(124) User=0.00s Sys=0.00s Real=0.00s
[102.166s][info][gc,marking  ] GC(124) Concurrent Clear Claimed Marks
[102.166s][info][gc,marking  ] GC(124) Concurrent Clear Claimed Marks 0.271ms
[102.166s][info][gc,marking  ] GC(124) Concurrent Cleanup for Next Mark
[102.170s][info][gc,marking  ] GC(124) Concurrent Cleanup for Next Mark 3.487ms
[102.170s][info][gc          ] GC(124) Concurrent Mark Cycle 669.212ms
[102.542s][info][gc,start    ] GC(125) Pause Young (Prepare Mixed) (G1 Evacuation Pause)
[102.542s][info][gc,task     ] GC(125) Using 18 workers of 18 for evacuation
[102.569s][info][gc,phases   ] GC(125)   Pre Evacuate Collection Set: 0.27ms
[102.569s][info][gc,phases   ] GC(125)   Merge Heap Roots: 0.48ms
[102.569s][info][gc,phases   ] GC(125)   Evacuate Collection Set: 24.74ms
[102.569s][info][gc,phases   ] GC(125)   Post Evacuate Collection Set: 1.11ms
[102.569s][info][gc,phases   ] GC(125)   Other: 0.10ms
[102.569s][info][gc,heap     ] GC(125) Eden regions: 433->0(418)
[102.569s][info][gc,heap     ] GC(125) Survivor regions: 46->47(60)
[102.569s][info][gc,heap     ] GC(125) Old regions: 679->697
[102.569s][info][gc,heap     ] GC(125) Humongous regions: 32->32
[102.569s][info][gc,metaspace] GC(125) Metaspace: 197900K(200000K)->197900K(200000K) NonClass: 166677K(167808K)->166677K(167808K) Class: 31223K(32192K)->31223K(32192K)
[102.569s][info][gc          ] GC(125) Pause Young (Prepare Mixed) (G1 Evacuation Pause) 2380M->1549M(2534M) 26.952ms
[102.569s][info][gc,cpu      ] GC(125) User=0.53s Sys=0.03s Real=0.03s
[103.483s][info][gc,start    ] GC(126) Pause Young (Mixed) (G1 Evacuation Pause)
[103.483s][info][gc,task     ] GC(126) Using 18 workers of 18 for evacuation
[103.537s][info][gc,phases   ] GC(126)   Pre Evacuate Collection Set: 0.33ms
[103.537s][info][gc,phases   ] GC(126)   Merge Heap Roots: 0.54ms
[103.537s][info][gc,phases   ] GC(126)   Evacuate Collection Set: 52.07ms
[103.537s][info][gc,phases   ] GC(126)   Post Evacuate Collection Set: 0.97ms
[103.537s][info][gc,phases   ] GC(126)   Other: 0.09ms
[103.537s][info][gc,heap     ] GC(126) Eden regions: 418->0(473)
[103.537s][info][gc,heap     ] GC(126) Survivor regions: 47->43(59)
[103.537s][info][gc,heap     ] GC(126) Old regions: 697->677
[103.537s][info][gc,heap     ] GC(126) Humongous regions: 32->32
[103.537s][info][gc,metaspace] GC(126) Metaspace: 197914K(200000K)->197914K(200000K) NonClass: 166690K(167808K)->166690K(167808K) Class: 31223K(32192K)->31223K(32192K)
[103.537s][info][gc          ] GC(126) Pause Young (Mixed) (G1 Evacuation Pause) 2385M->1502M(2622M) 54.231ms
[103.537s][info][gc,cpu      ] GC(126) User=0.83s Sys=0.05s Real=0.05s
[104.248s][info][gc,start    ] GC(127) Pause Young (Concurrent Start) (G1 Humongous Allocation)
[104.248s][info][gc,task     ] GC(127) Using 18 workers of 18 for evacuation
[104.274s][info][gc,phases   ] GC(127)   Pre Evacuate Collection Set: 0.42ms
[104.274s][info][gc,phases   ] GC(127)   Merge Heap Roots: 0.39ms
[104.274s][info][gc,phases   ] GC(127)   Evacuate Collection Set: 24.77ms
[104.274s][info][gc,phases   ] GC(127)   Post Evacuate Collection Set: 0.93ms
[104.275s][info][gc,phases   ] GC(127)   Other: 0.12ms
[104.275s][info][gc,heap     ] GC(127) Eden regions: 380->0(464)
[104.275s][info][gc,heap     ] GC(127) Survivor regions: 43->39(65)
[104.275s][info][gc,heap     ] GC(127) Old regions: 677->699
[104.275s][info][gc,heap     ] GC(127) Humongous regions: 32->32
[104.275s][info][gc,metaspace] GC(127) Metaspace: 197917K(200000K)->197917K(200000K) NonClass: 166693K(167808K)->166693K(167808K) Class: 31223K(32192K)->31223K(32192K)
[104.275s][info][gc          ] GC(127) Pause Young (Concurrent Start) (G1 Humongous Allocation) 2262M->1539M(2622M) 26.866ms
[104.275s][info][gc          ] GC(128) Concurrent Mark Cycle
[104.275s][info][gc,cpu      ] GC(127) User=0.50s Sys=0.05s Real=0.03s
[104.275s][info][gc,marking  ] GC(128) Concurrent Scan Root Regions
[104.295s][info][gc,marking  ] GC(128) Concurrent Scan Root Regions 20.285ms
[104.295s][info][gc,marking  ] GC(128) Concurrent Mark
[104.295s][info][gc,marking  ] GC(128) Concurrent Mark From Roots
[104.295s][info][gc,task     ] GC(128) Using 5 workers of 5 for marking
[104.646s][info][gc,marking  ] GC(128) Concurrent Mark From Roots 350.432ms
[104.646s][info][gc,marking  ] GC(128) Concurrent Preclean
[104.647s][info][gc,marking  ] GC(128) Concurrent Preclean 1.360ms
[104.647s][info][gc,start    ] GC(128) Pause Remark
[104.656s][info][gc          ] GC(128) Pause Remark 1865M->1865M(2622M) 8.851ms
[104.656s][info][gc,cpu      ] GC(128) User=0.00s Sys=0.00s Real=0.01s
[104.656s][info][gc,marking  ] GC(128) Concurrent Mark 361.313ms
[104.656s][info][gc,marking  ] GC(128) Concurrent Rebuild Remembered Sets and Scrub Regions
[104.949s][info][gc,marking  ] GC(128) Concurrent Rebuild Remembered Sets and Scrub Regions 292.101ms
[104.949s][info][gc,start    ] GC(128) Pause Cleanup
[104.950s][info][gc          ] GC(128) Pause Cleanup 2070M->2070M(2622M) 0.693ms
[104.950s][info][gc,cpu      ] GC(128) User=0.00s Sys=0.00s Real=0.00s
[104.950s][info][gc,marking  ] GC(128) Concurrent Clear Claimed Marks
[104.950s][info][gc,marking  ] GC(128) Concurrent Clear Claimed Marks 0.285ms
[104.950s][info][gc,marking  ] GC(128) Concurrent Cleanup for Next Mark
[104.954s][info][gc,marking  ] GC(128) Concurrent Cleanup for Next Mark 4.138ms
[104.954s][info][gc          ] GC(128) Concurrent Mark Cycle 679.548ms
[105.354s][info][gc,start    ] GC(129) Pause Young (Prepare Mixed) (G1 Evacuation Pause)
[105.354s][info][gc,task     ] GC(129) Using 18 workers of 18 for evacuation
[105.383s][info][gc,phases   ] GC(129)   Pre Evacuate Collection Set: 0.37ms
[105.383s][info][gc,phases   ] GC(129)   Merge Heap Roots: 0.55ms
[105.383s][info][gc,phases   ] GC(129)   Evacuate Collection Set: 26.71ms
[105.383s][info][gc,phases   ] GC(129)   Post Evacuate Collection Set: 1.05ms
[105.383s][info][gc,phases   ] GC(129)   Other: 0.11ms
[105.383s][info][gc,heap     ] GC(129) Eden regions: 464->0(441)
[105.383s][info][gc,heap     ] GC(129) Survivor regions: 39->41(63)
[105.383s][info][gc,heap     ] GC(129) Old regions: 699->718
[105.383s][info][gc,heap     ] GC(129) Humongous regions: 40->39
[105.383s][info][gc,metaspace] GC(129) Metaspace: 198006K(200128K)->198006K(200128K) NonClass: 166779K(167936K)->166779K(167936K) Class: 31226K(32192K)->31226K(32192K)
[105.383s][info][gc          ] GC(129) Pause Young (Prepare Mixed) (G1 Evacuation Pause) 2483M->1594M(2622M) 29.035ms
[105.383s][info][gc,cpu      ] GC(129) User=0.47s Sys=0.08s Real=0.03s
[106.632s][info][gc,start    ] GC(130) Pause Young (Mixed) (G1 Evacuation Pause)
[106.632s][info][gc,task     ] GC(130) Using 18 workers of 18 for evacuation
[106.690s][info][gc,phases   ] GC(130)   Pre Evacuate Collection Set: 0.42ms
[106.690s][info][gc,phases   ] GC(130)   Merge Heap Roots: 0.60ms
[106.690s][info][gc,phases   ] GC(130)   Evacuate Collection Set: 55.20ms
[106.690s][info][gc,phases   ] GC(130)   Post Evacuate Collection Set: 1.23ms
[106.690s][info][gc,phases   ] GC(130)   Other: 0.10ms
[106.690s][info][gc,heap     ] GC(130) Eden regions: 441->0(503)
[106.690s][info][gc,heap     ] GC(130) Survivor regions: 41->43(61)
[106.690s][info][gc,heap     ] GC(130) Old regions: 718->694
[106.690s][info][gc,heap     ] GC(130) Humongous regions: 39->39
[106.690s][info][gc,metaspace] GC(130) Metaspace: 198129K(200192K)->198129K(200192K) NonClass: 166873K(168000K)->166873K(168000K) Class: 31255K(32192K)->31255K(32192K)
[106.690s][info][gc          ] GC(130) Pause Young (Mixed) (G1 Evacuation Pause) 2476M->1550M(2710M) 57.812ms
[106.690s][info][gc,cpu      ] GC(130) User=0.77s Sys=0.02s Real=0.06s
[108.382s][info][gc,start    ] GC(131) Pause Young (Concurrent Start) (G1 Evacuation Pause)
[108.383s][info][gc,task     ] GC(131) Using 18 workers of 18 for evacuation
[108.413s][info][gc,phases   ] GC(131)   Pre Evacuate Collection Set: 0.49ms
[108.413s][info][gc,phases   ] GC(131)   Merge Heap Roots: 0.44ms
[108.413s][info][gc,phases   ] GC(131)   Evacuate Collection Set: 28.28ms
[108.413s][info][gc,phases   ] GC(131)   Post Evacuate Collection Set: 1.18ms
[108.413s][info][gc,phases   ] GC(131)   Other: 0.12ms
[108.413s][info][gc,heap     ] GC(131) Eden regions: 503->0(481)
[108.413s][info][gc,heap     ] GC(131) Survivor regions: 43->40(69)
[108.413s][info][gc,heap     ] GC(131) Old regions: 694->717
[108.413s][info][gc,heap     ] GC(131) Humongous regions: 39->39
[108.413s][info][gc,metaspace] GC(131) Metaspace: 198140K(200256K)->198140K(200256K) NonClass: 166884K(168064K)->166884K(168064K) Class: 31255K(32192K)->31255K(32192K)
[108.413s][info][gc          ] GC(131) Pause Young (Concurrent Start) (G1 Evacuation Pause) 2556M->1592M(2710M) 30.755ms
[108.413s][info][gc          ] GC(132) Concurrent Mark Cycle
[108.413s][info][gc,marking  ] GC(132) Concurrent Scan Root Regions
[108.413s][info][gc,cpu      ] GC(131) User=0.45s Sys=0.06s Real=0.03s
[108.431s][info][gc,marking  ] GC(132) Concurrent Scan Root Regions 17.448ms
[108.431s][info][gc,marking  ] GC(132) Concurrent Mark
[108.431s][info][gc,marking  ] GC(132) Concurrent Mark From Roots
[108.431s][info][gc,task     ] GC(132) Using 5 workers of 5 for marking
[108.881s][info][gc,marking  ] GC(132) Concurrent Mark From Roots 450.109ms
[108.881s][info][gc,marking  ] GC(132) Concurrent Preclean
[108.883s][info][gc,marking  ] GC(132) Concurrent Preclean 1.849ms
[108.884s][info][gc,start    ] GC(132) Pause Remark
[108.896s][info][gc          ] GC(132) Pause Remark 1799M->1793M(2710M) 11.558ms
[108.896s][info][gc,cpu      ] GC(132) User=0.02s Sys=0.00s Real=0.01s
[108.896s][info][gc,marking  ] GC(132) Concurrent Mark 465.075ms
[108.896s][info][gc,marking  ] GC(132) Concurrent Rebuild Remembered Sets and Scrub Regions
[109.248s][info][gc,marking  ] GC(132) Concurrent Rebuild Remembered Sets and Scrub Regions 352.525ms
[109.249s][info][gc,start    ] GC(132) Pause Cleanup
[109.250s][info][gc          ] GC(132) Pause Cleanup 2026M->2026M(2710M) 0.943ms
[109.250s][info][gc,cpu      ] GC(132) User=0.00s Sys=0.00s Real=0.00s
[109.250s][info][gc,marking  ] GC(132) Concurrent Clear Claimed Marks
[109.250s][info][gc,marking  ] GC(132) Concurrent Clear Claimed Marks 0.235ms
[109.250s][info][gc,marking  ] GC(132) Concurrent Cleanup for Next Mark
[109.254s][info][gc,marking  ] GC(132) Concurrent Cleanup for Next Mark 3.969ms
[109.254s][info][gc          ] GC(132) Concurrent Mark Cycle 840.878ms
[109.948s][info][gc,start    ] GC(133) Pause Young (Prepare Mixed) (G1 Evacuation Pause)
[109.948s][info][gc,task     ] GC(133) Using 18 workers of 18 for evacuation
[109.972s][info][gc,phases   ] GC(133)   Pre Evacuate Collection Set: 0.37ms
[109.972s][info][gc,phases   ] GC(133)   Merge Heap Roots: 0.52ms
[109.972s][info][gc,phases   ] GC(133)   Evacuate Collection Set: 21.64ms
[109.972s][info][gc,phases   ] GC(133)   Post Evacuate Collection Set: 1.44ms
[109.972s][info][gc,phases   ] GC(133)   Other: 0.16ms
[109.972s][info][gc,heap     ] GC(133) Eden regions: 481->0(481)
[109.972s][info][gc,heap     ] GC(133) Survivor regions: 40->34(66)
[109.972s][info][gc,heap     ] GC(133) Old regions: 717->734
[109.972s][info][gc,heap     ] GC(133) Humongous regions: 36->36
[109.972s][info][gc,metaspace] GC(133) Metaspace: 198171K(200256K)->198171K(200256K) NonClass: 166914K(168064K)->166914K(168064K) Class: 31256K(32192K)->31256K(32192K)
[109.973s][info][gc          ] GC(133) Pause Young (Prepare Mixed) (G1 Evacuation Pause) 2547M->1608M(2710M) 24.478ms
[109.973s][info][gc,cpu      ] GC(133) User=0.22s Sys=0.09s Real=0.02s
[111.270s][info][gc,start    ] GC(134) Pause Young (Mixed) (G1 Evacuation Pause)
[111.270s][info][gc,task     ] GC(134) Using 18 workers of 18 for evacuation
[111.320s][info][gc,phases   ] GC(134)   Pre Evacuate Collection Set: 0.45ms
[111.320s][info][gc,phases   ] GC(134)   Merge Heap Roots: 0.66ms
[111.320s][info][gc,phases   ] GC(134)   Evacuate Collection Set: 47.38ms
[111.320s][info][gc,phases   ] GC(134)   Post Evacuate Collection Set: 1.57ms
[111.320s][info][gc,phases   ] GC(134)   Other: 0.13ms
[111.320s][info][gc,heap     ] GC(134) Eden regions: 481->0(531)
[111.320s][info][gc,heap     ] GC(134) Survivor regions: 34->51(65)
[111.320s][info][gc,heap     ] GC(134) Old regions: 734->696
[111.320s][info][gc,heap     ] GC(134) Humongous regions: 36->36
[111.320s][info][gc,metaspace] GC(134) Metaspace: 198564K(200640K)->198564K(200640K) NonClass: 167264K(168384K)->167264K(168384K) Class: 31300K(32256K)->31300K(32256K)
[111.321s][info][gc          ] GC(134) Pause Young (Mixed) (G1 Evacuation Pause) 2570M->1565M(2774M) 50.572ms
[111.321s][info][gc,cpu      ] GC(134) User=0.88s Sys=0.11s Real=0.05s
[113.102s][info][gc,start    ] GC(135) Pause Young (Concurrent Start) (G1 Evacuation Pause)
[113.102s][info][gc,task     ] GC(135) Using 18 workers of 18 for evacuation
[113.123s][info][gc,phases   ] GC(135)   Pre Evacuate Collection Set: 0.45ms
[113.123s][info][gc,phases   ] GC(135)   Merge Heap Roots: 0.41ms
[113.123s][info][gc,phases   ] GC(135)   Evacuate Collection Set: 18.75ms
[113.123s][info][gc,phases   ] GC(135)   Post Evacuate Collection Set: 1.32ms
[113.123s][info][gc,phases   ] GC(135)   Other: 0.12ms
[113.123s][info][gc,heap     ] GC(135) Eden regions: 531->0(535)
[113.123s][info][gc,heap     ] GC(135) Survivor regions: 51->38(73)
[113.123s][info][gc,heap     ] GC(135) Old regions: 696->708
[113.123s][info][gc,heap     ] GC(135) Humongous regions: 36->36
[113.123s][info][gc,metaspace] GC(135) Metaspace: 199361K(201472K)->199361K(201472K) NonClass: 167996K(169152K)->167996K(169152K) Class: 31364K(32320K)->31364K(32320K)
[113.123s][info][gc          ] GC(135) Pause Young (Concurrent Start) (G1 Evacuation Pause) 2627M->1562M(2774M) 21.293ms
[113.123s][info][gc          ] GC(136) Concurrent Mark Cycle
[113.123s][info][gc,cpu      ] GC(135) User=0.27s Sys=0.02s Real=0.02s
[113.123s][info][gc,marking  ] GC(136) Concurrent Scan Root Regions
[113.136s][info][gc,marking  ] GC(136) Concurrent Scan Root Regions 12.920ms
[113.136s][info][gc,marking  ] GC(136) Concurrent Mark
[113.136s][info][gc,marking  ] GC(136) Concurrent Mark From Roots
[113.136s][info][gc,task     ] GC(136) Using 5 workers of 5 for marking
[113.491s][info][gc,marking  ] GC(136) Concurrent Mark From Roots 354.497ms
[113.491s][info][gc,marking  ] GC(136) Concurrent Preclean
[113.492s][info][gc,marking  ] GC(136) Concurrent Preclean 0.992ms
[113.492s][info][gc,start    ] GC(136) Pause Remark
[113.506s][info][gc          ] GC(136) Pause Remark 1670M->1670M(2774M) 14.534ms
[113.507s][info][gc,cpu      ] GC(136) User=0.05s Sys=0.02s Real=0.02s
[113.507s][info][gc,marking  ] GC(136) Concurrent Mark 370.533ms
[113.507s][info][gc,marking  ] GC(136) Concurrent Rebuild Remembered Sets and Scrub Regions
[113.798s][info][gc,marking  ] GC(136) Concurrent Rebuild Remembered Sets and Scrub Regions 291.099ms
[113.798s][info][gc,start    ] GC(136) Pause Cleanup
[113.799s][info][gc          ] GC(136) Pause Cleanup 1749M->1749M(2774M) 0.751ms
[113.799s][info][gc,cpu      ] GC(136) User=0.00s Sys=0.00s Real=0.00s
[113.799s][info][gc,marking  ] GC(136) Concurrent Clear Claimed Marks
[113.799s][info][gc,marking  ] GC(136) Concurrent Clear Claimed Marks 0.282ms
[113.799s][info][gc,marking  ] GC(136) Concurrent Cleanup for Next Mark
[113.803s][info][gc,marking  ] GC(136) Concurrent Cleanup for Next Mark 3.978ms
[113.803s][info][gc          ] GC(136) Concurrent Mark Cycle 680.304ms
[115.673s][info][gc,start    ] GC(137) Pause Young (Prepare Mixed) (G1 Evacuation Pause)
[115.673s][info][gc,task     ] GC(137) Using 18 workers of 18 for evacuation
[115.704s][info][gc,phases   ] GC(137)   Pre Evacuate Collection Set: 0.36ms
[115.704s][info][gc,phases   ] GC(137)   Merge Heap Roots: 0.51ms
[115.704s][info][gc,phases   ] GC(137)   Evacuate Collection Set: 28.28ms
[115.704s][info][gc,phases   ] GC(137)   Post Evacuate Collection Set: 1.58ms
[115.704s][info][gc,phases   ] GC(137)   Other: 0.12ms
[115.704s][info][gc,heap     ] GC(137) Eden regions: 535->0(507)
[115.704s][info][gc,heap     ] GC(137) Survivor regions: 38->58(72)
[115.704s][info][gc,heap     ] GC(137) Old regions: 708->708
[115.704s][info][gc,heap     ] GC(137) Humongous regions: 42->42
[115.704s][info][gc,metaspace] GC(137) Metaspace: 200069K(202240K)->200069K(202240K) NonClass: 168613K(169792K)->168613K(169792K) Class: 31456K(32448K)->31456K(32448K)
[115.704s][info][gc          ] GC(137) Pause Young (Prepare Mixed) (G1 Evacuation Pause) 2644M->1613M(2774M) 31.165ms
[115.704s][info][gc,cpu      ] GC(137) User=0.52s Sys=0.08s Real=0.03s
[116.852s][info][gc,start    ] GC(138) Pause Young (Mixed) (G1 Evacuation Pause)
[116.852s][info][gc,task     ] GC(138) Using 18 workers of 18 for evacuation
[116.896s][info][gc,phases   ] GC(138)   Pre Evacuate Collection Set: 0.48ms
[116.896s][info][gc,phases   ] GC(138)   Merge Heap Roots: 0.65ms
[116.896s][info][gc,phases   ] GC(138)   Evacuate Collection Set: 41.16ms
[116.896s][info][gc,phases   ] GC(138)   Post Evacuate Collection Set: 1.57ms
[116.896s][info][gc,phases   ] GC(138)   Other: 0.10ms
[116.896s][info][gc,heap     ] GC(138) Eden regions: 507->0(575)
[116.896s][info][gc,heap     ] GC(138) Survivor regions: 58->39(71)
[116.896s][info][gc,heap     ] GC(138) Old regions: 708->689
[116.896s][info][gc,heap     ] GC(138) Humongous regions: 42->42
[116.896s][info][gc,metaspace] GC(138) Metaspace: 200095K(202240K)->200095K(202240K) NonClass: 168638K(169792K)->168638K(169792K) Class: 31456K(32448K)->31456K(32448K)
[116.896s][info][gc          ] GC(138) Pause Young (Mixed) (G1 Evacuation Pause) 2627M->1539M(2834M) 44.235ms
[116.896s][info][gc,cpu      ] GC(138) User=0.59s Sys=0.06s Real=0.04s
[117.985s][info][gc,start    ] GC(139) Pause Young (Concurrent Start) (G1 Humongous Allocation)
[117.985s][info][gc,task     ] GC(139) Using 18 workers of 18 for evacuation
[118.003s][info][gc,phases   ] GC(139)   Pre Evacuate Collection Set: 0.39ms
[118.003s][info][gc,phases   ] GC(139)   Merge Heap Roots: 0.25ms
[118.003s][info][gc,phases   ] GC(139)   Evacuate Collection Set: 16.01ms
[118.003s][info][gc,phases   ] GC(139)   Post Evacuate Collection Set: 1.37ms
[118.003s][info][gc,phases   ] GC(139)   Other: 0.19ms
[118.003s][info][gc,heap     ] GC(139) Eden regions: 560->0(572)
[118.003s][info][gc,heap     ] GC(139) Survivor regions: 39->42(77)
[118.003s][info][gc,heap     ] GC(139) Old regions: 689->689
[118.003s][info][gc,heap     ] GC(139) Humongous regions: 42->42
[118.003s][info][gc,metaspace] GC(139) Metaspace: 200107K(202240K)->200107K(202240K) NonClass: 168650K(169792K)->168650K(169792K) Class: 31456K(32448K)->31456K(32448K)
[118.003s][info][gc          ] GC(139) Pause Young (Concurrent Start) (G1 Humongous Allocation) 2658M->1545M(2834M) 18.462ms
[118.003s][info][gc          ] GC(140) Concurrent Mark Cycle
[118.003s][info][gc,marking  ] GC(140) Concurrent Scan Root Regions
[118.003s][info][gc,cpu      ] GC(139) User=0.27s Sys=0.00s Real=0.02s
[118.016s][info][gc,marking  ] GC(140) Concurrent Scan Root Regions 12.485ms
[118.016s][info][gc,marking  ] GC(140) Concurrent Mark
[118.016s][info][gc,marking  ] GC(140) Concurrent Mark From Roots
[118.016s][info][gc,task     ] GC(140) Using 5 workers of 5 for marking
[118.323s][info][gc,marking  ] GC(140) Concurrent Mark From Roots 307.200ms
[118.323s][info][gc,marking  ] GC(140) Concurrent Preclean
[118.324s][info][gc,marking  ] GC(140) Concurrent Preclean 1.091ms
[118.325s][info][gc,start    ] GC(140) Pause Remark
[118.337s][info][gc          ] GC(140) Pause Remark 1835M->1813M(2834M) 12.580ms
[118.337s][info][gc,cpu      ] GC(140) User=0.11s Sys=0.00s Real=0.01s
[118.337s][info][gc,marking  ] GC(140) Concurrent Mark 321.322ms
[118.337s][info][gc,marking  ] GC(140) Concurrent Rebuild Remembered Sets and Scrub Regions
[118.620s][info][gc,marking  ] GC(140) Concurrent Rebuild Remembered Sets and Scrub Regions 282.967ms
[118.621s][info][gc,start    ] GC(140) Pause Cleanup
[118.621s][info][gc          ] GC(140) Pause Cleanup 2071M->2071M(2834M) 0.796ms
[118.621s][info][gc,cpu      ] GC(140) User=0.00s Sys=0.00s Real=0.00s
[118.622s][info][gc,marking  ] GC(140) Concurrent Clear Claimed Marks
[118.622s][info][gc,marking  ] GC(140) Concurrent Clear Claimed Marks 0.239ms
[118.622s][info][gc,marking  ] GC(140) Concurrent Cleanup for Next Mark
[118.625s][info][gc,marking  ] GC(140) Concurrent Cleanup for Next Mark 3.160ms
[118.625s][info][gc          ] GC(140) Concurrent Mark Cycle 621.677ms
[119.238s][info][gc,start    ] GC(141) Pause Young (Prepare Mixed) (G1 Evacuation Pause)
[119.238s][info][gc,task     ] GC(141) Using 18 workers of 18 for evacuation
[119.256s][info][gc,phases   ] GC(141)   Pre Evacuate Collection Set: 0.29ms
[119.256s][info][gc,phases   ] GC(141)   Merge Heap Roots: 0.30ms
[119.256s][info][gc,phases   ] GC(141)   Evacuate Collection Set: 15.79ms
[119.256s][info][gc,phases   ] GC(141)   Post Evacuate Collection Set: 1.22ms
[119.256s][info][gc,phases   ] GC(141)   Other: 0.15ms
[119.256s][info][gc,heap     ] GC(141) Eden regions: 572->0(581)
[119.256s][info][gc,heap     ] GC(141) Survivor regions: 42->43(77)
[119.256s][info][gc,heap     ] GC(141) Old regions: 689->689
[119.256s][info][gc,heap     ] GC(141) Humongous regions: 32->32
[119.256s][info][gc,metaspace] GC(141) Metaspace: 200116K(202240K)->200116K(202240K) NonClass: 168660K(169792K)->168660K(169792K) Class: 31456K(32448K)->31456K(32448K)
[119.256s][info][gc          ] GC(141) Pause Young (Prepare Mixed) (G1 Evacuation Pause) 2669M->1526M(2834M) 17.998ms
[119.256s][info][gc,cpu      ] GC(141) User=0.56s Sys=0.03s Real=0.02s
[120.384s][info][gc,start    ] GC(142) Pause Young (Mixed) (G1 Evacuation Pause)
[120.384s][info][gc,task     ] GC(142) Using 18 workers of 18 for evacuation
[120.421s][info][gc,phases   ] GC(142)   Pre Evacuate Collection Set: 0.34ms
[120.422s][info][gc,phases   ] GC(142)   Merge Heap Roots: 0.45ms
[120.422s][info][gc,phases   ] GC(142)   Evacuate Collection Set: 35.39ms
[120.422s][info][gc,phases   ] GC(142)   Post Evacuate Collection Set: 1.29ms
[120.422s][info][gc,phases   ] GC(142)   Other: 0.15ms
[120.422s][info][gc,heap     ] GC(142) Eden regions: 581->0(637)
[120.422s][info][gc,heap     ] GC(142) Survivor regions: 43->45(78)
[120.422s][info][gc,heap     ] GC(142) Old regions: 689->652
[120.422s][info][gc,heap     ] GC(142) Humongous regions: 34->34
[120.422s][info][gc,metaspace] GC(142) Metaspace: 200128K(202240K)->200128K(202240K) NonClass: 168671K(169792K)->168671K(169792K) Class: 31456K(32448K)->31456K(32448K)
[120.422s][info][gc          ] GC(142) Pause Young (Mixed) (G1 Evacuation Pause) 2692M->1461M(2880M) 37.867ms
[120.422s][info][gc,cpu      ] GC(142) User=0.50s Sys=0.05s Real=0.04s
[121.447s][info][gc,start    ] GC(143) Pause Young (Concurrent Start) (G1 Humongous Allocation)
[121.448s][info][gc,task     ] GC(143) Using 18 workers of 18 for evacuation
[121.485s][info][gc,phases   ] GC(143)   Pre Evacuate Collection Set: 0.60ms
[121.485s][info][gc,phases   ] GC(143)   Merge Heap Roots: 0.37ms
[121.485s][info][gc,phases   ] GC(143)   Evacuate Collection Set: 34.66ms
[121.485s][info][gc,phases   ] GC(143)   Post Evacuate Collection Set: 1.35ms
[121.485s][info][gc,phases   ] GC(143)   Other: 0.12ms
[121.485s][info][gc,heap     ] GC(143) Eden regions: 622->0(602)
[121.485s][info][gc,heap     ] GC(143) Survivor regions: 45->80(86)
[121.485s][info][gc,heap     ] GC(143) Old regions: 652->652
[121.485s][info][gc,heap     ] GC(143) Humongous regions: 34->34
[121.485s][info][gc,metaspace] GC(143) Metaspace: 200561K(202752K)->200561K(202752K) NonClass: 169057K(170240K)->169057K(170240K) Class: 31503K(32512K)->31503K(32512K)
[121.485s][info][gc          ] GC(143) Pause Young (Concurrent Start) (G1 Humongous Allocation) 2704M->1531M(2880M) 37.349ms
[121.485s][info][gc          ] GC(144) Concurrent Mark Cycle
[121.485s][info][gc,cpu      ] GC(143) User=0.56s Sys=0.00s Real=0.04s
[121.485s][info][gc,marking  ] GC(144) Concurrent Scan Root Regions
[121.507s][info][gc,marking  ] GC(144) Concurrent Scan Root Regions 21.958ms
[121.507s][info][gc,marking  ] GC(144) Concurrent Mark
[121.507s][info][gc,marking  ] GC(144) Concurrent Mark From Roots
[121.507s][info][gc,task     ] GC(144) Using 5 workers of 5 for marking
[121.854s][info][gc,marking  ] GC(144) Concurrent Mark From Roots 346.849ms
[121.854s][info][gc,marking  ] GC(144) Concurrent Preclean
[121.856s][info][gc,marking  ] GC(144) Concurrent Preclean 1.741ms
[121.856s][info][gc,start    ] GC(144) Pause Remark
[121.868s][info][gc          ] GC(144) Pause Remark 2163M->2161M(2880M) 11.871ms
[121.868s][info][gc,cpu      ] GC(144) User=0.05s Sys=0.00s Real=0.01s
[121.868s][info][gc,marking  ] GC(144) Concurrent Mark 360.960ms
[121.868s][info][gc,marking  ] GC(144) Concurrent Rebuild Remembered Sets and Scrub Regions
[122.131s][info][gc,marking  ] GC(144) Concurrent Rebuild Remembered Sets and Scrub Regions 263.126ms
[122.131s][info][gc,start    ] GC(144) Pause Cleanup
[122.132s][info][gc          ] GC(144) Pause Cleanup 2280M->2280M(2880M) 0.628ms
[122.132s][info][gc,cpu      ] GC(144) User=0.00s Sys=0.00s Real=0.00s
[122.132s][info][gc,marking  ] GC(144) Concurrent Clear Claimed Marks
[122.132s][info][gc,marking  ] GC(144) Concurrent Clear Claimed Marks 0.223ms
[122.132s][info][gc,marking  ] GC(144) Concurrent Cleanup for Next Mark
[122.135s][info][gc,marking  ] GC(144) Concurrent Cleanup for Next Mark 2.586ms
[122.135s][info][gc          ] GC(144) Concurrent Mark Cycle 650.130ms
[122.595s][info][gc,start    ] GC(145) Pause Young (Prepare Mixed) (G1 Evacuation Pause)
[122.595s][info][gc,task     ] GC(145) Using 18 workers of 18 for evacuation
[122.616s][info][gc,phases   ] GC(145)   Pre Evacuate Collection Set: 0.29ms
[122.616s][info][gc,phases   ] GC(145)   Merge Heap Roots: 0.45ms
[122.616s][info][gc,phases   ] GC(145)   Evacuate Collection Set: 18.61ms
[122.616s][info][gc,phases   ] GC(145)   Post Evacuate Collection Set: 1.11ms
[122.616s][info][gc,phases   ] GC(145)   Other: 0.08ms
[122.616s][info][gc,heap     ] GC(145) Eden regions: 602->0(631)
[122.616s][info][gc,heap     ] GC(145) Survivor regions: 80->19(86)
[122.616s][info][gc,heap     ] GC(145) Old regions: 652->687
[122.616s][info][gc,heap     ] GC(145) Humongous regions: 34->31
[122.616s][info][gc,metaspace] GC(145) Metaspace: 200689K(202880K)->200689K(202880K) NonClass: 169185K(170368K)->169185K(170368K) Class: 31503K(32512K)->31503K(32512K)
[122.616s][info][gc          ] GC(145) Pause Young (Prepare Mixed) (G1 Evacuation Pause) 2735M->1473M(2880M) 20.805ms
[122.616s][info][gc,cpu      ] GC(145) User=0.30s Sys=0.00s Real=0.02s
[123.756s][info][gc,start    ] GC(146) Pause Young (Mixed) (G1 Evacuation Pause)
[123.756s][info][gc,task     ] GC(146) Using 18 workers of 18 for evacuation
[123.775s][info][gc,phases   ] GC(146)   Pre Evacuate Collection Set: 0.32ms
[123.775s][info][gc,phases   ] GC(146)   Merge Heap Roots: 0.36ms
[123.775s][info][gc,phases   ] GC(146)   Evacuate Collection Set: 16.56ms
[123.775s][info][gc,phases   ] GC(146)   Post Evacuate Collection Set: 1.33ms
[123.775s][info][gc,phases   ] GC(146)   Other: 0.16ms
[123.775s][info][gc,heap     ] GC(146) Eden regions: 631->0(641)
[123.775s][info][gc,heap     ] GC(146) Survivor regions: 19->20(82)
[123.775s][info][gc,heap     ] GC(146) Old regions: 687->673
[123.775s][info][gc,heap     ] GC(146) Humongous regions: 34->34
[123.775s][info][gc,metaspace] GC(146) Metaspace: 200829K(203008K)->200829K(203008K) NonClass: 169323K(170496K)->169323K(170496K) Class: 31505K(32512K)->31505K(32512K)
[123.775s][info][gc          ] GC(146) Pause Young (Mixed) (G1 Evacuation Pause) 2741M->1451M(2880M) 18.995ms
[123.775s][info][gc,cpu      ] GC(146) User=0.28s Sys=0.00s Real=0.02s
[125.067s][info][gc,start    ] GC(147) Pause Young (Concurrent Start) (G1 Evacuation Pause)
[125.067s][info][gc,task     ] GC(147) Using 18 workers of 18 for evacuation
[125.080s][info][gc,phases   ] GC(147)   Pre Evacuate Collection Set: 0.46ms
[125.080s][info][gc,phases   ] GC(147)   Merge Heap Roots: 0.32ms
[125.080s][info][gc,phases   ] GC(147)   Evacuate Collection Set: 9.88ms
[125.080s][info][gc,phases   ] GC(147)   Post Evacuate Collection Set: 2.14ms
[125.080s][info][gc,phases   ] GC(147)   Other: 0.18ms
[125.080s][info][gc,heap     ] GC(147) Eden regions: 641->0(639)
[125.080s][info][gc,heap     ] GC(147) Survivor regions: 20->22(83)
[125.080s][info][gc,heap     ] GC(147) Old regions: 673->673
[125.080s][info][gc,heap     ] GC(147) Humongous regions: 34->34
[125.080s][info][gc,metaspace] GC(147) Metaspace: 200891K(203072K)->200891K(203072K) NonClass: 169385K(170560K)->169385K(170560K) Class: 31505K(32512K)->31505K(32512K)
[125.080s][info][gc          ] GC(147) Pause Young (Concurrent Start) (G1 Evacuation Pause) 2733M->1456M(2880M) 13.232ms
[125.080s][info][gc          ] GC(148) Concurrent Mark Cycle
[125.080s][info][gc,marking  ] GC(148) Concurrent Scan Root Regions
[125.080s][info][gc,cpu      ] GC(147) User=0.27s Sys=0.00s Real=0.01s
[125.089s][info][gc,marking  ] GC(148) Concurrent Scan Root Regions 9.207ms
[125.089s][info][gc,marking  ] GC(148) Concurrent Mark
[125.089s][info][gc,marking  ] GC(148) Concurrent Mark From Roots
[125.089s][info][gc,task     ] GC(148) Using 5 workers of 5 for marking
[125.402s][info][gc,marking  ] GC(148) Concurrent Mark From Roots 313.039ms
[125.402s][info][gc,marking  ] GC(148) Concurrent Preclean
[125.404s][info][gc,marking  ] GC(148) Concurrent Preclean 1.253ms
[125.404s][info][gc,start    ] GC(148) Pause Remark
[125.437s][info][gc          ] GC(148) Pause Remark 1736M->1729M(2880M) 33.117ms
[125.437s][info][gc,cpu      ] GC(148) User=0.33s Sys=0.03s Real=0.03s
[125.437s][info][gc,marking  ] GC(148) Concurrent Mark 347.900ms
[125.437s][info][gc,marking  ] GC(148) Concurrent Rebuild Remembered Sets and Scrub Regions
[125.684s][info][gc,marking  ] GC(148) Concurrent Rebuild Remembered Sets and Scrub Regions 246.669ms
[125.684s][info][gc,start    ] GC(148) Pause Cleanup
[125.685s][info][gc          ] GC(148) Pause Cleanup 1949M->1949M(2880M) 0.783ms
[125.685s][info][gc,cpu      ] GC(148) User=0.00s Sys=0.00s Real=0.00s
[125.685s][info][gc,marking  ] GC(148) Concurrent Clear Claimed Marks
[125.685s][info][gc,marking  ] GC(148) Concurrent Clear Claimed Marks 0.223ms
[125.685s][info][gc,marking  ] GC(148) Concurrent Cleanup for Next Mark
[125.689s][info][gc,marking  ] GC(148) Concurrent Cleanup for Next Mark 3.611ms
[125.689s][info][gc          ] GC(148) Concurrent Mark Cycle 609.045ms
[126.461s][info][gc,start    ] GC(149) Pause Young (Prepare Mixed) (G1 Evacuation Pause)
[126.461s][info][gc,task     ] GC(149) Using 18 workers of 18 for evacuation
[126.475s][info][gc,phases   ] GC(149)   Pre Evacuate Collection Set: 0.40ms
[126.475s][info][gc,phases   ] GC(149)   Merge Heap Roots: 0.32ms
[126.475s][info][gc,phases   ] GC(149)   Evacuate Collection Set: 11.06ms
[126.475s][info][gc,phases   ] GC(149)   Post Evacuate Collection Set: 1.60ms
[126.475s][info][gc,phases   ] GC(149)   Other: 0.12ms
[126.475s][info][gc,heap     ] GC(149) Eden regions: 639->0(640)
[126.475s][info][gc,heap     ] GC(149) Survivor regions: 22->25(83)
[126.475s][info][gc,heap     ] GC(149) Old regions: 672->672
[126.475s][info][gc,heap     ] GC(149) Humongous regions: 31->31
[126.475s][info][gc,metaspace] GC(149) Metaspace: 200926K(203072K)->200926K(203072K) NonClass: 169427K(170560K)->169427K(170560K) Class: 31498K(32512K)->31498K(32512K)
[126.475s][info][gc          ] GC(149) Pause Young (Prepare Mixed) (G1 Evacuation Pause) 2727M->1455M(2880M) 13.772ms
[126.475s][info][gc,cpu      ] GC(149) User=0.02s Sys=0.00s Real=0.01s
[127.772s][info][gc,start    ] GC(150) Pause Young (Mixed) (G1 Evacuation Pause)
[127.772s][info][gc,task     ] GC(150) Using 18 workers of 18 for evacuation
[127.809s][info][gc,phases   ] GC(150)   Pre Evacuate Collection Set: 0.41ms
[127.809s][info][gc,phases   ] GC(150)   Merge Heap Roots: 0.60ms
[127.809s][info][gc,phases   ] GC(150)   Evacuate Collection Set: 35.22ms
[127.809s][info][gc,phases   ] GC(150)   Post Evacuate Collection Set: 1.21ms
[127.809s][info][gc,phases   ] GC(150)   Other: 0.11ms
[127.809s][info][gc,heap     ] GC(150) Eden regions: 640->0(729)
[127.809s][info][gc,heap     ] GC(150) Survivor regions: 25->29(84)
[127.810s][info][gc,heap     ] GC(150) Old regions: 672->599
[127.810s][info][gc,heap     ] GC(150) Humongous regions: 31->31
[127.810s][info][gc,metaspace] GC(150) Metaspace: 200983K(203136K)->200983K(203136K) NonClass: 169484K(170624K)->169484K(170624K) Class: 31498K(32512K)->31498K(32512K)
[127.810s][info][gc          ] GC(150) Pause Young (Mixed) (G1 Evacuation Pause) 2735M->1317M(2924M) 37.837ms
[127.810s][info][gc,cpu      ] GC(150) User=0.56s Sys=0.00s Real=0.04s
[129.423s][info][gc,start    ] GC(151) Pause Young (Concurrent Start) (G1 Evacuation Pause)
[129.423s][info][gc,task     ] GC(151) Using 18 workers of 18 for evacuation
[129.438s][info][gc,phases   ] GC(151)   Pre Evacuate Collection Set: 0.57ms
[129.438s][info][gc,phases   ] GC(151)   Merge Heap Roots: 0.33ms
[129.438s][info][gc,phases   ] GC(151)   Evacuate Collection Set: 12.79ms
[129.438s][info][gc,phases   ] GC(151)   Post Evacuate Collection Set: 1.28ms
[129.438s][info][gc,phases   ] GC(151)   Other: 0.30ms
[129.438s][info][gc,heap     ] GC(151) Eden regions: 729->0(727)
[129.438s][info][gc,heap     ] GC(151) Survivor regions: 29->31(95)
[129.438s][info][gc,heap     ] GC(151) Old regions: 599->599
[129.438s][info][gc,heap     ] GC(151) Humongous regions: 31->31
[129.438s][info][gc,metaspace] GC(151) Metaspace: 201044K(203200K)->201044K(203200K) NonClass: 169545K(170688K)->169545K(170688K) Class: 31499K(32512K)->31499K(32512K)
[129.438s][info][gc          ] GC(151) Pause Young (Concurrent Start) (G1 Evacuation Pause) 2775M->1321M(2924M) 15.538ms
[129.438s][info][gc          ] GC(152) Concurrent Mark Cycle
[129.438s][info][gc,marking  ] GC(152) Concurrent Scan Root Regions
[129.438s][info][gc,cpu      ] GC(151) User=0.25s Sys=0.03s Real=0.02s
[129.450s][info][gc,marking  ] GC(152) Concurrent Scan Root Regions 12.198ms
[129.450s][info][gc,marking  ] GC(152) Concurrent Mark
[129.450s][info][gc,marking  ] GC(152) Concurrent Mark From Roots
[129.450s][info][gc,task     ] GC(152) Using 5 workers of 5 for marking
[129.792s][info][gc,marking  ] GC(152) Concurrent Mark From Roots 341.549ms
[129.792s][info][gc,marking  ] GC(152) Concurrent Preclean
[129.794s][info][gc,marking  ] GC(152) Concurrent Preclean 1.532ms
[129.794s][info][gc,start    ] GC(152) Pause Remark
[129.805s][info][gc          ] GC(152) Pause Remark 1574M->1574M(2924M) 11.693ms
[129.806s][info][gc,cpu      ] GC(152) User=0.06s Sys=0.00s Real=0.01s
[129.806s][info][gc,marking  ] GC(152) Concurrent Mark 355.237ms
[129.806s][info][gc,marking  ] GC(152) Concurrent Rebuild Remembered Sets and Scrub Regions
[130.054s][info][gc,marking  ] GC(152) Concurrent Rebuild Remembered Sets and Scrub Regions 248.576ms
[130.055s][info][gc,start    ] GC(152) Pause Cleanup
[130.055s][info][gc          ] GC(152) Pause Cleanup 1789M->1789M(2924M) 0.877ms
[130.056s][info][gc,cpu      ] GC(152) User=0.00s Sys=0.00s Real=0.00s
[130.056s][info][gc,marking  ] GC(152) Concurrent Clear Claimed Marks
[130.056s][info][gc,marking  ] GC(152) Concurrent Clear Claimed Marks 0.246ms
[130.056s][info][gc,marking  ] GC(152) Concurrent Cleanup for Next Mark
[130.059s][info][gc,marking  ] GC(152) Concurrent Cleanup for Next Mark 3.411ms
[130.059s][info][gc          ] GC(152) Concurrent Mark Cycle 621.275ms
[131.045s][info][gc,start    ] GC(153) Pause Young (Prepare Mixed) (G1 Evacuation Pause)
[131.045s][info][gc,task     ] GC(153) Using 18 workers of 18 for evacuation
[131.062s][info][gc,phases   ] GC(153)   Pre Evacuate Collection Set: 0.31ms
[131.062s][info][gc,phases   ] GC(153)   Merge Heap Roots: 0.37ms
[131.062s][info][gc,phases   ] GC(153)   Evacuate Collection Set: 14.94ms
[131.062s][info][gc,phases   ] GC(153)   Post Evacuate Collection Set: 1.44ms
[131.062s][info][gc,phases   ] GC(153)   Other: 0.10ms
[131.062s][info][gc,heap     ] GC(153) Eden regions: 727->0(718)
[131.062s][info][gc,heap     ] GC(153) Survivor regions: 31->35(95)
[131.062s][info][gc,heap     ] GC(153) Old regions: 599->599
[131.062s][info][gc,heap     ] GC(153) Humongous regions: 36->36
[131.062s][info][gc,metaspace] GC(153) Metaspace: 201051K(203200K)->201051K(203200K) NonClass: 169552K(170688K)->169552K(170688K) Class: 31499K(32512K)->31499K(32512K)
[131.062s][info][gc          ] GC(153) Pause Young (Prepare Mixed) (G1 Evacuation Pause) 2785M->1339M(2924M) 17.478ms
[131.062s][info][gc,cpu      ] GC(153) User=0.27s Sys=0.00s Real=0.02s
[132.480s][info][gc,start    ] GC(154) Pause Young (Mixed) (G1 Evacuation Pause)
[132.480s][info][gc,task     ] GC(154) Using 18 workers of 18 for evacuation
[132.506s][info][gc,phases   ] GC(154)   Pre Evacuate Collection Set: 0.53ms
[132.506s][info][gc,phases   ] GC(154)   Merge Heap Roots: 0.49ms
[132.506s][info][gc,phases   ] GC(154)   Evacuate Collection Set: 23.44ms
[132.506s][info][gc,phases   ] GC(154)   Post Evacuate Collection Set: 1.43ms
[132.506s][info][gc,phases   ] GC(154)   Other: 0.14ms
[132.506s][info][gc,heap     ] GC(154) Eden regions: 718->0(728)
[132.506s][info][gc,heap     ] GC(154) Survivor regions: 35->39(95)
[132.506s][info][gc,heap     ] GC(154) Old regions: 599->585
[132.506s][info][gc,heap     ] GC(154) Humongous regions: 36->36
[132.506s][info][gc,metaspace] GC(154) Metaspace: 201068K(203200K)->201068K(203200K) NonClass: 169569K(170688K)->169569K(170688K) Class: 31499K(32512K)->31499K(32512K)
[132.506s][info][gc          ] GC(154) Pause Young (Mixed) (G1 Evacuation Pause) 2775M->1319M(2924M) 26.302ms
[132.506s][info][gc,cpu      ] GC(154) User=0.47s Sys=0.02s Real=0.03s
[133.887s][info][gc,start    ] GC(155) Pause Young (Concurrent Start) (G1 Evacuation Pause)
[133.887s][info][gc,task     ] GC(155) Using 18 workers of 18 for evacuation
[133.906s][info][gc,phases   ] GC(155)   Pre Evacuate Collection Set: 0.35ms
[133.906s][info][gc,phases   ] GC(155)   Merge Heap Roots: 0.29ms
[133.906s][info][gc,phases   ] GC(155)   Evacuate Collection Set: 16.24ms
[133.906s][info][gc,phases   ] GC(155)   Post Evacuate Collection Set: 1.88ms
[133.906s][info][gc,phases   ] GC(155)   Other: 0.14ms
[133.906s][info][gc,heap     ] GC(155) Eden regions: 728->0(723)
[133.906s][info][gc,heap     ] GC(155) Survivor regions: 39->44(96)
[133.906s][info][gc,heap     ] GC(155) Old regions: 585->585
[133.906s][info][gc,heap     ] GC(155) Humongous regions: 36->36
[133.906s][info][gc,metaspace] GC(155) Metaspace: 201074K(203200K)->201074K(203200K) NonClass: 169573K(170688K)->169573K(170688K) Class: 31500K(32512K)->31500K(32512K)
[133.906s][info][gc          ] GC(155) Pause Young (Concurrent Start) (G1 Evacuation Pause) 2775M->1328M(2924M) 19.167ms
[133.906s][info][gc          ] GC(156) Concurrent Mark Cycle
[133.906s][info][gc,cpu      ] GC(155) User=0.28s Sys=0.00s Real=0.02s
[133.906s][info][gc,marking  ] GC(156) Concurrent Scan Root Regions
[133.920s][info][gc,marking  ] GC(156) Concurrent Scan Root Regions 13.264ms
[133.920s][info][gc,marking  ] GC(156) Concurrent Mark
[133.920s][info][gc,marking  ] GC(156) Concurrent Mark From Roots
[133.920s][info][gc,task     ] GC(156) Using 5 workers of 5 for marking
[134.189s][info][gc,marking  ] GC(156) Concurrent Mark From Roots 269.588ms
[134.189s][info][gc,marking  ] GC(156) Concurrent Preclean
[134.190s][info][gc,marking  ] GC(156) Concurrent Preclean 1.156ms
[134.191s][info][gc,start    ] GC(156) Pause Remark
[134.200s][info][gc          ] GC(156) Pause Remark 1620M->1614M(2924M) 9.195ms
[134.200s][info][gc,cpu      ] GC(156) User=0.09s Sys=0.02s Real=0.01s
[134.200s][info][gc,marking  ] GC(156) Concurrent Mark 280.361ms
[134.200s][info][gc,marking  ] GC(156) Concurrent Rebuild Remembered Sets and Scrub Regions
[134.435s][info][gc,marking  ] GC(156) Concurrent Rebuild Remembered Sets and Scrub Regions 234.462ms
[134.435s][info][gc,start    ] GC(156) Pause Cleanup
[134.436s][info][gc          ] GC(156) Pause Cleanup 1841M->1841M(2924M) 0.807ms
[134.436s][info][gc,cpu      ] GC(156) User=0.00s Sys=0.00s Real=0.00s
[134.436s][info][gc,marking  ] GC(156) Concurrent Clear Claimed Marks
[134.436s][info][gc,marking  ] GC(156) Concurrent Clear Claimed Marks 0.292ms
[134.436s][info][gc,marking  ] GC(156) Concurrent Cleanup for Next Mark
[134.440s][info][gc,marking  ] GC(156) Concurrent Cleanup for Next Mark 3.906ms
[134.440s][info][gc          ] GC(156) Concurrent Mark Cycle 533.819ms
[135.267s][info][gc,start    ] GC(157) Pause Young (Prepare Mixed) (G1 Evacuation Pause)
[135.267s][info][gc,task     ] GC(157) Using 18 workers of 18 for evacuation
[135.287s][info][gc,phases   ] GC(157)   Pre Evacuate Collection Set: 0.34ms
[135.287s][info][gc,phases   ] GC(157)   Merge Heap Roots: 0.40ms
[135.287s][info][gc,phases   ] GC(157)   Evacuate Collection Set: 18.00ms
[135.287s][info][gc,phases   ] GC(157)   Post Evacuate Collection Set: 1.13ms
[135.287s][info][gc,phases   ] GC(157)   Other: 0.10ms
[135.287s][info][gc,heap     ] GC(157) Eden regions: 723->0(722)
[135.287s][info][gc,heap     ] GC(157) Survivor regions: 44->48(96)
[135.287s][info][gc,heap     ] GC(157) Old regions: 585->585
[135.287s][info][gc,heap     ] GC(157) Humongous regions: 33->33
[135.287s][info][gc,metaspace] GC(157) Metaspace: 201075K(203200K)->201075K(203200K) NonClass: 169574K(170688K)->169574K(170688K) Class: 31500K(32512K)->31500K(32512K)
[135.287s][info][gc          ] GC(157) Pause Young (Prepare Mixed) (G1 Evacuation Pause) 2768M->1331M(2924M) 20.169ms
[135.287s][info][gc,cpu      ] GC(157) User=0.34s Sys=0.00s Real=0.02s
[136.588s][info][gc,start    ] GC(158) Pause Young (Mixed) (G1 Evacuation Pause)
[136.588s][info][gc,task     ] GC(158) Using 18 workers of 18 for evacuation
[136.616s][info][gc,phases   ] GC(158)   Pre Evacuate Collection Set: 0.29ms
[136.616s][info][gc,phases   ] GC(158)   Merge Heap Roots: 0.31ms
[136.616s][info][gc,phases   ] GC(158)   Evacuate Collection Set: 26.38ms
[136.616s][info][gc,phases   ] GC(158)   Post Evacuate Collection Set: 1.27ms
[136.616s][info][gc,phases   ] GC(158)   Other: 0.10ms
[136.616s][info][gc,heap     ] GC(158) Eden regions: 722->0(730)
[136.616s][info][gc,heap     ] GC(158) Survivor regions: 48->52(97)
[136.616s][info][gc,heap     ] GC(158) Old regions: 585->573
[136.616s][info][gc,heap     ] GC(158) Humongous regions: 33->33
[136.616s][info][gc,metaspace] GC(158) Metaspace: 201075K(203200K)->201075K(203200K) NonClass: 169575K(170688K)->169575K(170688K) Class: 31500K(32512K)->31500K(32512K)
[136.616s][info][gc          ] GC(158) Pause Young (Mixed) (G1 Evacuation Pause) 2775M->1315M(2924M) 28.562ms
[136.616s][info][gc,cpu      ] GC(158) User=0.53s Sys=0.00s Real=0.03s
[137.469s][info][gc,start    ] GC(159) Pause Young (Concurrent Start) (G1 Humongous Allocation)
[137.469s][info][gc,task     ] GC(159) Using 18 workers of 18 for evacuation
[137.491s][info][gc,phases   ] GC(159)   Pre Evacuate Collection Set: 0.38ms
[137.492s][info][gc,phases   ] GC(159)   Merge Heap Roots: 0.28ms
[137.492s][info][gc,phases   ] GC(159)   Evacuate Collection Set: 20.13ms
[137.492s][info][gc,phases   ] GC(159)   Post Evacuate Collection Set: 1.45ms
[137.492s][info][gc,phases   ] GC(159)   Other: 0.11ms
[137.492s][info][gc,heap     ] GC(159) Eden regions: 484->0(724)
[137.492s][info][gc,heap     ] GC(159) Survivor regions: 52->58(98)
[137.492s][info][gc,heap     ] GC(159) Old regions: 573->573
[137.492s][info][gc,heap     ] GC(159) Humongous regions: 33->33
[137.492s][info][gc,metaspace] GC(159) Metaspace: 201076K(203200K)->201076K(203200K) NonClass: 169575K(170688K)->169575K(170688K) Class: 31500K(32512K)->31500K(32512K)
[137.492s][info][gc          ] GC(159) Pause Young (Concurrent Start) (G1 Humongous Allocation) 2282M->1326M(2924M) 22.627ms
[137.492s][info][gc          ] GC(160) Concurrent Mark Cycle
[137.492s][info][gc,cpu      ] GC(159) User=0.55s Sys=0.00s Real=0.02s
[137.492s][info][gc,marking  ] GC(160) Concurrent Scan Root Regions
[137.508s][info][gc,marking  ] GC(160) Concurrent Scan Root Regions 15.935ms
[137.508s][info][gc,marking  ] GC(160) Concurrent Mark
[137.508s][info][gc,marking  ] GC(160) Concurrent Mark From Roots
[137.508s][info][gc,task     ] GC(160) Using 5 workers of 5 for marking
[137.782s][info][gc,marking  ] GC(160) Concurrent Mark From Roots 273.946ms
[137.782s][info][gc,marking  ] GC(160) Concurrent Preclean
[137.783s][info][gc,marking  ] GC(160) Concurrent Preclean 1.084ms
[137.783s][info][gc,start    ] GC(160) Pause Remark
[137.793s][info][gc          ] GC(160) Pause Remark 1607M->1607M(2924M) 9.412ms
[137.793s][info][gc,cpu      ] GC(160) User=0.06s Sys=0.00s Real=0.01s
[137.793s][info][gc,marking  ] GC(160) Concurrent Mark 284.910ms
[137.793s][info][gc,marking  ] GC(160) Concurrent Rebuild Remembered Sets and Scrub Regions
[138.024s][info][gc,marking  ] GC(160) Concurrent Rebuild Remembered Sets and Scrub Regions 230.777ms
[138.024s][info][gc,start    ] GC(160) Pause Cleanup
[138.024s][info][gc          ] GC(160) Pause Cleanup 1813M->1813M(2924M) 0.610ms
[138.024s][info][gc,cpu      ] GC(160) User=0.00s Sys=0.00s Real=0.00s
[138.025s][info][gc,marking  ] GC(160) Concurrent Clear Claimed Marks
[138.025s][info][gc,marking  ] GC(160) Concurrent Clear Claimed Marks 0.189ms
[138.025s][info][gc,marking  ] GC(160) Concurrent Cleanup for Next Mark
[138.028s][info][gc,marking  ] GC(160) Concurrent Cleanup for Next Mark 2.791ms
[138.028s][info][gc          ] GC(160) Concurrent Mark Cycle 535.962ms
[138.651s][info][gc,start    ] GC(161) Pause Young (Prepare Mixed) (G1 Evacuation Pause)
[138.651s][info][gc,task     ] GC(161) Using 18 workers of 18 for evacuation
[138.706s][info][gc,phases   ] GC(161)   Pre Evacuate Collection Set: 0.34ms
[138.706s][info][gc,phases   ] GC(161)   Merge Heap Roots: 0.51ms
[138.706s][info][gc,phases   ] GC(161)   Evacuate Collection Set: 52.18ms
[138.706s][info][gc,phases   ] GC(161)   Post Evacuate Collection Set: 1.32ms
[138.706s][info][gc,phases   ] GC(161)   Other: 0.11ms
[138.706s][info][gc,heap     ] GC(161) Eden regions: 724->0(708)
[138.706s][info][gc,heap     ] GC(161) Survivor regions: 58->74(98)
[138.706s][info][gc,heap     ] GC(161) Old regions: 573->579
[138.706s][info][gc,heap     ] GC(161) Humongous regions: 45->45
[138.706s][info][gc,metaspace] GC(161) Metaspace: 201474K(203648K)->201474K(203648K) NonClass: 169870K(171072K)->169870K(171072K) Class: 31603K(32576K)->31603K(32576K)
[138.706s][info][gc          ] GC(161) Pause Young (Prepare Mixed) (G1 Evacuation Pause) 2798M->1394M(2960M) 54.721ms
[138.706s][info][gc,cpu      ] GC(161) User=0.88s Sys=0.02s Real=0.05s
[139.325s][info][gc,start    ] GC(162) Pause Young (Mixed) (G1 Evacuation Pause)
[139.326s][info][gc,task     ] GC(162) Using 18 workers of 18 for evacuation
[139.376s][info][gc,phases   ] GC(162)   Pre Evacuate Collection Set: 0.33ms
[139.377s][info][gc,phases   ] GC(162)   Merge Heap Roots: 0.39ms
[139.377s][info][gc,phases   ] GC(162)   Evacuate Collection Set: 48.78ms
[139.377s][info][gc,phases   ] GC(162)   Post Evacuate Collection Set: 1.28ms
[139.377s][info][gc,phases   ] GC(162)   Other: 0.10ms
[139.377s][info][gc,heap     ] GC(162) Eden regions: 708->0(736)
[139.377s][info][gc,heap     ] GC(162) Survivor regions: 74->54(98)
[139.377s][info][gc,heap     ] GC(162) Old regions: 579->591
[139.377s][info][gc,heap     ] GC(162) Humongous regions: 50->50
[139.377s][info][gc,metaspace] GC(162) Metaspace: 201474K(203648K)->201474K(203648K) NonClass: 169870K(171072K)->169870K(171072K) Class: 31603K(32576K)->31603K(32576K)
[139.377s][info][gc          ] GC(162) Pause Young (Mixed) (G1 Evacuation Pause) 2820M->1388M(3014M) 51.142ms
[139.377s][info][gc,cpu      ] GC(162) User=0.77s Sys=0.03s Real=0.05s
[140.002s][info][gc,start    ] GC(163) Pause Young (Concurrent Start) (G1 Evacuation Pause)
[140.002s][info][gc,task     ] GC(163) Using 18 workers of 18 for evacuation
[140.032s][info][gc,phases   ] GC(163)   Pre Evacuate Collection Set: 0.44ms
[140.032s][info][gc,phases   ] GC(163)   Merge Heap Roots: 0.35ms
[140.032s][info][gc,phases   ] GC(163)   Evacuate Collection Set: 28.23ms
[140.032s][info][gc,phases   ] GC(163)   Post Evacuate Collection Set: 1.25ms
[140.032s][info][gc,phases   ] GC(163)   Other: 0.21ms
[140.032s][info][gc,heap     ] GC(163) Eden regions: 736->0(732)
[140.032s][info][gc,heap     ] GC(163) Survivor regions: 54->51(99)
[140.032s][info][gc,heap     ] GC(163) Old regions: 591->598
[140.032s][info][gc,heap     ] GC(163) Humongous regions: 50->50
[140.032s][info][gc,metaspace] GC(163) Metaspace: 201474K(203648K)->201474K(203648K) NonClass: 169870K(171072K)->169870K(171072K) Class: 31603K(32576K)->31603K(32576K)
[140.032s][info][gc          ] GC(163) Pause Young (Concurrent Start) (G1 Evacuation Pause) 2860M->1396M(3014M) 30.745ms
[140.033s][info][gc          ] GC(164) Concurrent Mark Cycle
[140.033s][info][gc,cpu      ] GC(163) User=0.56s Sys=0.00s Real=0.03s
[140.033s][info][gc,marking  ] GC(164) Concurrent Scan Root Regions
[140.051s][info][gc,marking  ] GC(164) Concurrent Scan Root Regions 18.536ms
[140.051s][info][gc,marking  ] GC(164) Concurrent Mark
[140.051s][info][gc,marking  ] GC(164) Concurrent Mark From Roots
[140.051s][info][gc,task     ] GC(164) Using 5 workers of 5 for marking
[140.348s][info][gc,marking  ] GC(164) Concurrent Mark From Roots 296.614ms
[140.348s][info][gc,marking  ] GC(164) Concurrent Preclean
[140.349s][info][gc,marking  ] GC(164) Concurrent Preclean 1.284ms
[140.349s][info][gc,start    ] GC(164) Pause Remark
[140.383s][info][gc          ] GC(164) Pause Remark 2047M->2019M(3014M) 33.609ms
[140.383s][info][gc,cpu      ] GC(164) User=0.53s Sys=0.05s Real=0.03s
[140.383s][info][gc,marking  ] GC(164) Concurrent Mark 332.066ms
[140.383s][info][gc,marking  ] GC(164) Concurrent Rebuild Remembered Sets and Scrub Regions
[140.662s][info][gc,marking  ] GC(164) Concurrent Rebuild Remembered Sets and Scrub Regions 278.721ms
[140.662s][info][gc,start    ] GC(164) Pause Cleanup
[140.663s][info][gc          ] GC(164) Pause Cleanup 2559M->2559M(3014M) 0.786ms
[140.663s][info][gc,cpu      ] GC(164) User=0.00s Sys=0.00s Real=0.00s
[140.663s][info][gc,marking  ] GC(164) Concurrent Clear Claimed Marks
[140.663s][info][gc,marking  ] GC(164) Concurrent Clear Claimed Marks 0.213ms
[140.664s][info][gc,marking  ] GC(164) Concurrent Cleanup for Next Mark
[140.668s][info][gc,marking  ] GC(164) Concurrent Cleanup for Next Mark 4.312ms
[140.668s][info][gc          ] GC(164) Concurrent Mark Cycle 635.385ms
[140.784s][info][gc,start    ] GC(165) Pause Young (Prepare Mixed) (G1 Evacuation Pause)
[140.784s][info][gc,task     ] GC(165) Using 18 workers of 18 for evacuation
[140.809s][info][gc,phases   ] GC(165)   Pre Evacuate Collection Set: 0.32ms
[140.809s][info][gc,phases   ] GC(165)   Merge Heap Roots: 0.53ms
[140.809s][info][gc,phases   ] GC(165)   Evacuate Collection Set: 22.71ms
[140.809s][info][gc,phases   ] GC(165)   Post Evacuate Collection Set: 1.03ms
[140.809s][info][gc,phases   ] GC(165)   Other: 0.09ms
[140.809s][info][gc,heap     ] GC(165) Eden regions: 732->0(746)
[140.809s][info][gc,heap     ] GC(165) Survivor regions: 51->51(98)
[140.809s][info][gc,heap     ] GC(165) Old regions: 598->598
[140.809s][info][gc,heap     ] GC(165) Humongous regions: 36->36
[140.809s][info][gc,metaspace] GC(165) Metaspace: 201472K(203648K)->201472K(203648K) NonClass: 169870K(171072K)->169870K(171072K) Class: 31602K(32576K)->31602K(32576K)
[140.809s][info][gc          ] GC(165) Pause Young (Prepare Mixed) (G1 Evacuation Pause) 2832M->1369M(3014M) 24.937ms
[140.809s][info][gc,cpu      ] GC(165) User=0.59s Sys=0.00s Real=0.03s
[141.419s][info][gc,start    ] GC(166) Pause Young (Mixed) (G1 Evacuation Pause)
[141.419s][info][gc,task     ] GC(166) Using 18 workers of 18 for evacuation
[141.448s][info][gc,phases   ] GC(166)   Pre Evacuate Collection Set: 0.36ms
[141.448s][info][gc,phases   ] GC(166)   Merge Heap Roots: 0.40ms
[141.448s][info][gc,phases   ] GC(166)   Evacuate Collection Set: 26.86ms
[141.449s][info][gc,phases   ] GC(166)   Post Evacuate Collection Set: 1.33ms
[141.449s][info][gc,phases   ] GC(166)   Other: 0.12ms
[141.449s][info][gc,heap     ] GC(166) Eden regions: 746->0(764)
[141.449s][info][gc,heap     ] GC(166) Survivor regions: 51->52(100)
[141.449s][info][gc,heap     ] GC(166) Old regions: 598->579
[141.449s][info][gc,heap     ] GC(166) Humongous regions: 36->36
[141.449s][info][gc,metaspace] GC(166) Metaspace: 201473K(203648K)->201473K(203648K) NonClass: 169870K(171072K)->169870K(171072K) Class: 31602K(32576K)->31602K(32576K)
[141.449s][info][gc          ] GC(166) Pause Young (Mixed) (G1 Evacuation Pause) 2861M->1331M(3014M) 29.378ms
[141.449s][info][gc,cpu      ] GC(166) User=0.56s Sys=0.00s Real=0.03s
[142.067s][info][gc,start    ] GC(167) Pause Young (Concurrent Start) (G1 Evacuation Pause)
[142.067s][info][gc,task     ] GC(167) Using 18 workers of 18 for evacuation
[142.092s][info][gc,phases   ] GC(167)   Pre Evacuate Collection Set: 0.48ms
[142.093s][info][gc,phases   ] GC(167)   Merge Heap Roots: 0.41ms
[142.093s][info][gc,phases   ] GC(167)   Evacuate Collection Set: 22.92ms
[142.093s][info][gc,phases   ] GC(167)   Post Evacuate Collection Set: 1.14ms
[142.093s][info][gc,phases   ] GC(167)   Other: 0.13ms
[142.093s][info][gc,heap     ] GC(167) Eden regions: 764->0(764)
[142.093s][info][gc,heap     ] GC(167) Survivor regions: 52->52(102)
[142.093s][info][gc,heap     ] GC(167) Old regions: 579->579
[142.093s][info][gc,heap     ] GC(167) Humongous regions: 36->36
[142.093s][info][gc,metaspace] GC(167) Metaspace: 201478K(203648K)->201478K(203648K) NonClass: 169875K(171072K)->169875K(171072K) Class: 31603K(32576K)->31603K(32576K)
[142.093s][info][gc          ] GC(167) Pause Young (Concurrent Start) (G1 Evacuation Pause) 2859M->1332M(3014M) 25.342ms
[142.093s][info][gc          ] GC(168) Concurrent Mark Cycle
[142.093s][info][gc,marking  ] GC(168) Concurrent Scan Root Regions
[142.093s][info][gc,cpu      ] GC(167) User=0.33s Sys=0.00s Real=0.03s
[142.110s][info][gc,marking  ] GC(168) Concurrent Scan Root Regions 17.724ms
[142.111s][info][gc,marking  ] GC(168) Concurrent Mark
[142.111s][info][gc,marking  ] GC(168) Concurrent Mark From Roots
[142.111s][info][gc,task     ] GC(168) Using 5 workers of 5 for marking
[142.435s][info][gc,marking  ] GC(168) Concurrent Mark From Roots 323.988ms
[142.435s][info][gc,marking  ] GC(168) Concurrent Preclean
[142.436s][info][gc,marking  ] GC(168) Concurrent Preclean 1.612ms
[142.436s][info][gc,start    ] GC(168) Pause Remark
[142.447s][info][gc          ] GC(168) Pause Remark 2062M->2062M(3014M) 10.741ms
[142.447s][info][gc,cpu      ] GC(168) User=0.06s Sys=0.00s Real=0.01s
[142.447s][info][gc,marking  ] GC(168) Concurrent Mark 336.887ms
[142.447s][info][gc,marking  ] GC(168) Concurrent Rebuild Remembered Sets and Scrub Regions
[142.681s][info][gc,marking  ] GC(168) Concurrent Rebuild Remembered Sets and Scrub Regions 233.764ms
[142.681s][info][gc,start    ] GC(168) Pause Cleanup
[142.682s][info][gc          ] GC(168) Pause Cleanup 2496M->2496M(3014M) 0.783ms
[142.682s][info][gc,cpu      ] GC(168) User=0.00s Sys=0.00s Real=0.00s
[142.682s][info][gc,marking  ] GC(168) Concurrent Clear Claimed Marks
[142.683s][info][gc,marking  ] GC(168) Concurrent Clear Claimed Marks 0.298ms
[142.683s][info][gc,marking  ] GC(168) Concurrent Cleanup for Next Mark
[142.687s][info][gc,marking  ] GC(168) Concurrent Cleanup for Next Mark 4.345ms
[142.687s][info][gc          ] GC(168) Concurrent Mark Cycle 594.582ms
[142.842s][info][gc,start    ] GC(169) Pause Young (Prepare Mixed) (G1 Evacuation Pause)
[142.842s][info][gc,task     ] GC(169) Using 18 workers of 18 for evacuation
[142.866s][info][gc,phases   ] GC(169)   Pre Evacuate Collection Set: 0.38ms
[142.866s][info][gc,phases   ] GC(169)   Merge Heap Roots: 0.33ms
[142.866s][info][gc,phases   ] GC(169)   Evacuate Collection Set: 22.28ms
[142.866s][info][gc,phases   ] GC(169)   Post Evacuate Collection Set: 0.97ms
[142.866s][info][gc,phases   ] GC(169)   Other: 0.08ms
[142.866s][info][gc,heap     ] GC(169) Eden regions: 764->0(764)
[142.866s][info][gc,heap     ] GC(169) Survivor regions: 52->52(102)
[142.866s][info][gc,heap     ] GC(169) Old regions: 579->579
[142.866s][info][gc,heap     ] GC(169) Humongous regions: 36->36
[142.866s][info][gc,metaspace] GC(169) Metaspace: 201481K(203648K)->201481K(203648K) NonClass: 169877K(171072K)->169877K(171072K) Class: 31603K(32576K)->31603K(32576K)
[142.866s][info][gc          ] GC(169) Pause Young (Prepare Mixed) (G1 Evacuation Pause) 2860M->1331M(3014M) 24.294ms
[142.866s][info][gc,cpu      ] GC(169) User=0.55s Sys=0.00s Real=0.02s
[143.490s][info][gc,start    ] GC(170) Pause Young (Mixed) (G1 Evacuation Pause)
[143.490s][info][gc,task     ] GC(170) Using 18 workers of 18 for evacuation
[143.522s][info][gc,phases   ] GC(170)   Pre Evacuate Collection Set: 0.33ms
[143.522s][info][gc,phases   ] GC(170)   Merge Heap Roots: 0.36ms
[143.522s][info][gc,phases   ] GC(170)   Evacuate Collection Set: 29.70ms
[143.522s][info][gc,phases   ] GC(170)   Post Evacuate Collection Set: 1.23ms
[143.522s][info][gc,phases   ] GC(170)   Other: 0.10ms
[143.522s][info][gc,heap     ] GC(170) Eden regions: 764->0(777)
[143.522s][info][gc,heap     ] GC(170) Survivor regions: 52->53(102)
[143.522s][info][gc,heap     ] GC(170) Old regions: 579->565
[143.522s][info][gc,heap     ] GC(170) Humongous regions: 36->36
[143.522s][info][gc,metaspace] GC(170) Metaspace: 201481K(203648K)->201481K(203648K) NonClass: 169878K(171072K)->169878K(171072K) Class: 31603K(32576K)->31603K(32576K)
[143.522s][info][gc          ] GC(170) Pause Young (Mixed) (G1 Evacuation Pause) 2859M->1305M(3014M) 31.967ms
[143.522s][info][gc,cpu      ] GC(170) User=0.56s Sys=0.00s Real=0.03s
[144.132s][info][gc,start    ] GC(171) Pause Young (Concurrent Start) (G1 Evacuation Pause)
[144.132s][info][gc,task     ] GC(171) Using 18 workers of 18 for evacuation
[144.157s][info][gc,phases   ] GC(171)   Pre Evacuate Collection Set: 0.42ms
[144.157s][info][gc,phases   ] GC(171)   Merge Heap Roots: 0.31ms
[144.157s][info][gc,phases   ] GC(171)   Evacuate Collection Set: 23.00ms
[144.157s][info][gc,phases   ] GC(171)   Post Evacuate Collection Set: 1.37ms
[144.157s][info][gc,phases   ] GC(171)   Other: 0.14ms
[144.157s][info][gc,heap     ] GC(171) Eden regions: 777->0(777)
[144.157s][info][gc,heap     ] GC(171) Survivor regions: 53->53(104)
[144.157s][info][gc,heap     ] GC(171) Old regions: 565->565
[144.157s][info][gc,heap     ] GC(171) Humongous regions: 36->36
[144.157s][info][gc,metaspace] GC(171) Metaspace: 201481K(203648K)->201481K(203648K) NonClass: 169878K(171072K)->169878K(171072K) Class: 31603K(32576K)->31603K(32576K)
[144.157s][info][gc          ] GC(171) Pause Young (Concurrent Start) (G1 Evacuation Pause) 2859M->1306M(3014M) 25.482ms
[144.157s][info][gc          ] GC(172) Concurrent Mark Cycle
[144.157s][info][gc,cpu      ] GC(171) User=0.28s Sys=0.00s Real=0.03s
[144.157s][info][gc,marking  ] GC(172) Concurrent Scan Root Regions
[144.174s][info][gc,marking  ] GC(172) Concurrent Scan Root Regions 16.965ms
[144.174s][info][gc,marking  ] GC(172) Concurrent Mark
[144.174s][info][gc,marking  ] GC(172) Concurrent Mark From Roots
[144.174s][info][gc,task     ] GC(172) Using 5 workers of 5 for marking
[144.477s][info][gc,marking  ] GC(172) Concurrent Mark From Roots 302.512ms
[144.477s][info][gc,marking  ] GC(172) Concurrent Preclean
[144.478s][info][gc,marking  ] GC(172) Concurrent Preclean 1.345ms
[144.478s][info][gc,start    ] GC(172) Pause Remark
[144.489s][info][gc          ] GC(172) Pause Remark 2072M->2072M(3014M) 10.181ms
[144.489s][info][gc,cpu      ] GC(172) User=0.00s Sys=0.00s Real=0.01s
[144.489s][info][gc,marking  ] GC(172) Concurrent Mark 314.555ms
[144.489s][info][gc,marking  ] GC(172) Concurrent Rebuild Remembered Sets and Scrub Regions
[144.711s][info][gc,marking  ] GC(172) Concurrent Rebuild Remembered Sets and Scrub Regions 221.742ms
[144.711s][info][gc,start    ] GC(172) Pause Cleanup
[144.712s][info][gc          ] GC(172) Pause Cleanup 2842M->2842M(3014M) 0.643ms
[144.712s][info][gc,cpu      ] GC(172) User=0.00s Sys=0.00s Real=0.00s
[144.712s][info][gc,marking  ] GC(172) Concurrent Clear Claimed Marks
[144.712s][info][gc,marking  ] GC(172) Concurrent Clear Claimed Marks 0.222ms
[144.712s][info][gc,marking  ] GC(172) Concurrent Cleanup for Next Mark
[144.715s][info][gc,marking  ] GC(172) Concurrent Cleanup for Next Mark 3.056ms
[144.715s][info][gc          ] GC(172) Concurrent Mark Cycle 557.967ms
[144.719s][info][gc,start    ] GC(173) Pause Young (Prepare Mixed) (G1 Evacuation Pause)
[144.719s][info][gc,task     ] GC(173) Using 18 workers of 18 for evacuation
[144.745s][info][gc,phases   ] GC(173)   Pre Evacuate Collection Set: 0.42ms
[144.745s][info][gc,phases   ] GC(173)   Merge Heap Roots: 0.48ms
[144.745s][info][gc,phases   ] GC(173)   Evacuate Collection Set: 24.24ms
[144.745s][info][gc,phases   ] GC(173)   Post Evacuate Collection Set: 1.06ms
[144.745s][info][gc,phases   ] GC(173)   Other: 0.11ms
[144.745s][info][gc,heap     ] GC(173) Eden regions: 777->0(776)
[144.745s][info][gc,heap     ] GC(173) Survivor regions: 53->54(104)
[144.745s][info][gc,heap     ] GC(173) Old regions: 565->565
[144.745s][info][gc,heap     ] GC(173) Humongous regions: 36->36
[144.745s][info][gc,metaspace] GC(173) Metaspace: 201488K(203712K)->201488K(203712K) NonClass: 169885K(171136K)->169885K(171136K) Class: 31603K(32576K)->31603K(32576K)
[144.745s][info][gc          ] GC(173) Pause Young (Prepare Mixed) (G1 Evacuation Pause) 2860M->1307M(3014M) 26.597ms
[144.745s][info][gc,cpu      ] GC(173) User=0.55s Sys=0.00s Real=0.03s
[145.388s][info][gc,start    ] GC(174) Pause Young (Mixed) (G1 Evacuation Pause)
[145.389s][info][gc,task     ] GC(174) Using 18 workers of 18 for evacuation
[145.425s][info][gc,phases   ] GC(174)   Pre Evacuate Collection Set: 0.33ms
[145.425s][info][gc,phases   ] GC(174)   Merge Heap Roots: 0.35ms
[145.425s][info][gc,phases   ] GC(174)   Evacuate Collection Set: 32.85ms
[145.425s][info][gc,phases   ] GC(174)   Post Evacuate Collection Set: 2.36ms
[145.425s][info][gc,phases   ] GC(174)   Other: 0.10ms
[145.425s][info][gc,heap     ] GC(174) Eden regions: 776->0(948)
[145.425s][info][gc,heap     ] GC(174) Survivor regions: 54->52(104)
[145.425s][info][gc,heap     ] GC(174) Old regions: 565->559
[145.425s][info][gc,heap     ] GC(174) Humongous regions: 40->40
[145.425s][info][gc,metaspace] GC(174) Metaspace: 201496K(203712K)->201496K(203712K) NonClass: 169892K(171136K)->169892K(171136K) Class: 31604K(32576K)->31604K(32576K)
[145.425s][info][gc          ] GC(174) Pause Young (Mixed) (G1 Evacuation Pause) 2867M->1300M(3368M) 36.224ms
[145.425s][info][gc,cpu      ] GC(174) User=0.56s Sys=0.00s Real=0.04s
[146.181s][info][gc,start    ] GC(175) Pause Young (Normal) (G1 Evacuation Pause)
[146.181s][info][gc,task     ] GC(175) Using 18 workers of 18 for evacuation
[146.207s][info][gc,phases   ] GC(175)   Pre Evacuate Collection Set: 0.30ms
[146.208s][info][gc,phases   ] GC(175)   Merge Heap Roots: 0.40ms
[146.208s][info][gc,phases   ] GC(175)   Evacuate Collection Set: 24.28ms
[146.208s][info][gc,phases   ] GC(175)   Post Evacuate Collection Set: 1.03ms
[146.208s][info][gc,phases   ] GC(175)   Other: 0.13ms
[146.208s][info][gc,heap     ] GC(175) Eden regions: 948->0(939)
[146.208s][info][gc,heap     ] GC(175) Survivor regions: 52->50(125)
[146.208s][info][gc,heap     ] GC(175) Old regions: 559->565
[146.208s][info][gc,heap     ] GC(175) Humongous regions: 45->45
[146.208s][info][gc,metaspace] GC(175) Metaspace: 201500K(203712K)->201500K(203712K) NonClass: 169895K(171136K)->169895K(171136K) Class: 31604K(32576K)->31604K(32576K)
[146.208s][info][gc          ] GC(175) Pause Young (Normal) (G1 Evacuation Pause) 3206M->1317M(3368M) 26.364ms
[146.208s][info][gc,cpu      ] GC(175) User=0.27s Sys=0.02s Real=0.03s
[146.219s][info][gc,start    ] GC(176) Pause Young (Concurrent Start) (G1 Humongous Allocation)
[146.219s][info][gc,task     ] GC(176) Using 18 workers of 18 for evacuation
[146.241s][info][gc,phases   ] GC(176)   Pre Evacuate Collection Set: 0.38ms
[146.241s][info][gc,phases   ] GC(176)   Merge Heap Roots: 0.23ms
[146.241s][info][gc,phases   ] GC(176)   Evacuate Collection Set: 20.60ms
[146.241s][info][gc,phases   ] GC(176)   Post Evacuate Collection Set: 0.77ms
[146.241s][info][gc,phases   ] GC(176)   Other: 0.11ms
[146.241s][info][gc,heap     ] GC(176) Eden regions: 22->0(939)
[146.242s][info][gc,heap     ] GC(176) Survivor regions: 50->46(124)
[146.242s][info][gc,heap     ] GC(176) Old regions: 565->569
[146.242s][info][gc,heap     ] GC(176) Humongous regions: 45->45
[146.242s][info][gc,metaspace] GC(176) Metaspace: 201500K(203712K)->201500K(203712K) NonClass: 169895K(171136K)->169895K(171136K) Class: 31604K(32576K)->31604K(32576K)
[146.242s][info][gc          ] GC(176) Pause Young (Concurrent Start) (G1 Humongous Allocation) 1361M->1317M(3368M) 22.337ms
[146.242s][info][gc          ] GC(177) Concurrent Mark Cycle
[146.242s][info][gc,marking  ] GC(177) Concurrent Scan Root Regions
[146.242s][info][gc,cpu      ] GC(176) User=0.55s Sys=0.00s Real=0.02s
[146.260s][info][gc,marking  ] GC(177) Concurrent Scan Root Regions 18.297ms
[146.260s][info][gc,marking  ] GC(177) Concurrent Mark
[146.260s][info][gc,marking  ] GC(177) Concurrent Mark From Roots
[146.260s][info][gc,task     ] GC(177) Using 5 workers of 5 for marking
[146.566s][info][gc,marking  ] GC(177) Concurrent Mark From Roots 306.055ms
[146.566s][info][gc,marking  ] GC(177) Concurrent Preclean
[146.568s][info][gc,marking  ] GC(177) Concurrent Preclean 1.443ms
[146.568s][info][gc,start    ] GC(177) Pause Remark
[146.578s][info][gc          ] GC(177) Pause Remark 2006M->1988M(3368M) 9.918ms
[146.578s][info][gc,cpu      ] GC(177) User=0.00s Sys=0.00s Real=0.01s
[146.578s][info][gc,marking  ] GC(177) Concurrent Mark 317.967ms
[146.578s][info][gc,marking  ] GC(177) Concurrent Rebuild Remembered Sets and Scrub Regions
[146.819s][info][gc,marking  ] GC(177) Concurrent Rebuild Remembered Sets and Scrub Regions 241.077ms
[146.819s][info][gc,start    ] GC(177) Pause Cleanup
[146.820s][info][gc          ] GC(177) Pause Cleanup 2522M->2522M(3368M) 0.682ms
[146.820s][info][gc,cpu      ] GC(177) User=0.00s Sys=0.00s Real=0.00s
[146.820s][info][gc,marking  ] GC(177) Concurrent Clear Claimed Marks
[146.820s][info][gc,marking  ] GC(177) Concurrent Clear Claimed Marks 0.233ms
[146.821s][info][gc,marking  ] GC(177) Concurrent Cleanup for Next Mark
[146.825s][info][gc,marking  ] GC(177) Concurrent Cleanup for Next Mark 4.792ms
[146.825s][info][gc          ] GC(177) Concurrent Mark Cycle 583.820ms
[147.091s][info][gc,start    ] GC(178) Pause Young (Prepare Mixed) (G1 Evacuation Pause)
[147.091s][info][gc,task     ] GC(178) Using 18 workers of 18 for evacuation
[147.111s][info][gc,phases   ] GC(178)   Pre Evacuate Collection Set: 0.36ms
[147.112s][info][gc,phases   ] GC(178)   Merge Heap Roots: 0.43ms
[147.112s][info][gc,phases   ] GC(178)   Evacuate Collection Set: 18.27ms
[147.112s][info][gc,phases   ] GC(178)   Post Evacuate Collection Set: 1.19ms
[147.112s][info][gc,phases   ] GC(178)   Other: 0.26ms
[147.112s][info][gc,heap     ] GC(178) Eden regions: 939->0(944)
[147.112s][info][gc,heap     ] GC(178) Survivor regions: 46->44(124)
[147.112s][info][gc,heap     ] GC(178) Old regions: 569->572
[147.112s][info][gc,heap     ] GC(178) Humongous regions: 39->39
[147.112s][info][gc,metaspace] GC(178) Metaspace: 201500K(203712K)->201500K(203712K) NonClass: 169895K(171136K)->169895K(171136K) Class: 31604K(32576K)->31604K(32576K)
[147.112s][info][gc          ] GC(178) Pause Young (Prepare Mixed) (G1 Evacuation Pause) 3183M->1309M(3368M) 20.811ms
[147.112s][info][gc,cpu      ] GC(178) User=0.28s Sys=0.00s Real=0.02s
[148.050s][info][gc,start    ] GC(179) Pause Young (Mixed) (G1 Evacuation Pause)
[148.050s][info][gc,task     ] GC(179) Using 18 workers of 18 for evacuation
[148.076s][info][gc,phases   ] GC(179)   Pre Evacuate Collection Set: 0.39ms
[148.076s][info][gc,phases   ] GC(179)   Merge Heap Roots: 0.37ms
[148.076s][info][gc,phases   ] GC(179)   Evacuate Collection Set: 23.84ms
[148.076s][info][gc,phases   ] GC(179)   Post Evacuate Collection Set: 1.44ms
[148.076s][info][gc,phases   ] GC(179)   Other: 0.10ms
[148.076s][info][gc,heap     ] GC(179) Eden regions: 944->0(951)
[148.076s][info][gc,heap     ] GC(179) Survivor regions: 44->39(124)
[148.076s][info][gc,heap     ] GC(179) Old regions: 572->570
[148.076s][info][gc,heap     ] GC(179) Humongous regions: 39->39
[148.076s][info][gc,metaspace] GC(179) Metaspace: 201501K(203712K)->201501K(203712K) NonClass: 169896K(171136K)->169896K(171136K) Class: 31604K(32576K)->31604K(32576K)
[148.076s][info][gc          ] GC(179) Pause Young (Mixed) (G1 Evacuation Pause) 3197M->1294M(3368M) 26.421ms
[148.076s][info][gc,cpu      ] GC(179) User=0.61s Sys=0.00s Real=0.03s
[148.883s][info][gc,start    ] GC(180) Pause Young (Concurrent Start) (G1 Evacuation Pause)
[148.883s][info][gc,task     ] GC(180) Using 18 workers of 18 for evacuation
[148.898s][info][gc,phases   ] GC(180)   Pre Evacuate Collection Set: 0.60ms
[148.898s][info][gc,phases   ] GC(180)   Merge Heap Roots: 0.33ms
[148.898s][info][gc,phases   ] GC(180)   Evacuate Collection Set: 13.05ms
[148.898s][info][gc,phases   ] GC(180)   Post Evacuate Collection Set: 1.12ms
[148.898s][info][gc,phases   ] GC(180)   Other: 0.15ms
[148.898s][info][gc,heap     ] GC(180) Eden regions: 951->0(949)
[148.898s][info][gc,heap     ] GC(180) Survivor regions: 39->17(124)
[148.898s][info][gc,heap     ] GC(180) Old regions: 570->594
[148.898s][info][gc,heap     ] GC(180) Humongous regions: 39->39
[148.898s][info][gc,metaspace] GC(180) Metaspace: 201510K(203712K)->201510K(203712K) NonClass: 169905K(171136K)->169905K(171136K) Class: 31604K(32576K)->31604K(32576K)
[148.898s][info][gc          ] GC(180) Pause Young (Concurrent Start) (G1 Evacuation Pause) 3196M->1297M(3368M) 15.551ms
[148.898s][info][gc          ] GC(181) Concurrent Mark Cycle
[148.898s][info][gc,marking  ] GC(181) Concurrent Scan Root Regions
[148.898s][info][gc,cpu      ] GC(180) User=0.28s Sys=0.00s Real=0.02s
[148.912s][info][gc,marking  ] GC(181) Concurrent Scan Root Regions 13.078ms
[148.912s][info][gc,marking  ] GC(181) Concurrent Mark
[148.912s][info][gc,marking  ] GC(181) Concurrent Mark From Roots
[148.912s][info][gc,task     ] GC(181) Using 5 workers of 5 for marking
[149.226s][info][gc,marking  ] GC(181) Concurrent Mark From Roots 314.087ms
[149.226s][info][gc,marking  ] GC(181) Concurrent Preclean
[149.227s][info][gc,marking  ] GC(181) Concurrent Preclean 1.386ms
[149.227s][info][gc,start    ] GC(181) Pause Remark
[149.238s][info][gc          ] GC(181) Pause Remark 2039M->2033M(3368M) 10.206ms
[149.238s][info][gc,cpu      ] GC(181) User=0.00s Sys=0.00s Real=0.01s
[149.238s][info][gc,marking  ] GC(181) Concurrent Mark 326.250ms
[149.238s][info][gc,marking  ] GC(181) Concurrent Rebuild Remembered Sets and Scrub Regions
[149.501s][info][gc,marking  ] GC(181) Concurrent Rebuild Remembered Sets and Scrub Regions 263.291ms
[149.501s][info][gc,start    ] GC(181) Pause Cleanup
[149.502s][info][gc          ] GC(181) Pause Cleanup 2623M->2623M(3368M) 0.651ms
[149.502s][info][gc,cpu      ] GC(181) User=0.00s Sys=0.00s Real=0.00s
[149.502s][info][gc,marking  ] GC(181) Concurrent Clear Claimed Marks
[149.502s][info][gc,marking  ] GC(181) Concurrent Clear Claimed Marks 0.246ms
[149.502s][info][gc,marking  ] GC(181) Concurrent Cleanup for Next Mark
[149.506s][info][gc,marking  ] GC(181) Concurrent Cleanup for Next Mark 3.596ms
[149.506s][info][gc          ] GC(181) Concurrent Mark Cycle 607.745ms
[149.729s][info][gc,start    ] GC(182) Pause Young (Prepare Mixed) (G1 Evacuation Pause)
[149.730s][info][gc,task     ] GC(182) Using 18 workers of 18 for evacuation
[149.736s][info][gc,phases   ] GC(182)   Pre Evacuate Collection Set: 0.37ms
[149.737s][info][gc,phases   ] GC(182)   Merge Heap Roots: 0.30ms
[149.737s][info][gc,phases   ] GC(182)   Evacuate Collection Set: 4.91ms
[149.737s][info][gc,phases   ] GC(182)   Post Evacuate Collection Set: 1.20ms
[149.737s][info][gc,phases   ] GC(182)   Other: 0.11ms
[149.737s][info][gc,heap     ] GC(182) Eden regions: 949->0(951)
[149.737s][info][gc,heap     ] GC(182) Survivor regions: 17->14(121)
[149.737s][info][gc,heap     ] GC(182) Old regions: 594->598
[149.737s][info][gc,heap     ] GC(182) Humongous regions: 36->36
[149.737s][info][gc,metaspace] GC(182) Metaspace: 201513K(203712K)->201513K(203712K) NonClass: 169908K(171136K)->169908K(171136K) Class: 31604K(32576K)->31604K(32576K)
[149.737s][info][gc          ] GC(182) Pause Young (Prepare Mixed) (G1 Evacuation Pause) 3189M->1295M(3368M) 7.167ms
[149.737s][info][gc,cpu      ] GC(182) User=0.00s Sys=0.00s Real=0.01s
[150.497s][info][gc,start    ] GC(183) Pause Young (Mixed) (G1 Evacuation Pause)
[150.497s][info][gc,task     ] GC(183) Using 18 workers of 18 for evacuation
[150.509s][info][gc,phases   ] GC(183)   Pre Evacuate Collection Set: 0.33ms
[150.509s][info][gc,phases   ] GC(183)   Merge Heap Roots: 0.31ms
[150.509s][info][gc,phases   ] GC(183)   Evacuate Collection Set: 10.81ms
[150.509s][info][gc,phases   ] GC(183)   Post Evacuate Collection Set: 1.21ms
[150.509s][info][gc,phases   ] GC(183)   Other: 0.10ms
[150.509s][info][gc,heap     ] GC(183) Eden regions: 951->0(957)
[150.509s][info][gc,heap     ] GC(183) Survivor regions: 14->13(121)
[150.509s][info][gc,heap     ] GC(183) Old regions: 598->593
[150.509s][info][gc,heap     ] GC(183) Humongous regions: 36->36
[150.509s][info][gc,metaspace] GC(183) Metaspace: 201513K(203712K)->201513K(203712K) NonClass: 169908K(171136K)->169908K(171136K) Class: 31604K(32576K)->31604K(32576K)
[150.510s][info][gc          ] GC(183) Pause Young (Mixed) (G1 Evacuation Pause) 3197M->1282M(3368M) 12.996ms
[150.510s][info][gc,cpu      ] GC(183) User=0.28s Sys=0.00s Real=0.01s
[151.315s][info][gc,start    ] GC(184) Pause Young (Concurrent Start) (G1 Evacuation Pause)
[151.315s][info][gc,task     ] GC(184) Using 18 workers of 18 for evacuation
[151.322s][info][gc,phases   ] GC(184)   Pre Evacuate Collection Set: 0.40ms
[151.322s][info][gc,phases   ] GC(184)   Merge Heap Roots: 0.22ms
[151.322s][info][gc,phases   ] GC(184)   Evacuate Collection Set: 4.84ms
[151.322s][info][gc,phases   ] GC(184)   Post Evacuate Collection Set: 1.12ms
[151.322s][info][gc,phases   ] GC(184)   Other: 0.10ms
[151.322s][info][gc,heap     ] GC(184) Eden regions: 957->0(954)
[151.322s][info][gc,heap     ] GC(184) Survivor regions: 13->14(122)
[151.322s][info][gc,heap     ] GC(184) Old regions: 593->595
[151.322s][info][gc,heap     ] GC(184) Humongous regions: 36->36
[151.322s][info][gc,metaspace] GC(184) Metaspace: 201516K(203712K)->201516K(203712K) NonClass: 169911K(171136K)->169911K(171136K) Class: 31604K(32576K)->31604K(32576K)
[151.322s][info][gc          ] GC(184) Pause Young (Concurrent Start) (G1 Evacuation Pause) 3196M->1287M(3368M) 6.927ms
[151.322s][info][gc          ] GC(185) Concurrent Mark Cycle
[151.322s][info][gc,cpu      ] GC(184) User=0.28s Sys=0.00s Real=0.01s
[151.322s][info][gc,marking  ] GC(185) Concurrent Scan Root Regions
[151.327s][info][gc,marking  ] GC(185) Concurrent Scan Root Regions 5.450ms
[151.327s][info][gc,marking  ] GC(185) Concurrent Mark
[151.327s][info][gc,marking  ] GC(185) Concurrent Mark From Roots
[151.327s][info][gc,task     ] GC(185) Using 5 workers of 5 for marking
[151.689s][info][gc,marking  ] GC(185) Concurrent Mark From Roots 361.611ms
[151.689s][info][gc,marking  ] GC(185) Concurrent Preclean
[151.690s][info][gc,marking  ] GC(185) Concurrent Preclean 1.447ms
[151.691s][info][gc,start    ] GC(185) Pause Remark
[151.723s][info][gc          ] GC(185) Pause Remark 2125M->2125M(3368M) 31.885ms
[151.723s][info][gc,cpu      ] GC(185) User=0.53s Sys=0.00s Real=0.03s
[151.723s][info][gc,marking  ] GC(185) Concurrent Mark 395.541ms
[151.723s][info][gc,marking  ] GC(185) Concurrent Rebuild Remembered Sets and Scrub Regions
[152.022s][info][gc,marking  ] GC(185) Concurrent Rebuild Remembered Sets and Scrub Regions 299.457ms
[152.023s][info][gc,start    ] GC(185) Pause Cleanup
[152.023s][info][gc          ] GC(185) Pause Cleanup 2835M->2835M(3368M) 0.664ms
[152.023s][info][gc,cpu      ] GC(185) User=0.00s Sys=0.00s Real=0.00s
[152.024s][info][gc,marking  ] GC(185) Concurrent Clear Claimed Marks
[152.024s][info][gc,marking  ] GC(185) Concurrent Clear Claimed Marks 0.222ms
[152.024s][info][gc,marking  ] GC(185) Concurrent Cleanup for Next Mark
[152.028s][info][gc,marking  ] GC(185) Concurrent Cleanup for Next Mark 4.420ms
[152.028s][info][gc          ] GC(185) Concurrent Mark Cycle 706.574ms
[152.183s][info][gc,start    ] GC(186) Pause Young (Prepare Mixed) (G1 Evacuation Pause)
[152.183s][info][gc,task     ] GC(186) Using 18 workers of 18 for evacuation
[152.191s][info][gc,phases   ] GC(186)   Pre Evacuate Collection Set: 0.34ms
[152.191s][info][gc,phases   ] GC(186)   Merge Heap Roots: 0.35ms
[152.191s][info][gc,phases   ] GC(186)   Evacuate Collection Set: 5.88ms
[152.191s][info][gc,phases   ] GC(186)   Post Evacuate Collection Set: 1.31ms
[152.191s][info][gc,phases   ] GC(186)   Other: 0.14ms
[152.192s][info][gc,heap     ] GC(186) Eden regions: 954->0(946)
[152.192s][info][gc,heap     ] GC(186) Survivor regions: 14->16(121)
[152.192s][info][gc,heap     ] GC(186) Old regions: 595->595
[152.192s][info][gc,heap     ] GC(186) Humongous regions: 42->42
[152.192s][info][gc,metaspace] GC(186) Metaspace: 201453K(203712K)->201453K(203712K) NonClass: 169868K(171136K)->169868K(171136K) Class: 31584K(32576K)->31584K(32576K)
[152.192s][info][gc          ] GC(186) Pause Young (Prepare Mixed) (G1 Evacuation Pause) 3207M->1305M(3368M) 8.243ms
[152.192s][info][gc,cpu      ] GC(186) User=0.00s Sys=0.00s Real=0.01s
[152.938s][info][gc,start    ] GC(187) Pause Young (Mixed) (G1 Evacuation Pause)
[152.938s][info][gc,task     ] GC(187) Using 18 workers of 18 for evacuation
[152.951s][info][gc,phases   ] GC(187)   Pre Evacuate Collection Set: 0.37ms
[152.951s][info][gc,phases   ] GC(187)   Merge Heap Roots: 0.31ms
[152.951s][info][gc,phases   ] GC(187)   Evacuate Collection Set: 10.55ms
[152.951s][info][gc,phases   ] GC(187)   Post Evacuate Collection Set: 1.44ms
[152.951s][info][gc,phases   ] GC(187)   Other: 0.11ms
[152.951s][info][gc,heap     ] GC(187) Eden regions: 946->0(952)
[152.951s][info][gc,heap     ] GC(187) Survivor regions: 16->16(121)
[152.951s][info][gc,heap     ] GC(187) Old regions: 595->589
[152.951s][info][gc,heap     ] GC(187) Humongous regions: 42->42
[152.951s][info][gc,metaspace] GC(187) Metaspace: 201456K(203712K)->201456K(203712K) NonClass: 169871K(171136K)->169871K(171136K) Class: 31584K(32576K)->31584K(32576K)
[152.951s][info][gc          ] GC(187) Pause Young (Mixed) (G1 Evacuation Pause) 3197M->1292M(3368M) 13.024ms
[152.951s][info][gc,cpu      ] GC(187) User=0.25s Sys=0.03s Real=0.01s
[153.335s][info][gc,start    ] GC(188) Pause Young (Concurrent Start) (G1 Humongous Allocation)
[153.335s][info][gc,task     ] GC(188) Using 18 workers of 18 for evacuation
[153.344s][info][gc,phases   ] GC(188)   Pre Evacuate Collection Set: 0.53ms
[153.344s][info][gc,phases   ] GC(188)   Merge Heap Roots: 0.25ms
[153.344s][info][gc,phases   ] GC(188)   Evacuate Collection Set: 6.45ms
[153.344s][info][gc,phases   ] GC(188)   Post Evacuate Collection Set: 0.98ms
[153.344s][info][gc,phases   ] GC(188)   Other: 0.12ms
[153.344s][info][gc,heap     ] GC(188) Eden regions: 488->0(950)
[153.344s][info][gc,heap     ] GC(188) Survivor regions: 16->17(121)
[153.344s][info][gc,heap     ] GC(188) Old regions: 589->590
[153.344s][info][gc,heap     ] GC(188) Humongous regions: 42->42
[153.344s][info][gc,metaspace] GC(188) Metaspace: 201463K(203712K)->201463K(203712K) NonClass: 169878K(171136K)->169878K(171136K) Class: 31584K(32576K)->31584K(32576K)
[153.344s][info][gc          ] GC(188) Pause Young (Concurrent Start) (G1 Humongous Allocation) 2268M->1296M(3368M) 8.618ms
[153.344s][info][gc          ] GC(189) Concurrent Mark Cycle
[153.344s][info][gc,marking  ] GC(189) Concurrent Scan Root Regions
[153.344s][info][gc,cpu      ] GC(188) User=0.00s Sys=0.00s Real=0.01s
[153.351s][info][gc,marking  ] GC(189) Concurrent Scan Root Regions 7.059ms
[153.351s][info][gc,marking  ] GC(189) Concurrent Mark
[153.351s][info][gc,marking  ] GC(189) Concurrent Mark From Roots
[153.351s][info][gc,task     ] GC(189) Using 5 workers of 5 for marking
[153.710s][info][gc,marking  ] GC(189) Concurrent Mark From Roots 358.716ms
[153.710s][info][gc,marking  ] GC(189) Concurrent Preclean
[153.711s][info][gc,marking  ] GC(189) Concurrent Preclean 1.272ms
[153.711s][info][gc,start    ] GC(189) Pause Remark
[153.721s][info][gc          ] GC(189) Pause Remark 2050M->2038M(3368M) 9.695ms
[153.721s][info][gc,cpu      ] GC(189) User=0.00s Sys=0.00s Real=0.01s
[153.721s][info][gc,marking  ] GC(189) Concurrent Mark 370.157ms
[153.721s][info][gc,marking  ] GC(189) Concurrent Rebuild Remembered Sets and Scrub Regions
[153.985s][info][gc,marking  ] GC(189) Concurrent Rebuild Remembered Sets and Scrub Regions 263.273ms
[153.985s][info][gc,start    ] GC(189) Pause Cleanup
[153.985s][info][gc          ] GC(189) Pause Cleanup 2600M->2600M(3368M) 0.577ms
[153.986s][info][gc,cpu      ] GC(189) User=0.00s Sys=0.00s Real=0.00s
[153.986s][info][gc,marking  ] GC(189) Concurrent Clear Claimed Marks
[153.986s][info][gc,marking  ] GC(189) Concurrent Clear Claimed Marks 0.233ms
[153.986s][info][gc,marking  ] GC(189) Concurrent Cleanup for Next Mark
[153.990s][info][gc,marking  ] GC(189) Concurrent Cleanup for Next Mark 3.976ms
[153.990s][info][gc          ] GC(189) Concurrent Mark Cycle 645.994ms
[154.225s][info][gc,start    ] GC(190) Pause Young (Prepare Mixed) (G1 Evacuation Pause)
[154.226s][info][gc,task     ] GC(190) Using 18 workers of 18 for evacuation
[154.235s][info][gc,phases   ] GC(190)   Pre Evacuate Collection Set: 0.38ms
[154.235s][info][gc,phases   ] GC(190)   Merge Heap Roots: 0.33ms
[154.235s][info][gc,phases   ] GC(190)   Evacuate Collection Set: 7.90ms
[154.235s][info][gc,phases   ] GC(190)   Post Evacuate Collection Set: 1.08ms
[154.235s][info][gc,phases   ] GC(190)   Other: 0.11ms
[154.235s][info][gc,heap     ] GC(190) Eden regions: 950->0(946)
[154.235s][info][gc,heap     ] GC(190) Survivor regions: 17->20(121)
[154.235s][info][gc,heap     ] GC(190) Old regions: 590->591
[154.235s][info][gc,heap     ] GC(190) Humongous regions: 42->42
[154.236s][info][gc,metaspace] GC(190) Metaspace: 201466K(203712K)->201466K(203712K) NonClass: 169881K(171136K)->169881K(171136K) Class: 31584K(32576K)->31584K(32576K)
[154.236s][info][gc          ] GC(190) Pause Young (Prepare Mixed) (G1 Evacuation Pause) 3196M->1303M(3368M) 10.050ms
[154.236s][info][gc,cpu      ] GC(190) User=0.00s Sys=0.00s Real=0.01s
[154.982s][info][gc,start    ] GC(191) Pause Young (Mixed) (G1 Evacuation Pause)
[154.982s][info][gc,task     ] GC(191) Using 18 workers of 18 for evacuation
[154.996s][info][gc,phases   ] GC(191)   Pre Evacuate Collection Set: 0.30ms
[154.996s][info][gc,phases   ] GC(191)   Merge Heap Roots: 0.28ms
[154.996s][info][gc,phases   ] GC(191)   Evacuate Collection Set: 12.07ms
[154.996s][info][gc,phases   ] GC(191)   Post Evacuate Collection Set: 1.02ms
[154.996s][info][gc,phases   ] GC(191)   Other: 0.09ms
[154.996s][info][gc,heap     ] GC(191) Eden regions: 946->0(952)
[154.996s][info][gc,heap     ] GC(191) Survivor regions: 20->20(121)
[154.996s][info][gc,heap     ] GC(191) Old regions: 591->585
[154.996s][info][gc,heap     ] GC(191) Humongous regions: 42->42
[154.996s][info][gc,metaspace] GC(191) Metaspace: 201467K(203712K)->201467K(203712K) NonClass: 169882K(171136K)->169882K(171136K) Class: 31584K(32576K)->31584K(32576K)
[154.996s][info][gc          ] GC(191) Pause Young (Mixed) (G1 Evacuation Pause) 3195M->1293M(3368M) 14.005ms
[154.996s][info][gc,cpu      ] GC(191) User=0.27s Sys=0.00s Real=0.01s
[155.035s][info][gc,start    ] GC(192) Pause Young (Concurrent Start) (G1 Humongous Allocation)
[155.035s][info][gc,task     ] GC(192) Using 18 workers of 18 for evacuation
[155.042s][info][gc,phases   ] GC(192)   Pre Evacuate Collection Set: 0.41ms
[155.042s][info][gc,phases   ] GC(192)   Merge Heap Roots: 0.15ms
[155.042s][info][gc,phases   ] GC(192)   Evacuate Collection Set: 5.73ms
[155.042s][info][gc,phases   ] GC(192)   Post Evacuate Collection Set: 0.84ms
[155.042s][info][gc,phases   ] GC(192)   Other: 0.08ms
[155.042s][info][gc,heap     ] GC(192) Eden regions: 53->0(952)
[155.042s][info][gc,heap     ] GC(192) Survivor regions: 20->19(122)
[155.042s][info][gc,heap     ] GC(192) Old regions: 585->586
[155.042s][info][gc,heap     ] GC(192) Humongous regions: 42->42
[155.042s][info][gc,metaspace] GC(192) Metaspace: 201467K(203712K)->201467K(203712K) NonClass: 169882K(171136K)->169882K(171136K) Class: 31584K(32576K)->31584K(32576K)
[155.042s][info][gc          ] GC(192) Pause Young (Concurrent Start) (G1 Humongous Allocation) 1398M->1293M(3368M) 7.449ms
[155.042s][info][gc          ] GC(193) Concurrent Mark Cycle
[155.042s][info][gc,marking  ] GC(193) Concurrent Scan Root Regions
[155.042s][info][gc,cpu      ] GC(192) User=0.28s Sys=0.00s Real=0.01s
[155.050s][info][gc,marking  ] GC(193) Concurrent Scan Root Regions 7.301ms
[155.050s][info][gc,marking  ] GC(193) Concurrent Mark
[155.050s][info][gc,marking  ] GC(193) Concurrent Mark From Roots
[155.050s][info][gc,task     ] GC(193) Using 5 workers of 5 for marking
[155.405s][info][gc,marking  ] GC(193) Concurrent Mark From Roots 355.128ms
[155.405s][info][gc,marking  ] GC(193) Concurrent Preclean
[155.406s][info][gc,marking  ] GC(193) Concurrent Preclean 1.274ms
[155.406s][info][gc,start    ] GC(193) Pause Remark
[155.416s][info][gc          ] GC(193) Pause Remark 1963M->1951M(3368M) 9.532ms
[155.416s][info][gc,cpu      ] GC(193) User=0.12s Sys=0.00s Real=0.01s
[155.416s][info][gc,marking  ] GC(193) Concurrent Mark 366.443ms
[155.416s][info][gc,marking  ] GC(193) Concurrent Rebuild Remembered Sets and Scrub Regions
[155.675s][info][gc,marking  ] GC(193) Concurrent Rebuild Remembered Sets and Scrub Regions 259.409ms
[155.676s][info][gc,start    ] GC(193) Pause Cleanup
[155.676s][info][gc          ] GC(193) Pause Cleanup 2524M->2524M(3368M) 0.548ms
[155.676s][info][gc,cpu      ] GC(193) User=0.00s Sys=0.00s Real=0.00s
[155.676s][info][gc,marking  ] GC(193) Concurrent Clear Claimed Marks
[155.677s][info][gc,marking  ] GC(193) Concurrent Clear Claimed Marks 0.222ms
[155.677s][info][gc,marking  ] GC(193) Concurrent Cleanup for Next Mark
[155.681s][info][gc,marking  ] GC(193) Concurrent Cleanup for Next Mark 4.068ms
[155.681s][info][gc          ] GC(193) Concurrent Mark Cycle 638.616ms
[155.942s][info][gc,start    ] GC(194) Pause Young (Prepare Mixed) (G1 Evacuation Pause)
[155.942s][info][gc,task     ] GC(194) Using 18 workers of 18 for evacuation
[155.955s][info][gc,phases   ] GC(194)   Pre Evacuate Collection Set: 0.38ms
[155.955s][info][gc,phases   ] GC(194)   Merge Heap Roots: 0.43ms
[155.955s][info][gc,phases   ] GC(194)   Evacuate Collection Set: 10.76ms
[155.955s][info][gc,phases   ] GC(194)   Post Evacuate Collection Set: 1.14ms
[155.955s][info][gc,phases   ] GC(194)   Other: 0.11ms
[155.955s][info][gc,heap     ] GC(194) Eden regions: 952->0(942)
[155.955s][info][gc,heap     ] GC(194) Survivor regions: 19->26(122)
[155.955s][info][gc,heap     ] GC(194) Old regions: 586->589
[155.955s][info][gc,heap     ] GC(194) Humongous regions: 42->42
[155.955s][info][gc,metaspace] GC(194) Metaspace: 201468K(203712K)->201468K(203712K) NonClass: 169883K(171136K)->169883K(171136K) Class: 31584K(32576K)->31584K(32576K)
[155.955s][info][gc          ] GC(194) Pause Young (Prepare Mixed) (G1 Evacuation Pause) 3197M->1312M(3368M) 13.084ms
[155.955s][info][gc,cpu      ] GC(194) User=0.02s Sys=0.00s Real=0.01s
[156.721s][info][gc,start    ] GC(195) Pause Young (Mixed) (G1 Evacuation Pause)
[156.721s][info][gc,task     ] GC(195) Using 18 workers of 18 for evacuation
[156.741s][info][gc,phases   ] GC(195)   Pre Evacuate Collection Set: 0.36ms
[156.741s][info][gc,phases   ] GC(195)   Merge Heap Roots: 0.36ms
[156.741s][info][gc,phases   ] GC(195)   Evacuate Collection Set: 17.61ms
[156.741s][info][gc,phases   ] GC(195)   Post Evacuate Collection Set: 1.08ms
[156.741s][info][gc,phases   ] GC(195)   Other: 0.10ms
[156.741s][info][gc,heap     ] GC(195) Eden regions: 942->0(937)
[156.741s][info][gc,heap     ] GC(195) Survivor regions: 26->33(121)
[156.741s][info][gc,heap     ] GC(195) Old regions: 589->587
[156.741s][info][gc,heap     ] GC(195) Humongous regions: 42->42
[156.741s][info][gc,metaspace] GC(195) Metaspace: 201470K(203712K)->201470K(203712K) NonClass: 169885K(171136K)->169885K(171136K) Class: 31584K(32576K)->31584K(32576K)
[156.741s][info][gc          ] GC(195) Pause Young (Mixed) (G1 Evacuation Pause) 3196M->1322M(3368M) 19.768ms
[156.741s][info][gc,cpu      ] GC(195) User=0.56s Sys=0.00s Real=0.02s
[157.510s][info][gc,start    ] GC(196) Pause Young (Concurrent Start) (G1 Evacuation Pause)
[157.511s][info][gc,task     ] GC(196) Using 18 workers of 18 for evacuation
[157.524s][info][gc,phases   ] GC(196)   Pre Evacuate Collection Set: 0.56ms
[157.524s][info][gc,phases   ] GC(196)   Merge Heap Roots: 0.31ms
[157.524s][info][gc,phases   ] GC(196)   Evacuate Collection Set: 11.47ms
[157.524s][info][gc,phases   ] GC(196)   Post Evacuate Collection Set: 1.34ms
[157.524s][info][gc,phases   ] GC(196)   Other: 0.14ms
[157.524s][info][gc,heap     ] GC(196) Eden regions: 937->0(936)
[157.524s][info][gc,heap     ] GC(196) Survivor regions: 33->34(122)
[157.524s][info][gc,heap     ] GC(196) Old regions: 587->587
[157.524s][info][gc,heap     ] GC(196) Humongous regions: 42->42
[157.524s][info][gc,metaspace] GC(196) Metaspace: 201471K(203712K)->201471K(203712K) NonClass: 169887K(171136K)->169887K(171136K) Class: 31584K(32576K)->31584K(32576K)
[157.524s][info][gc          ] GC(196) Pause Young (Concurrent Start) (G1 Evacuation Pause) 3196M->1324M(3368M) 14.098ms
[157.525s][info][gc          ] GC(197) Concurrent Mark Cycle
[157.525s][info][gc,marking  ] GC(197) Concurrent Scan Root Regions
[157.525s][info][gc,cpu      ] GC(196) User=0.28s Sys=0.00s Real=0.01s
[157.535s][info][gc,marking  ] GC(197) Concurrent Scan Root Regions 10.378ms
[157.535s][info][gc,marking  ] GC(197) Concurrent Mark
[157.535s][info][gc,marking  ] GC(197) Concurrent Mark From Roots
[157.535s][info][gc,task     ] GC(197) Using 5 workers of 5 for marking
[157.868s][info][gc,marking  ] GC(197) Concurrent Mark From Roots 333.222ms
[157.868s][info][gc,marking  ] GC(197) Concurrent Preclean
[157.870s][info][gc,marking  ] GC(197) Concurrent Preclean 1.317ms
[157.870s][info][gc,start    ] GC(197) Pause Remark
[157.881s][info][gc          ] GC(197) Pause Remark 2016M->2004M(3368M) 10.901ms
[157.881s][info][gc,cpu      ] GC(197) User=0.05s Sys=0.00s Real=0.01s
[157.881s][info][gc,marking  ] GC(197) Concurrent Mark 346.057ms
[157.881s][info][gc,marking  ] GC(197) Concurrent Rebuild Remembered Sets and Scrub Regions
[158.139s][info][gc,marking  ] GC(197) Concurrent Rebuild Remembered Sets and Scrub Regions 257.642ms
[158.139s][info][gc,start    ] GC(197) Pause Cleanup
[158.140s][info][gc          ] GC(197) Pause Cleanup 2563M->2563M(3368M) 0.665ms
[158.140s][info][gc,cpu      ] GC(197) User=0.00s Sys=0.00s Real=0.00s
[158.140s][info][gc,marking  ] GC(197) Concurrent Clear Claimed Marks
[158.140s][info][gc,marking  ] GC(197) Concurrent Clear Claimed Marks 0.199ms
[158.140s][info][gc,marking  ] GC(197) Concurrent Cleanup for Next Mark
[158.144s][info][gc,marking  ] GC(197) Concurrent Cleanup for Next Mark 4.276ms
[158.145s][info][gc          ] GC(197) Concurrent Mark Cycle 619.998ms
[158.392s][info][gc,start    ] GC(198) Pause Young (Prepare Mixed) (G1 Evacuation Pause)
[158.392s][info][gc,task     ] GC(198) Using 18 workers of 18 for evacuation
[158.409s][info][gc,phases   ] GC(198)   Pre Evacuate Collection Set: 0.42ms
[158.409s][info][gc,phases   ] GC(198)   Merge Heap Roots: 0.39ms
[158.409s][info][gc,phases   ] GC(198)   Evacuate Collection Set: 13.98ms
[158.409s][info][gc,phases   ] GC(198)   Post Evacuate Collection Set: 1.72ms
[158.409s][info][gc,phases   ] GC(198)   Other: 0.27ms
[158.409s][info][gc,heap     ] GC(198) Eden regions: 936->0(939)
[158.409s][info][gc,heap     ] GC(198) Survivor regions: 34->35(122)
[158.409s][info][gc,heap     ] GC(198) Old regions: 587->589
[158.409s][info][gc,heap     ] GC(198) Humongous regions: 36->36
[158.409s][info][gc,metaspace] GC(198) Metaspace: 201471K(203712K)->201471K(203712K) NonClass: 169887K(171136K)->169887K(171136K) Class: 31584K(32576K)->31584K(32576K)
[158.409s][info][gc          ] GC(198) Pause Young (Prepare Mixed) (G1 Evacuation Pause) 3184M->1317M(3368M) 17.195ms
[158.409s][info][gc,cpu      ] GC(198) User=0.28s Sys=0.00s Real=0.02s
[159.183s][info][gc,start    ] GC(199) Pause Young (Mixed) (G1 Evacuation Pause)
[159.183s][info][gc,task     ] GC(199) Using 18 workers of 18 for evacuation
[159.203s][info][gc,phases   ] GC(199)   Pre Evacuate Collection Set: 0.39ms
[159.203s][info][gc,phases   ] GC(199)   Merge Heap Roots: 0.34ms
[159.203s][info][gc,phases   ] GC(199)   Evacuate Collection Set: 17.38ms
[159.203s][info][gc,phases   ] GC(199)   Post Evacuate Collection Set: 1.41ms
[159.203s][info][gc,phases   ] GC(199)   Other: 0.15ms
[159.203s][info][gc,heap     ] GC(199) Eden regions: 939->0(944)
[159.203s][info][gc,heap     ] GC(199) Survivor regions: 35->35(122)
[159.203s][info][gc,heap     ] GC(199) Old regions: 589->584
[159.203s][info][gc,heap     ] GC(199) Humongous regions: 36->36
[159.203s][info][gc,metaspace] GC(199) Metaspace: 201471K(203712K)->201471K(203712K) NonClass: 169887K(171136K)->169887K(171136K) Class: 31584K(32576K)->31584K(32576K)
[159.203s][info][gc          ] GC(199) Pause Young (Mixed) (G1 Evacuation Pause) 3195M->1307M(3368M) 19.938ms
[159.203s][info][gc,cpu      ] GC(199) User=0.25s Sys=0.02s Real=0.02s
[159.982s][info][gc,start    ] GC(200) Pause Young (Concurrent Start) (G1 Evacuation Pause)
[159.982s][info][gc,task     ] GC(200) Using 18 workers of 18 for evacuation
[159.997s][info][gc,phases   ] GC(200)   Pre Evacuate Collection Set: 0.45ms
[159.997s][info][gc,phases   ] GC(200)   Merge Heap Roots: 0.30ms
[159.997s][info][gc,phases   ] GC(200)   Evacuate Collection Set: 12.71ms
[159.997s][info][gc,phases   ] GC(200)   Post Evacuate Collection Set: 1.42ms
[159.997s][info][gc,phases   ] GC(200)   Other: 0.12ms
[159.997s][info][gc,heap     ] GC(200) Eden regions: 944->0(942)
[159.997s][info][gc,heap     ] GC(200) Survivor regions: 35->35(123)
[159.997s][info][gc,heap     ] GC(200) Old regions: 584->586
[159.997s][info][gc,heap     ] GC(200) Humongous regions: 36->36
[159.997s][info][gc,metaspace] GC(200) Metaspace: 201476K(203712K)->201476K(203712K) NonClass: 169891K(171136K)->169891K(171136K) Class: 31584K(32576K)->31584K(32576K)
[159.997s][info][gc          ] GC(200) Pause Young (Concurrent Start) (G1 Evacuation Pause) 3195M->1311M(3368M) 15.249ms
[159.997s][info][gc          ] GC(201) Concurrent Mark Cycle
[159.997s][info][gc,cpu      ] GC(200) User=0.27s Sys=0.00s Real=0.01s
[159.997s][info][gc,marking  ] GC(201) Concurrent Scan Root Regions
[160.008s][info][gc,marking  ] GC(201) Concurrent Scan Root Regions 10.633ms
[160.008s][info][gc,marking  ] GC(201) Concurrent Mark
[160.008s][info][gc,marking  ] GC(201) Concurrent Mark From Roots
[160.008s][info][gc,task     ] GC(201) Using 5 workers of 5 for marking
[160.355s][info][gc,marking  ] GC(201) Concurrent Mark From Roots 346.736ms
[160.355s][info][gc,marking  ] GC(201) Concurrent Preclean
[160.357s][info][gc,marking  ] GC(201) Concurrent Preclean 1.505ms
[160.357s][info][gc,start    ] GC(201) Pause Remark
[160.367s][info][gc          ] GC(201) Pause Remark 2048M->2048M(3368M) 10.468ms
[160.367s][info][gc,cpu      ] GC(201) User=0.08s Sys=0.00s Real=0.01s
[160.367s][info][gc,marking  ] GC(201) Concurrent Mark 359.245ms
[160.367s][info][gc,marking  ] GC(201) Concurrent Rebuild Remembered Sets and Scrub Regions
[160.650s][info][gc,marking  ] GC(201) Concurrent Rebuild Remembered Sets and Scrub Regions 282.202ms
[160.650s][info][gc,start    ] GC(201) Pause Cleanup
[160.651s][info][gc          ] GC(201) Pause Cleanup 2578M->2578M(3368M) 0.676ms
[160.651s][info][gc,cpu      ] GC(201) User=0.00s Sys=0.00s Real=0.00s
[160.651s][info][gc,marking  ] GC(201) Concurrent Clear Claimed Marks
[160.651s][info][gc,marking  ] GC(201) Concurrent Clear Claimed Marks 0.247ms
[160.651s][info][gc,marking  ] GC(201) Concurrent Cleanup for Next Mark
[160.656s][info][gc,marking  ] GC(201) Concurrent Cleanup for Next Mark 4.430ms
[160.656s][info][gc          ] GC(201) Concurrent Mark Cycle 658.219ms
[160.964s][info][gc,start    ] GC(202) Pause Young (Prepare Mixed) (G1 Evacuation Pause)
[160.964s][info][gc,task     ] GC(202) Using 18 workers of 18 for evacuation
[160.979s][info][gc,phases   ] GC(202)   Pre Evacuate Collection Set: 0.41ms
[160.979s][info][gc,phases   ] GC(202)   Merge Heap Roots: 0.34ms
[160.979s][info][gc,phases   ] GC(202)   Evacuate Collection Set: 11.96ms
[160.979s][info][gc,phases   ] GC(202)   Post Evacuate Collection Set: 1.34ms
[160.979s][info][gc,phases   ] GC(202)   Other: 0.18ms
[160.979s][info][gc,heap     ] GC(202) Eden regions: 942->0(942)
[160.979s][info][gc,heap     ] GC(202) Survivor regions: 35->35(123)
[160.979s][info][gc,heap     ] GC(202) Old regions: 586->586
[160.979s][info][gc,heap     ] GC(202) Humongous regions: 36->36
[160.979s][info][gc,metaspace] GC(202) Metaspace: 201476K(203712K)->201476K(203712K) NonClass: 169891K(171136K)->169891K(171136K) Class: 31584K(32576K)->31584K(32576K)
[160.979s][info][gc          ] GC(202) Pause Young (Prepare Mixed) (G1 Evacuation Pause) 3195M->1311M(3368M) 14.514ms
[160.979s][info][gc,cpu      ] GC(202) User=0.28s Sys=0.00s Real=0.01s
[161.940s][info][gc,start    ] GC(203) Pause Young (Mixed) (G1 Evacuation Pause)
[161.940s][info][gc,task     ] GC(203) Using 18 workers of 18 for evacuation
[161.963s][info][gc,phases   ] GC(203)   Pre Evacuate Collection Set: 0.36ms
[161.963s][info][gc,phases   ] GC(203)   Merge Heap Roots: 0.31ms
[161.963s][info][gc,phases   ] GC(203)   Evacuate Collection Set: 20.35ms
[161.963s][info][gc,phases   ] GC(203)   Post Evacuate Collection Set: 1.54ms
[161.963s][info][gc,phases   ] GC(203)   Other: 0.12ms
[161.963s][info][gc,heap     ] GC(203) Eden regions: 942->0(944)
[161.963s][info][gc,heap     ] GC(203) Survivor regions: 35->37(123)
[161.963s][info][gc,heap     ] GC(203) Old regions: 586->582
[161.963s][info][gc,heap     ] GC(203) Humongous regions: 36->36
[161.963s][info][gc,metaspace] GC(203) Metaspace: 201480K(203712K)->201480K(203712K) NonClass: 169895K(171136K)->169895K(171136K) Class: 31584K(32576K)->31584K(32576K)
[161.963s][info][gc          ] GC(203) Pause Young (Mixed) (G1 Evacuation Pause) 3195M->1307M(3368M) 22.954ms
[161.963s][info][gc,cpu      ] GC(203) User=0.52s Sys=0.00s Real=0.02s
[162.981s][info][gc,start    ] GC(204) Pause Young (Concurrent Start) (G1 Evacuation Pause)
[162.981s][info][gc,task     ] GC(204) Using 18 workers of 18 for evacuation
[162.997s][info][gc,phases   ] GC(204)   Pre Evacuate Collection Set: 0.42ms
[162.997s][info][gc,phases   ] GC(204)   Merge Heap Roots: 0.25ms
[162.997s][info][gc,phases   ] GC(204)   Evacuate Collection Set: 13.66ms
[162.997s][info][gc,phases   ] GC(204)   Post Evacuate Collection Set: 1.20ms
[162.997s][info][gc,phases   ] GC(204)   Other: 0.10ms
[162.997s][info][gc,heap     ] GC(204) Eden regions: 944->0(943)
[162.997s][info][gc,heap     ] GC(204) Survivor regions: 37->37(123)
[162.997s][info][gc,heap     ] GC(204) Old regions: 582->583
[162.997s][info][gc,heap     ] GC(204) Humongous regions: 36->36
[162.997s][info][gc,metaspace] GC(204) Metaspace: 201480K(203712K)->201480K(203712K) NonClass: 169895K(171136K)->169895K(171136K) Class: 31584K(32576K)->31584K(32576K)
[162.997s][info][gc          ] GC(204) Pause Young (Concurrent Start) (G1 Evacuation Pause) 3195M->1311M(3368M) 15.940ms
[162.997s][info][gc          ] GC(205) Concurrent Mark Cycle
[162.997s][info][gc,marking  ] GC(205) Concurrent Scan Root Regions
[162.997s][info][gc,cpu      ] GC(204) User=0.27s Sys=0.00s Real=0.02s
[163.009s][info][gc,marking  ] GC(205) Concurrent Scan Root Regions 12.095ms
[163.010s][info][gc,marking  ] GC(205) Concurrent Mark
[163.010s][info][gc,marking  ] GC(205) Concurrent Mark From Roots
[163.010s][info][gc,task     ] GC(205) Using 5 workers of 5 for marking
[163.386s][info][gc,marking  ] GC(205) Concurrent Mark From Roots 376.150ms
[163.386s][info][gc,marking  ] GC(205) Concurrent Preclean
[163.387s][info][gc,marking  ] GC(205) Concurrent Preclean 1.617ms
[163.388s][info][gc,start    ] GC(205) Pause Remark
[163.399s][info][gc          ] GC(205) Pause Remark 1898M->1898M(3368M) 11.202ms
[163.399s][info][gc,cpu      ] GC(205) User=0.08s Sys=0.00s Real=0.01s
[163.399s][info][gc,marking  ] GC(205) Concurrent Mark 389.569ms
[163.399s][info][gc,marking  ] GC(205) Concurrent Rebuild Remembered Sets and Scrub Regions
[163.716s][info][gc,marking  ] GC(205) Concurrent Rebuild Remembered Sets and Scrub Regions 316.446ms
[163.716s][info][gc,start    ] GC(205) Pause Cleanup
[163.716s][info][gc          ] GC(205) Pause Cleanup 2392M->2392M(3368M) 0.539ms
[163.716s][info][gc,cpu      ] GC(205) User=0.00s Sys=0.00s Real=0.00s
[163.717s][info][gc,marking  ] GC(205) Concurrent Clear Claimed Marks
[163.717s][info][gc,marking  ] GC(205) Concurrent Clear Claimed Marks 0.211ms
[163.717s][info][gc,marking  ] GC(205) Concurrent Cleanup for Next Mark
[163.721s][info][gc,marking  ] GC(205) Concurrent Cleanup for Next Mark 4.098ms
[163.721s][info][gc          ] GC(205) Concurrent Mark Cycle 723.689ms
[164.094s][info][gc,start    ] GC(206) Pause Young (Prepare Mixed) (G1 Evacuation Pause)
[164.095s][info][gc,task     ] GC(206) Using 18 workers of 18 for evacuation
[164.110s][info][gc,phases   ] GC(206)   Pre Evacuate Collection Set: 0.34ms
[164.110s][info][gc,phases   ] GC(206)   Merge Heap Roots: 0.34ms
[164.110s][info][gc,phases   ] GC(206)   Evacuate Collection Set: 13.75ms
[164.110s][info][gc,phases   ] GC(206)   Post Evacuate Collection Set: 1.30ms
[164.111s][info][gc,phases   ] GC(206)   Other: 0.12ms
[164.111s][info][gc,heap     ] GC(206) Eden regions: 943->0(939)
[164.111s][info][gc,heap     ] GC(206) Survivor regions: 37->38(123)
[164.111s][info][gc,heap     ] GC(206) Old regions: 583->586
[164.111s][info][gc,heap     ] GC(206) Humongous regions: 36->36
[164.111s][info][gc,metaspace] GC(206) Metaspace: 201480K(203712K)->201480K(203712K) NonClass: 169895K(171136K)->169895K(171136K) Class: 31584K(32576K)->31584K(32576K)
[164.111s][info][gc          ] GC(206) Pause Young (Prepare Mixed) (G1 Evacuation Pause) 3197M->1318M(3368M) 16.126ms
[164.111s][info][gc,cpu      ] GC(206) User=0.27s Sys=0.02s Real=0.02s
[165.075s][info][gc,start    ] GC(207) Pause Young (Mixed) (G1 Evacuation Pause)
[165.075s][info][gc,task     ] GC(207) Using 18 workers of 18 for evacuation
[165.096s][info][gc,phases   ] GC(207)   Pre Evacuate Collection Set: 0.31ms
[165.096s][info][gc,phases   ] GC(207)   Merge Heap Roots: 0.28ms
[165.096s][info][gc,phases   ] GC(207)   Evacuate Collection Set: 18.82ms
[165.096s][info][gc,phases   ] GC(207)   Post Evacuate Collection Set: 1.30ms
[165.096s][info][gc,phases   ] GC(207)   Other: 0.11ms
[165.096s][info][gc,heap     ] GC(207) Eden regions: 939->0(941)
[165.096s][info][gc,heap     ] GC(207) Survivor regions: 38->38(123)
[165.096s][info][gc,heap     ] GC(207) Old regions: 586->584
[165.096s][info][gc,heap     ] GC(207) Humongous regions: 36->36
[165.096s][info][gc,metaspace] GC(207) Metaspace: 201491K(203712K)->201491K(203712K) NonClass: 169906K(171136K)->169906K(171136K) Class: 31584K(32576K)->31584K(32576K)
[165.096s][info][gc          ] GC(207) Pause Young (Mixed) (G1 Evacuation Pause) 3196M->1313M(3368M) 21.110ms
[165.096s][info][gc,cpu      ] GC(207) User=0.28s Sys=0.00s Real=0.02s
[166.046s][info][gc,start    ] GC(208) Pause Young (Concurrent Start) (G1 Evacuation Pause)
[166.046s][info][gc,task     ] GC(208) Using 18 workers of 18 for evacuation
[166.062s][info][gc,phases   ] GC(208)   Pre Evacuate Collection Set: 0.43ms
[166.062s][info][gc,phases   ] GC(208)   Merge Heap Roots: 0.28ms
[166.062s][info][gc,phases   ] GC(208)   Evacuate Collection Set: 13.80ms
[166.062s][info][gc,phases   ] GC(208)   Post Evacuate Collection Set: 1.50ms
[166.062s][info][gc,phases   ] GC(208)   Other: 0.13ms
[166.062s][info][gc,heap     ] GC(208) Eden regions: 941->0(939)
[166.062s][info][gc,heap     ] GC(208) Survivor regions: 38->37(123)
[166.062s][info][gc,heap     ] GC(208) Old regions: 584->587
[166.062s][info][gc,heap     ] GC(208) Humongous regions: 36->36
[166.062s][info][gc,metaspace] GC(208) Metaspace: 201491K(203712K)->201491K(203712K) NonClass: 169906K(171136K)->169906K(171136K) Class: 31584K(32576K)->31584K(32576K)
[166.062s][info][gc          ] GC(208) Pause Young (Concurrent Start) (G1 Evacuation Pause) 3195M->1316M(3368M) 16.462ms
[166.062s][info][gc          ] GC(209) Concurrent Mark Cycle
[166.062s][info][gc,marking  ] GC(209) Concurrent Scan Root Regions
[166.062s][info][gc,cpu      ] GC(208) User=0.27s Sys=0.02s Real=0.02s
[166.074s][info][gc,marking  ] GC(209) Concurrent Scan Root Regions 11.863ms
[166.074s][info][gc,marking  ] GC(209) Concurrent Mark
[166.074s][info][gc,marking  ] GC(209) Concurrent Mark From Roots
[166.074s][info][gc,task     ] GC(209) Using 5 workers of 5 for marking
[166.440s][info][gc,marking  ] GC(209) Concurrent Mark From Roots 366.054ms
[166.440s][info][gc,marking  ] GC(209) Concurrent Preclean
[166.442s][info][gc,marking  ] GC(209) Concurrent Preclean 1.289ms
[166.442s][info][gc,start    ] GC(209) Pause Remark
[166.453s][info][gc          ] GC(209) Pause Remark 1955M->1955M(3368M) 11.602ms
[166.453s][info][gc,cpu      ] GC(209) User=0.30s Sys=0.00s Real=0.01s
[166.454s][info][gc,marking  ] GC(209) Concurrent Mark 379.506ms
[166.454s][info][gc,marking  ] GC(209) Concurrent Rebuild Remembered Sets and Scrub Regions
[166.745s][info][gc,marking  ] GC(209) Concurrent Rebuild Remembered Sets and Scrub Regions 291.378ms
[166.745s][info][gc,start    ] GC(209) Pause Cleanup
[166.746s][info][gc          ] GC(209) Pause Cleanup 2399M->2399M(3368M) 0.483ms
[166.746s][info][gc,cpu      ] GC(209) User=0.00s Sys=0.00s Real=0.00s
[166.746s][info][gc,marking  ] GC(209) Concurrent Clear Claimed Marks
[166.746s][info][gc,marking  ] GC(209) Concurrent Clear Claimed Marks 0.212ms
[166.746s][info][gc,marking  ] GC(209) Concurrent Cleanup for Next Mark
[166.750s][info][gc,marking  ] GC(209) Concurrent Cleanup for Next Mark 4.158ms
[166.750s][info][gc          ] GC(209) Concurrent Mark Cycle 688.316ms
[167.139s][info][gc,start    ] GC(210) Pause Young (Prepare Mixed) (G1 Evacuation Pause)
[167.139s][info][gc,task     ] GC(210) Using 18 workers of 18 for evacuation
[167.154s][info][gc,phases   ] GC(210)   Pre Evacuate Collection Set: 0.33ms
[167.154s][info][gc,phases   ] GC(210)   Merge Heap Roots: 0.30ms
[167.154s][info][gc,phases   ] GC(210)   Evacuate Collection Set: 12.62ms
[167.154s][info][gc,phases   ] GC(210)   Post Evacuate Collection Set: 1.48ms
[167.154s][info][gc,phases   ] GC(210)   Other: 0.13ms
[167.154s][info][gc,heap     ] GC(210) Eden regions: 939->0(939)
[167.154s][info][gc,heap     ] GC(210) Survivor regions: 37->34(122)
[167.154s][info][gc,heap     ] GC(210) Old regions: 587->590
[167.154s][info][gc,heap     ] GC(210) Humongous regions: 36->36
[167.154s][info][gc,metaspace] GC(210) Metaspace: 201491K(203712K)->201491K(203712K) NonClass: 169906K(171136K)->169906K(171136K) Class: 31584K(32576K)->31584K(32576K)
[167.154s][info][gc          ] GC(210) Pause Young (Prepare Mixed) (G1 Evacuation Pause) 3194M->1317M(3368M) 15.217ms
[167.155s][info][gc,cpu      ] GC(210) User=0.30s Sys=0.00s Real=0.02s
[168.141s][info][gc,start    ] GC(211) Pause Young (Mixed) (G1 Evacuation Pause)
[168.141s][info][gc,task     ] GC(211) Using 18 workers of 18 for evacuation
[168.160s][info][gc,phases   ] GC(211)   Pre Evacuate Collection Set: 0.37ms
[168.160s][info][gc,phases   ] GC(211)   Merge Heap Roots: 0.30ms
[168.160s][info][gc,phases   ] GC(211)   Evacuate Collection Set: 16.61ms
[168.160s][info][gc,phases   ] GC(211)   Post Evacuate Collection Set: 1.48ms
[168.160s][info][gc,phases   ] GC(211)   Other: 0.14ms
[168.160s][info][gc,heap     ] GC(211) Eden regions: 939->0(942)
[168.160s][info][gc,heap     ] GC(211) Survivor regions: 34->35(122)
[168.160s][info][gc,heap     ] GC(211) Old regions: 590->586
[168.160s][info][gc,heap     ] GC(211) Humongous regions: 36->36
[168.160s][info][gc,metaspace] GC(211) Metaspace: 201492K(203712K)->201492K(203712K) NonClass: 169907K(171136K)->169907K(171136K) Class: 31584K(32576K)->31584K(32576K)
[168.160s][info][gc          ] GC(211) Pause Young (Mixed) (G1 Evacuation Pause) 3195M->1312M(3368M) 19.295ms
[168.160s][info][gc,cpu      ] GC(211) User=0.25s Sys=0.03s Real=0.02s
[169.035s][info][gc,start    ] GC(212) Pause Young (Concurrent Start) (G1 Evacuation Pause)
[169.035s][info][gc,task     ] GC(212) Using 18 workers of 18 for evacuation
[169.049s][info][gc,phases   ] GC(212)   Pre Evacuate Collection Set: 0.54ms
[169.049s][info][gc,phases   ] GC(212)   Merge Heap Roots: 0.26ms
[169.049s][info][gc,phases   ] GC(212)   Evacuate Collection Set: 11.58ms
[169.049s][info][gc,phases   ] GC(212)   Post Evacuate Collection Set: 1.43ms
[169.049s][info][gc,phases   ] GC(212)   Other: 0.11ms
[169.049s][info][gc,heap     ] GC(212) Eden regions: 942->0(940)
[169.049s][info][gc,heap     ] GC(212) Survivor regions: 35->36(123)
[169.049s][info][gc,heap     ] GC(212) Old regions: 586->587
[169.049s][info][gc,heap     ] GC(212) Humongous regions: 36->36
[169.049s][info][gc,metaspace] GC(212) Metaspace: 201492K(203712K)->201492K(203712K) NonClass: 169907K(171136K)->169907K(171136K) Class: 31584K(32576K)->31584K(32576K)
[169.049s][info][gc          ] GC(212) Pause Young (Concurrent Start) (G1 Evacuation Pause) 3196M->1315M(3368M) 14.217ms
[169.049s][info][gc          ] GC(213) Concurrent Mark Cycle
[169.049s][info][gc,marking  ] GC(213) Concurrent Scan Root Regions
[169.049s][info][gc,cpu      ] GC(212) User=0.28s Sys=0.00s Real=0.01s
[169.060s][info][gc,marking  ] GC(213) Concurrent Scan Root Regions 11.151ms
[169.060s][info][gc,marking  ] GC(213) Concurrent Mark
[169.060s][info][gc,marking  ] GC(213) Concurrent Mark From Roots
[169.060s][info][gc,task     ] GC(213) Using 5 workers of 5 for marking
[169.437s][info][gc,marking  ] GC(213) Concurrent Mark From Roots 377.056ms
[169.437s][info][gc,marking  ] GC(213) Concurrent Preclean
[169.439s][info][gc,marking  ] GC(213) Concurrent Preclean 1.336ms
[169.439s][info][gc,start    ] GC(213) Pause Remark
[169.451s][info][gc          ] GC(213) Pause Remark 1928M->1928M(3368M) 12.048ms
[169.451s][info][gc,cpu      ] GC(213) User=0.05s Sys=0.00s Real=0.01s
[169.451s][info][gc,marking  ] GC(213) Concurrent Mark 391.038ms
[169.451s][info][gc,marking  ] GC(213) Concurrent Rebuild Remembered Sets and Scrub Regions
[169.751s][info][gc,marking  ] GC(213) Concurrent Rebuild Remembered Sets and Scrub Regions 299.445ms
[169.751s][info][gc,start    ] GC(213) Pause Cleanup
[169.752s][info][gc          ] GC(213) Pause Cleanup 2367M->2367M(3368M) 0.817ms
[169.752s][info][gc,cpu      ] GC(213) User=0.00s Sys=0.00s Real=0.00s
[169.752s][info][gc,marking  ] GC(213) Concurrent Clear Claimed Marks
[169.752s][info][gc,marking  ] GC(213) Concurrent Clear Claimed Marks 0.207ms
[169.752s][info][gc,marking  ] GC(213) Concurrent Cleanup for Next Mark
[169.756s][info][gc,marking  ] GC(213) Concurrent Cleanup for Next Mark 4.192ms
[169.757s][info][gc          ] GC(213) Concurrent Mark Cycle 707.645ms
[170.137s][info][gc,start    ] GC(214) Pause Young (Prepare Mixed) (G1 Evacuation Pause)
[170.138s][info][gc,task     ] GC(214) Using 18 workers of 18 for evacuation
[170.152s][info][gc,phases   ] GC(214)   Pre Evacuate Collection Set: 0.35ms
[170.152s][info][gc,phases   ] GC(214)   Merge Heap Roots: 0.32ms
[170.152s][info][gc,phases   ] GC(214)   Evacuate Collection Set: 11.87ms
[170.152s][info][gc,phases   ] GC(214)   Post Evacuate Collection Set: 1.36ms
[170.152s][info][gc,phases   ] GC(214)   Other: 0.10ms
[170.152s][info][gc,heap     ] GC(214) Eden regions: 940->0(940)
[170.152s][info][gc,heap     ] GC(214) Survivor regions: 36->27(122)
[170.152s][info][gc,heap     ] GC(214) Old regions: 587->596
[170.152s][info][gc,heap     ] GC(214) Humongous regions: 36->36
[170.152s][info][gc,metaspace] GC(214) Metaspace: 201492K(203712K)->201492K(203712K) NonClass: 169907K(171136K)->169907K(171136K) Class: 31584K(32576K)->31584K(32576K)
[170.152s][info][gc          ] GC(214) Pause Young (Prepare Mixed) (G1 Evacuation Pause) 3195M->1315M(3368M) 14.339ms
[170.152s][info][gc,cpu      ] GC(214) User=0.27s Sys=0.00s Real=0.02s
[170.903s][info][gc,start    ] GC(215) Pause Young (Mixed) (G1 Evacuation Pause)
[170.903s][info][gc,task     ] GC(215) Using 18 workers of 18 for evacuation
[170.918s][info][gc,phases   ] GC(215)   Pre Evacuate Collection Set: 0.32ms
[170.918s][info][gc,phases   ] GC(215)   Merge Heap Roots: 0.27ms
[170.918s][info][gc,phases   ] GC(215)   Evacuate Collection Set: 13.03ms
[170.918s][info][gc,phases   ] GC(215)   Post Evacuate Collection Set: 1.21ms
[170.918s][info][gc,phases   ] GC(215)   Other: 0.10ms
[170.918s][info][gc,heap     ] GC(215) Eden regions: 940->0(945)
[170.918s][info][gc,heap     ] GC(215) Survivor regions: 27->23(121)
[170.918s][info][gc,heap     ] GC(215) Old regions: 596->595
[170.918s][info][gc,heap     ] GC(215) Humongous regions: 36->36
[170.918s][info][gc,metaspace] GC(215) Metaspace: 201496K(203712K)->201496K(203712K) NonClass: 169911K(171136K)->169911K(171136K) Class: 31584K(32576K)->31584K(32576K)
[170.918s][info][gc          ] GC(215) Pause Young (Mixed) (G1 Evacuation Pause) 3195M->1307M(3368M) 15.181ms
[170.918s][info][gc,cpu      ] GC(215) User=0.28s Sys=0.00s Real=0.01s
[171.651s][info][gc,start    ] GC(216) Pause Young (Concurrent Start) (G1 Evacuation Pause)
[171.652s][info][gc,task     ] GC(216) Using 18 workers of 18 for evacuation
[171.661s][info][gc,phases   ] GC(216)   Pre Evacuate Collection Set: 0.43ms
[171.661s][info][gc,phases   ] GC(216)   Merge Heap Roots: 0.27ms
[171.661s][info][gc,phases   ] GC(216)   Evacuate Collection Set: 7.49ms
[171.661s][info][gc,phases   ] GC(216)   Post Evacuate Collection Set: 1.38ms
[171.661s][info][gc,phases   ] GC(216)   Other: 0.11ms
[171.661s][info][gc,heap     ] GC(216) Eden regions: 945->0(941)
[171.661s][info][gc,heap     ] GC(216) Survivor regions: 23->25(121)
[171.661s][info][gc,heap     ] GC(216) Old regions: 595->597
[171.661s][info][gc,heap     ] GC(216) Humongous regions: 36->36
[171.661s][info][gc,metaspace] GC(216) Metaspace: 201498K(203712K)->201498K(203712K) NonClass: 169913K(171136K)->169913K(171136K) Class: 31584K(32576K)->31584K(32576K)
[171.661s][info][gc          ] GC(216) Pause Young (Concurrent Start) (G1 Evacuation Pause) 3197M->1313M(3368M) 9.973ms
[171.662s][info][gc          ] GC(217) Concurrent Mark Cycle
[171.662s][info][gc,marking  ] GC(217) Concurrent Scan Root Regions
[171.662s][info][gc,cpu      ] GC(216) User=0.28s Sys=0.00s Real=0.01s
[171.670s][info][gc,marking  ] GC(217) Concurrent Scan Root Regions 8.638ms
[171.670s][info][gc,marking  ] GC(217) Concurrent Mark
[171.670s][info][gc,marking  ] GC(217) Concurrent Mark From Roots
[171.670s][info][gc,task     ] GC(217) Using 5 workers of 5 for marking
[172.014s][info][gc,marking  ] GC(217) Concurrent Mark From Roots 343.992ms
[172.014s][info][gc,marking  ] GC(217) Concurrent Preclean
[172.016s][info][gc,marking  ] GC(217) Concurrent Preclean 1.263ms
[172.016s][info][gc,start    ] GC(217) Pause Remark
[172.025s][info][gc          ] GC(217) Pause Remark 2004M->2002M(3368M) 9.604ms
[172.026s][info][gc,cpu      ] GC(217) User=0.22s Sys=0.00s Real=0.01s
[172.026s][info][gc,marking  ] GC(217) Concurrent Mark 355.346ms
[172.026s][info][gc,marking  ] GC(217) Concurrent Rebuild Remembered Sets and Scrub Regions
[172.312s][info][gc,marking  ] GC(217) Concurrent Rebuild Remembered Sets and Scrub Regions 286.262ms
[172.312s][info][gc,start    ] GC(217) Pause Cleanup
[172.313s][info][gc          ] GC(217) Pause Cleanup 2588M->2588M(3368M) 0.628ms
[172.313s][info][gc,cpu      ] GC(217) User=0.00s Sys=0.00s Real=0.00s
[172.313s][info][gc,marking  ] GC(217) Concurrent Clear Claimed Marks
[172.313s][info][gc,marking  ] GC(217) Concurrent Clear Claimed Marks 0.236ms
[172.313s][info][gc,marking  ] GC(217) Concurrent Cleanup for Next Mark
[172.317s][info][gc,marking  ] GC(217) Concurrent Cleanup for Next Mark 4.293ms
[172.318s][info][gc          ] GC(217) Concurrent Mark Cycle 656.066ms
[172.555s][info][gc,start    ] GC(218) Pause Young (Prepare Mixed) (G1 Evacuation Pause)
[172.555s][info][gc,task     ] GC(218) Using 18 workers of 18 for evacuation
[172.567s][info][gc,phases   ] GC(218)   Pre Evacuate Collection Set: 0.40ms
[172.567s][info][gc,phases   ] GC(218)   Merge Heap Roots: 0.33ms
[172.567s][info][gc,phases   ] GC(218)   Evacuate Collection Set: 10.08ms
[172.567s][info][gc,phases   ] GC(218)   Post Evacuate Collection Set: 1.11ms
[172.567s][info][gc,phases   ] GC(218)   Other: 0.18ms
[172.567s][info][gc,heap     ] GC(218) Eden regions: 941->0(938)
[172.567s][info][gc,heap     ] GC(218) Survivor regions: 25->26(121)
[172.567s][info][gc,heap     ] GC(218) Old regions: 596->599
[172.567s][info][gc,heap     ] GC(218) Humongous regions: 36->36
[172.567s][info][gc,metaspace] GC(218) Metaspace: 201501K(203712K)->201501K(203712K) NonClass: 169917K(171136K)->169917K(171136K) Class: 31584K(32576K)->31584K(32576K)
[172.567s][info][gc          ] GC(218) Pause Young (Prepare Mixed) (G1 Evacuation Pause) 3193M->1320M(3368M) 12.341ms
[172.567s][info][gc,cpu      ] GC(218) User=0.00s Sys=0.00s Real=0.01s
[173.331s][info][gc,start    ] GC(219) Pause Young (Mixed) (G1 Evacuation Pause)
[173.331s][info][gc,task     ] GC(219) Using 18 workers of 18 for evacuation
[173.346s][info][gc,phases   ] GC(219)   Pre Evacuate Collection Set: 0.33ms
[173.346s][info][gc,phases   ] GC(219)   Merge Heap Roots: 0.27ms
[173.346s][info][gc,phases   ] GC(219)   Evacuate Collection Set: 13.00ms
[173.346s][info][gc,phases   ] GC(219)   Post Evacuate Collection Set: 1.40ms
[173.346s][info][gc,phases   ] GC(219)   Other: 0.11ms
[173.346s][info][gc,heap     ] GC(219) Eden regions: 938->0(946)
[173.346s][info][gc,heap     ] GC(219) Survivor regions: 26->26(121)
[173.346s][info][gc,heap     ] GC(219) Old regions: 599->591
[173.346s][info][gc,heap     ] GC(219) Humongous regions: 36->36
[173.346s][info][gc,metaspace] GC(219) Metaspace: 201501K(203712K)->201501K(203712K) NonClass: 169917K(171136K)->169917K(171136K) Class: 31584K(32576K)->31584K(32576K)
[173.346s][info][gc          ] GC(219) Pause Young (Mixed) (G1 Evacuation Pause) 3196M->1304M(3368M) 15.359ms
[173.346s][info][gc,cpu      ] GC(219) User=0.27s Sys=0.02s Real=0.01s
[174.152s][info][gc,start    ] GC(220) Pause Young (Concurrent Start) (G1 Evacuation Pause)
[174.152s][info][gc,task     ] GC(220) Using 18 workers of 18 for evacuation
[174.162s][info][gc,phases   ] GC(220)   Pre Evacuate Collection Set: 0.42ms
[174.162s][info][gc,phases   ] GC(220)   Merge Heap Roots: 0.30ms
[174.162s][info][gc,phases   ] GC(220)   Evacuate Collection Set: 8.76ms
[174.162s][info][gc,phases   ] GC(220)   Post Evacuate Collection Set: 1.04ms
[174.162s][info][gc,phases   ] GC(220)   Other: 0.11ms
[174.162s][info][gc,heap     ] GC(220) Eden regions: 946->0(946)
[174.162s][info][gc,heap     ] GC(220) Survivor regions: 26->25(122)
[174.162s][info][gc,heap     ] GC(220) Old regions: 591->592
[174.162s][info][gc,heap     ] GC(220) Humongous regions: 36->36
[174.162s][info][gc,metaspace] GC(220) Metaspace: 201501K(203712K)->201501K(203712K) NonClass: 169917K(171136K)->169917K(171136K) Class: 31584K(32576K)->31584K(32576K)
[174.162s][info][gc          ] GC(220) Pause Young (Concurrent Start) (G1 Evacuation Pause) 3196M->1305M(3368M) 10.872ms
[174.162s][info][gc          ] GC(221) Concurrent Mark Cycle
[174.163s][info][gc,marking  ] GC(221) Concurrent Scan Root Regions
[174.163s][info][gc,cpu      ] GC(220) User=0.02s Sys=0.00s Real=0.01s
[174.172s][info][gc,marking  ] GC(221) Concurrent Scan Root Regions 9.759ms
[174.172s][info][gc,marking  ] GC(221) Concurrent Mark
[174.172s][info][gc,marking  ] GC(221) Concurrent Mark From Roots
[174.172s][info][gc,task     ] GC(221) Using 5 workers of 5 for marking
[174.546s][info][gc,marking  ] GC(221) Concurrent Mark From Roots 373.445ms
[174.546s][info][gc,marking  ] GC(221) Concurrent Preclean
[174.548s][info][gc,marking  ] GC(221) Concurrent Preclean 2.023ms
[174.548s][info][gc,start    ] GC(221) Pause Remark
[174.558s][info][gc          ] GC(221) Pause Remark 1941M->1941M(3368M) 10.145ms
[174.559s][info][gc,cpu      ] GC(221) User=0.11s Sys=0.00s Real=0.01s
[174.559s][info][gc,marking  ] GC(221) Concurrent Mark 386.214ms
[174.559s][info][gc,marking  ] GC(221) Concurrent Rebuild Remembered Sets and Scrub Regions
[174.852s][info][gc,marking  ] GC(221) Concurrent Rebuild Remembered Sets and Scrub Regions 293.075ms
[174.852s][info][gc,start    ] GC(221) Pause Cleanup
[174.853s][info][gc          ] GC(221) Pause Cleanup 2471M->2471M(3368M) 0.561ms
[174.853s][info][gc,cpu      ] GC(221) User=0.00s Sys=0.00s Real=0.00s
[174.853s][info][gc,marking  ] GC(221) Concurrent Clear Claimed Marks
[174.853s][info][gc,marking  ] GC(221) Concurrent Clear Claimed Marks 0.266ms
[174.853s][info][gc,marking  ] GC(221) Concurrent Cleanup for Next Mark
[174.858s][info][gc,marking  ] GC(221) Concurrent Cleanup for Next Mark 4.901ms
[174.858s][info][gc          ] GC(221) Concurrent Mark Cycle 695.536ms
[175.156s][info][gc,start    ] GC(222) Pause Young (Prepare Mixed) (G1 Evacuation Pause)
[175.156s][info][gc,task     ] GC(222) Using 18 workers of 18 for evacuation
[175.171s][info][gc,phases   ] GC(222)   Pre Evacuate Collection Set: 0.35ms
[175.171s][info][gc,phases   ] GC(222)   Merge Heap Roots: 0.34ms
[175.171s][info][gc,phases   ] GC(222)   Evacuate Collection Set: 13.49ms
[175.171s][info][gc,phases   ] GC(222)   Post Evacuate Collection Set: 0.98ms
[175.171s][info][gc,phases   ] GC(222)   Other: 0.16ms
[175.171s][info][gc,heap     ] GC(222) Eden regions: 946->0(932)
[175.171s][info][gc,heap     ] GC(222) Survivor regions: 25->34(122)
[175.171s][info][gc,heap     ] GC(222) Old regions: 592->593
[175.171s][info][gc,heap     ] GC(222) Humongous regions: 40->40
[175.171s][info][gc,metaspace] GC(222) Metaspace: 201502K(203712K)->201502K(203712K) NonClass: 169918K(171136K)->169918K(171136K) Class: 31584K(32576K)->31584K(32576K)
[175.171s][info][gc          ] GC(222) Pause Young (Prepare Mixed) (G1 Evacuation Pause) 3205M->1332M(3368M) 15.540ms
[175.171s][info][gc,cpu      ] GC(222) User=0.27s Sys=0.00s Real=0.02s
[175.927s][info][gc,start    ] GC(223) Pause Young (Mixed) (G1 Evacuation Pause)
[175.927s][info][gc,task     ] GC(223) Using 18 workers of 18 for evacuation
[175.945s][info][gc,phases   ] GC(223)   Pre Evacuate Collection Set: 0.33ms
[175.945s][info][gc,phases   ] GC(223)   Merge Heap Roots: 0.35ms
[175.945s][info][gc,phases   ] GC(223)   Evacuate Collection Set: 16.21ms
[175.945s][info][gc,phases   ] GC(223)   Post Evacuate Collection Set: 1.41ms
[175.945s][info][gc,phases   ] GC(223)   Other: 0.11ms
[175.945s][info][gc,heap     ] GC(223) Eden regions: 932->0(936)
[175.946s][info][gc,heap     ] GC(223) Survivor regions: 34->32(121)
[175.946s][info][gc,heap     ] GC(223) Old regions: 593->589
[175.946s][info][gc,heap     ] GC(223) Humongous regions: 42->42
[175.946s][info][gc,metaspace] GC(223) Metaspace: 201502K(203712K)->201502K(203712K) NonClass: 169918K(171136K)->169918K(171136K) Class: 31584K(32576K)->31584K(32576K)
[175.946s][info][gc          ] GC(223) Pause Young (Mixed) (G1 Evacuation Pause) 3200M->1324M(3368M) 18.707ms
[175.946s][info][gc,cpu      ] GC(223) User=0.27s Sys=0.02s Real=0.02s
[176.742s][info][gc,start    ] GC(224) Pause Young (Concurrent Start) (G1 Evacuation Pause)
[176.742s][info][gc,task     ] GC(224) Using 18 workers of 18 for evacuation
[176.754s][info][gc,phases   ] GC(224)   Pre Evacuate Collection Set: 0.42ms
[176.754s][info][gc,phases   ] GC(224)   Merge Heap Roots: 0.27ms
[176.754s][info][gc,phases   ] GC(224)   Evacuate Collection Set: 10.47ms
[176.754s][info][gc,phases   ] GC(224)   Post Evacuate Collection Set: 1.03ms
[176.754s][info][gc,phases   ] GC(224)   Other: 0.11ms
[176.754s][info][gc,heap     ] GC(224) Eden regions: 936->0(935)
[176.754s][info][gc,heap     ] GC(224) Survivor regions: 32->30(121)
[176.754s][info][gc,heap     ] GC(224) Old regions: 589->592
[176.754s][info][gc,heap     ] GC(224) Humongous regions: 42->42
[176.754s][info][gc,metaspace] GC(224) Metaspace: 201505K(203712K)->201505K(203712K) NonClass: 169920K(171136K)->169920K(171136K) Class: 31584K(32576K)->31584K(32576K)
[176.754s][info][gc          ] GC(224) Pause Young (Concurrent Start) (G1 Evacuation Pause) 3196M->1327M(3368M) 12.555ms
[176.754s][info][gc          ] GC(225) Concurrent Mark Cycle
[176.754s][info][gc,marking  ] GC(225) Concurrent Scan Root Regions
[176.754s][info][gc,cpu      ] GC(224) User=0.00s Sys=0.00s Real=0.01s
[176.765s][info][gc,marking  ] GC(225) Concurrent Scan Root Regions 10.687ms
[176.765s][info][gc,marking  ] GC(225) Concurrent Mark
[176.765s][info][gc,marking  ] GC(225) Concurrent Mark From Roots
[176.765s][info][gc,task     ] GC(225) Using 5 workers of 5 for marking
[177.112s][info][gc,marking  ] GC(225) Concurrent Mark From Roots 347.064ms
[177.112s][info][gc,marking  ] GC(225) Concurrent Preclean
[177.114s][info][gc,marking  ] GC(225) Concurrent Preclean 1.425ms
[177.114s][info][gc,start    ] GC(225) Pause Remark
[177.123s][info][gc          ] GC(225) Pause Remark 2052M->2040M(3368M) 9.626ms
[177.124s][info][gc,cpu      ] GC(225) User=0.03s Sys=0.00s Real=0.01s
[177.124s][info][gc,marking  ] GC(225) Concurrent Mark 358.644ms
[177.124s][info][gc,marking  ] GC(225) Concurrent Rebuild Remembered Sets and Scrub Regions
[177.429s][info][gc,marking  ] GC(225) Concurrent Rebuild Remembered Sets and Scrub Regions 304.758ms
[177.429s][info][gc,start    ] GC(225) Pause Cleanup
[177.429s][info][gc          ] GC(225) Pause Cleanup 2595M->2595M(3368M) 0.660ms
[177.430s][info][gc,cpu      ] GC(225) User=0.00s Sys=0.00s Real=0.00s
[177.430s][info][gc,marking  ] GC(225) Concurrent Clear Claimed Marks
[177.430s][info][gc,marking  ] GC(225) Concurrent Clear Claimed Marks 0.226ms
[177.430s][info][gc,marking  ] GC(225) Concurrent Cleanup for Next Mark
[177.434s][info][gc,marking  ] GC(225) Concurrent Cleanup for Next Mark 4.172ms
[177.434s][info][gc          ] GC(225) Concurrent Mark Cycle 679.963ms
[177.677s][info][gc,start    ] GC(226) Pause Young (Prepare Mixed) (G1 Evacuation Pause)
[177.677s][info][gc,task     ] GC(226) Using 18 workers of 18 for evacuation
[177.690s][info][gc,phases   ] GC(226)   Pre Evacuate Collection Set: 0.31ms
[177.690s][info][gc,phases   ] GC(226)   Merge Heap Roots: 0.39ms
[177.690s][info][gc,phases   ] GC(226)   Evacuate Collection Set: 10.28ms
[177.690s][info][gc,phases   ] GC(226)   Post Evacuate Collection Set: 1.65ms
[177.690s][info][gc,phases   ] GC(226)   Other: 0.22ms
[177.690s][info][gc,heap     ] GC(226) Eden regions: 935->0(939)
[177.690s][info][gc,heap     ] GC(226) Survivor regions: 30->29(121)
[177.690s][info][gc,heap     ] GC(226) Old regions: 592->595
[177.690s][info][gc,heap     ] GC(226) Humongous regions: 36->36
[177.690s][info][gc,metaspace] GC(226) Metaspace: 201507K(203712K)->201507K(203712K) NonClass: 169922K(171136K)->169922K(171136K) Class: 31584K(32576K)->31584K(32576K)
[177.690s][info][gc          ] GC(226) Pause Young (Prepare Mixed) (G1 Evacuation Pause) 3185M->1319M(3368M) 13.175ms
[177.690s][info][gc,cpu      ] GC(226) User=0.00s Sys=0.00s Real=0.01s
[178.484s][info][gc,start    ] GC(227) Pause Young (Mixed) (G1 Evacuation Pause)
[178.484s][info][gc,task     ] GC(227) Using 18 workers of 18 for evacuation
[178.499s][info][gc,phases   ] GC(227)   Pre Evacuate Collection Set: 0.34ms
[178.499s][info][gc,phases   ] GC(227)   Merge Heap Roots: 0.33ms
[178.499s][info][gc,phases   ] GC(227)   Evacuate Collection Set: 12.65ms
[178.499s][info][gc,phases   ] GC(227)   Post Evacuate Collection Set: 1.53ms
[178.499s][info][gc,phases   ] GC(227)   Other: 0.12ms
[178.499s][info][gc,heap     ] GC(227) Eden regions: 939->0(944)
[178.499s][info][gc,heap     ] GC(227) Survivor regions: 29->30(121)
[178.499s][info][gc,heap     ] GC(227) Old regions: 595->589
[178.499s][info][gc,heap     ] GC(227) Humongous regions: 36->36
[178.499s][info][gc,metaspace] GC(227) Metaspace: 201508K(203712K)->201508K(203712K) NonClass: 169924K(171136K)->169924K(171136K) Class: 31584K(32576K)->31584K(32576K)
[178.499s][info][gc          ] GC(227) Pause Young (Mixed) (G1 Evacuation Pause) 3197M->1308M(3368M) 15.257ms
[178.499s][info][gc,cpu      ] GC(227) User=0.30s Sys=0.00s Real=0.01s
[179.298s][info][gc,start    ] GC(228) Pause Young (Concurrent Start) (G1 Evacuation Pause)
[179.298s][info][gc,task     ] GC(228) Using 18 workers of 18 for evacuation
[179.311s][info][gc,phases   ] GC(228)   Pre Evacuate Collection Set: 0.53ms
[179.311s][info][gc,phases   ] GC(228)   Merge Heap Roots: 0.25ms
[179.311s][info][gc,phases   ] GC(228)   Evacuate Collection Set: 10.35ms
[179.311s][info][gc,phases   ] GC(228)   Post Evacuate Collection Set: 1.27ms
[179.311s][info][gc,phases   ] GC(228)   Other: 0.11ms
[179.311s][info][gc,heap     ] GC(228) Eden regions: 944->0(944)
[179.311s][info][gc,heap     ] GC(228) Survivor regions: 30->29(122)
[179.311s][info][gc,heap     ] GC(228) Old regions: 589->590
[179.311s][info][gc,heap     ] GC(228) Humongous regions: 36->36
[179.311s][info][gc,metaspace] GC(228) Metaspace: 201508K(203712K)->201508K(203712K) NonClass: 169924K(171136K)->169924K(171136K) Class: 31584K(32576K)->31584K(32576K)
[179.311s][info][gc          ] GC(228) Pause Young (Concurrent Start) (G1 Evacuation Pause) 3196M->1308M(3368M) 12.750ms
[179.311s][info][gc          ] GC(229) Concurrent Mark Cycle
[179.311s][info][gc,cpu      ] GC(228) User=0.28s Sys=0.00s Real=0.01s
[179.311s][info][gc,marking  ] GC(229) Concurrent Scan Root Regions
[179.322s][info][gc,marking  ] GC(229) Concurrent Scan Root Regions 10.715ms
[179.322s][info][gc,marking  ] GC(229) Concurrent Mark
[179.322s][info][gc,marking  ] GC(229) Concurrent Mark From Roots
[179.322s][info][gc,task     ] GC(229) Using 5 workers of 5 for marking
[179.674s][info][gc,marking  ] GC(229) Concurrent Mark From Roots 351.803ms
[179.674s][info][gc,marking  ] GC(229) Concurrent Preclean
[179.675s][info][gc,marking  ] GC(229) Concurrent Preclean 1.509ms
[179.675s][info][gc,start    ] GC(229) Pause Remark
[179.685s][info][gc          ] GC(229) Pause Remark 1974M->1974M(3368M) 9.665ms
[179.685s][info][gc,cpu      ] GC(229) User=0.14s Sys=0.00s Real=0.01s
[179.685s][info][gc,marking  ] GC(229) Concurrent Mark 363.429ms
[179.685s][info][gc,marking  ] GC(229) Concurrent Rebuild Remembered Sets and Scrub Regions
[179.971s][info][gc,marking  ] GC(229) Concurrent Rebuild Remembered Sets and Scrub Regions 285.703ms
[179.971s][info][gc,start    ] GC(229) Pause Cleanup
[179.972s][info][gc          ] GC(229) Pause Cleanup 2494M->2494M(3368M) 0.599ms
[179.972s][info][gc,cpu      ] GC(229) User=0.00s Sys=0.00s Real=0.00s
[179.972s][info][gc,marking  ] GC(229) Concurrent Clear Claimed Marks
[179.972s][info][gc,marking  ] GC(229) Concurrent Clear Claimed Marks 0.267ms
[179.972s][info][gc,marking  ] GC(229) Concurrent Cleanup for Next Mark
[179.977s][info][gc,marking  ] GC(229) Concurrent Cleanup for Next Mark 4.412ms
[179.977s][info][gc          ] GC(229) Concurrent Mark Cycle 665.931ms
[180.279s][info][gc,start    ] GC(230) Pause Young (Prepare Mixed) (G1 Evacuation Pause)
[180.279s][info][gc,task     ] GC(230) Using 18 workers of 18 for evacuation
[180.293s][info][gc,phases   ] GC(230)   Pre Evacuate Collection Set: 0.33ms
[180.293s][info][gc,phases   ] GC(230)   Merge Heap Roots: 0.34ms
[180.293s][info][gc,phases   ] GC(230)   Evacuate Collection Set: 11.41ms
[180.293s][info][gc,phases   ] GC(230)   Post Evacuate Collection Set: 1.47ms
[180.293s][info][gc,phases   ] GC(230)   Other: 0.12ms
[180.293s][info][gc,heap     ] GC(230) Eden regions: 944->0(939)
[180.293s][info][gc,heap     ] GC(230) Survivor regions: 29->30(122)
[180.293s][info][gc,heap     ] GC(230) Old regions: 590->591
[180.293s][info][gc,heap     ] GC(230) Humongous regions: 39->39
[180.293s][info][gc,metaspace] GC(230) Metaspace: 201508K(203712K)->201508K(203712K) NonClass: 169924K(171136K)->169924K(171136K) Class: 31584K(32576K)->31584K(32576K)
[180.293s][info][gc          ] GC(230) Pause Young (Prepare Mixed) (G1 Evacuation Pause) 3202M->1318M(3368M) 13.940ms
[180.293s][info][gc,cpu      ] GC(230) User=0.28s Sys=0.00s Real=0.01s
[181.147s][info][gc,start    ] GC(231) Pause Young (Mixed) (G1 Evacuation Pause)
[181.147s][info][gc,task     ] GC(231) Using 18 workers of 18 for evacuation
[181.167s][info][gc,phases   ] GC(231)   Pre Evacuate Collection Set: 0.32ms
[181.167s][info][gc,phases   ] GC(231)   Merge Heap Roots: 0.31ms
[181.167s][info][gc,phases   ] GC(231)   Evacuate Collection Set: 18.17ms
[181.167s][info][gc,phases   ] GC(231)   Post Evacuate Collection Set: 0.87ms
[181.167s][info][gc,phases   ] GC(231)   Other: 0.09ms
[181.167s][info][gc,heap     ] GC(231) Eden regions: 939->0(934)
[181.167s][info][gc,heap     ] GC(231) Survivor regions: 30->34(122)
[181.167s][info][gc,heap     ] GC(231) Old regions: 591->589
[181.167s][info][gc,heap     ] GC(231) Humongous regions: 42->42
[181.167s][info][gc,metaspace] GC(231) Metaspace: 201510K(203712K)->201510K(203712K) NonClass: 169925K(171136K)->169925K(171136K) Class: 31585K(32576K)->31585K(32576K)
[181.167s][info][gc          ] GC(231) Pause Young (Mixed) (G1 Evacuation Pause) 3202M->1328M(3368M) 19.979ms
[181.167s][info][gc,cpu      ] GC(231) User=0.28s Sys=0.00s Real=0.02s
[181.937s][info][gc,start    ] GC(232) Pause Young (Concurrent Start) (G1 Evacuation Pause)
[181.938s][info][gc,task     ] GC(232) Using 18 workers of 18 for evacuation
[181.952s][info][gc,phases   ] GC(232)   Pre Evacuate Collection Set: 0.46ms
[181.952s][info][gc,phases   ] GC(232)   Merge Heap Roots: 0.24ms
[181.952s][info][gc,phases   ] GC(232)   Evacuate Collection Set: 12.79ms
[181.952s][info][gc,phases   ] GC(232)   Post Evacuate Collection Set: 1.09ms
[181.952s][info][gc,phases   ] GC(232)   Other: 0.10ms
[181.952s][info][gc,heap     ] GC(232) Eden regions: 934->0(932)
[181.952s][info][gc,heap     ] GC(232) Survivor regions: 34->35(121)
[181.952s][info][gc,heap     ] GC(232) Old regions: 589->590
[181.952s][info][gc,heap     ] GC(232) Humongous regions: 42->42
[181.952s][info][gc,metaspace] GC(232) Metaspace: 201519K(203712K)->201519K(203712K) NonClass: 169932K(171136K)->169932K(171136K) Class: 31587K(32576K)->31587K(32576K)
[181.952s][info][gc          ] GC(232) Pause Young (Concurrent Start) (G1 Evacuation Pause) 3196M->1332M(3368M) 14.928ms
[181.952s][info][gc          ] GC(233) Concurrent Mark Cycle
[181.952s][info][gc,marking  ] GC(233) Concurrent Scan Root Regions
[181.952s][info][gc,cpu      ] GC(232) User=0.27s Sys=0.02s Real=0.02s
[181.963s][info][gc,marking  ] GC(233) Concurrent Scan Root Regions 10.809ms
[181.963s][info][gc,marking  ] GC(233) Concurrent Mark
[181.963s][info][gc,marking  ] GC(233) Concurrent Mark From Roots
[181.963s][info][gc,task     ] GC(233) Using 5 workers of 5 for marking
[182.300s][info][gc,marking  ] GC(233) Concurrent Mark From Roots 336.867ms
[182.300s][info][gc,marking  ] GC(233) Concurrent Preclean
[182.302s][info][gc,marking  ] GC(233) Concurrent Preclean 1.572ms
[182.302s][info][gc,start    ] GC(233) Pause Remark
[182.311s][info][gc          ] GC(233) Pause Remark 2099M->2087M(3368M) 9.253ms
[182.311s][info][gc,cpu      ] GC(233) User=0.00s Sys=0.00s Real=0.01s
[182.312s][info][gc,marking  ] GC(233) Concurrent Mark 348.253ms
[182.312s][info][gc,marking  ] GC(233) Concurrent Rebuild Remembered Sets and Scrub Regions
[182.601s][info][gc,marking  ] GC(233) Concurrent Rebuild Remembered Sets and Scrub Regions 289.008ms
[182.601s][info][gc,start    ] GC(233) Pause Cleanup
[182.601s][info][gc          ] GC(233) Pause Cleanup 2719M->2719M(3368M) 0.496ms
[182.601s][info][gc,cpu      ] GC(233) User=0.00s Sys=0.00s Real=0.00s
[182.602s][info][gc,marking  ] GC(233) Concurrent Clear Claimed Marks
[182.602s][info][gc,marking  ] GC(233) Concurrent Clear Claimed Marks 0.224ms
[182.602s][info][gc,marking  ] GC(233) Concurrent Cleanup for Next Mark
[182.606s][info][gc,marking  ] GC(233) Concurrent Cleanup for Next Mark 3.790ms
[182.606s][info][gc          ] GC(233) Concurrent Mark Cycle 653.266ms
[182.791s][info][gc,start    ] GC(234) Pause Young (Prepare Mixed) (G1 Evacuation Pause)
[182.791s][info][gc,task     ] GC(234) Using 18 workers of 18 for evacuation
[182.805s][info][gc,phases   ] GC(234)   Pre Evacuate Collection Set: 0.31ms
[182.805s][info][gc,phases   ] GC(234)   Merge Heap Roots: 0.32ms
[182.805s][info][gc,phases   ] GC(234)   Evacuate Collection Set: 11.89ms
[182.805s][info][gc,phases   ] GC(234)   Post Evacuate Collection Set: 1.43ms
[182.805s][info][gc,phases   ] GC(234)   Other: 0.10ms
[182.805s][info][gc,heap     ] GC(234) Eden regions: 932->0(938)
[182.805s][info][gc,heap     ] GC(234) Survivor regions: 35->35(121)
[182.805s][info][gc,heap     ] GC(234) Old regions: 590->590
[182.805s][info][gc,heap     ] GC(234) Humongous regions: 36->36
[182.805s][info][gc,metaspace] GC(234) Metaspace: 201530K(203712K)->201530K(203712K) NonClass: 169940K(171136K)->169940K(171136K) Class: 31590K(32576K)->31590K(32576K)
[182.805s][info][gc          ] GC(234) Pause Young (Prepare Mixed) (G1 Evacuation Pause) 3184M->1321M(3368M) 14.315ms
[182.805s][info][gc,cpu      ] GC(234) User=0.28s Sys=0.00s Real=0.01s
[183.560s][info][gc,start    ] GC(235) Pause Young (Mixed) (G1 Evacuation Pause)
[183.560s][info][gc,task     ] GC(235) Using 18 workers of 18 for evacuation
[183.579s][info][gc,phases   ] GC(235)   Pre Evacuate Collection Set: 0.31ms
[183.579s][info][gc,phases   ] GC(235)   Merge Heap Roots: 0.31ms
[183.579s][info][gc,phases   ] GC(235)   Evacuate Collection Set: 17.32ms
[183.579s][info][gc,phases   ] GC(235)   Post Evacuate Collection Set: 1.46ms
[183.580s][info][gc,phases   ] GC(235)   Other: 0.10ms
[183.580s][info][gc,heap     ] GC(235) Eden regions: 938->0(939)
[183.580s][info][gc,heap     ] GC(235) Survivor regions: 35->36(122)
[183.580s][info][gc,heap     ] GC(235) Old regions: 590->588
[183.580s][info][gc,heap     ] GC(235) Humongous regions: 36->36
[183.580s][info][gc,metaspace] GC(235) Metaspace: 201535K(203712K)->201535K(203712K) NonClass: 169943K(171136K)->169943K(171136K) Class: 31591K(32576K)->31591K(32576K)
[183.580s][info][gc          ] GC(235) Pause Young (Mixed) (G1 Evacuation Pause) 3197M->1317M(3368M) 19.766ms
[183.580s][info][gc,cpu      ] GC(235) User=0.28s Sys=0.00s Real=0.02s
[184.134s][info][gc,start    ] GC(236) Pause Young (Concurrent Start) (G1 Humongous Allocation)
[184.134s][info][gc,task     ] GC(236) Using 18 workers of 18 for evacuation
[184.150s][info][gc,phases   ] GC(236)   Pre Evacuate Collection Set: 0.41ms
[184.150s][info][gc,phases   ] GC(236)   Merge Heap Roots: 0.25ms
[184.150s][info][gc,phases   ] GC(236)   Evacuate Collection Set: 13.75ms
[184.150s][info][gc,phases   ] GC(236)   Post Evacuate Collection Set: 1.29ms
[184.150s][info][gc,phases   ] GC(236)   Other: 0.11ms
[184.150s][info][gc,heap     ] GC(236) Eden regions: 678->0(937)
[184.150s][info][gc,heap     ] GC(236) Survivor regions: 36->35(122)
[184.150s][info][gc,heap     ] GC(236) Old regions: 588->591
[184.150s][info][gc,heap     ] GC(236) Humongous regions: 36->36
[184.150s][info][gc,metaspace] GC(236) Metaspace: 201560K(203776K)->201560K(203776K) NonClass: 169969K(171200K)->169969K(171200K) Class: 31591K(32576K)->31591K(32576K)
[184.150s][info][gc          ] GC(236) Pause Young (Concurrent Start) (G1 Humongous Allocation) 2671M->1323M(3368M) 16.062ms
[184.150s][info][gc          ] GC(237) Concurrent Mark Cycle
[184.150s][info][gc,marking  ] GC(237) Concurrent Scan Root Regions
[184.150s][info][gc,cpu      ] GC(236) User=0.27s Sys=0.00s Real=0.02s
[184.162s][info][gc,marking  ] GC(237) Concurrent Scan Root Regions 11.843ms
[184.162s][info][gc,marking  ] GC(237) Concurrent Mark
[184.162s][info][gc,marking  ] GC(237) Concurrent Mark From Roots
[184.162s][info][gc,task     ] GC(237) Using 5 workers of 5 for marking
[184.520s][info][gc,marking  ] GC(237) Concurrent Mark From Roots 357.174ms
[184.520s][info][gc,marking  ] GC(237) Concurrent Preclean
[184.521s][info][gc,marking  ] GC(237) Concurrent Preclean 1.307ms
[184.521s][info][gc,start    ] GC(237) Pause Remark
[184.531s][info][gc          ] GC(237) Pause Remark 2092M->2092M(3368M) 9.355ms
[184.531s][info][gc,cpu      ] GC(237) User=0.00s Sys=0.00s Real=0.01s
[184.531s][info][gc,marking  ] GC(237) Concurrent Mark 368.409ms
[184.531s][info][gc,marking  ] GC(237) Concurrent Rebuild Remembered Sets and Scrub Regions
[184.795s][info][gc,marking  ] GC(237) Concurrent Rebuild Remembered Sets and Scrub Regions 263.662ms
[184.795s][info][gc,start    ] GC(237) Pause Cleanup
[184.796s][info][gc          ] GC(237) Pause Cleanup 2649M->2649M(3368M) 0.605ms
[184.796s][info][gc,cpu      ] GC(237) User=0.00s Sys=0.00s Real=0.00s
[184.796s][info][gc,marking  ] GC(237) Concurrent Clear Claimed Marks
[184.796s][info][gc,marking  ] GC(237) Concurrent Clear Claimed Marks 0.298ms
[184.796s][info][gc,marking  ] GC(237) Concurrent Cleanup for Next Mark
[184.800s][info][gc,marking  ] GC(237) Concurrent Cleanup for Next Mark 3.712ms
[184.800s][info][gc          ] GC(237) Concurrent Mark Cycle 649.556ms
[185.038s][info][gc,start    ] GC(238) Pause Young (Prepare Mixed) (G1 Evacuation Pause)
[185.038s][info][gc,task     ] GC(238) Using 18 workers of 18 for evacuation
[185.054s][info][gc,phases   ] GC(238)   Pre Evacuate Collection Set: 0.35ms
[185.054s][info][gc,phases   ] GC(238)   Merge Heap Roots: 0.37ms
[185.054s][info][gc,phases   ] GC(238)   Evacuate Collection Set: 13.32ms
[185.054s][info][gc,phases   ] GC(238)   Post Evacuate Collection Set: 1.34ms
[185.054s][info][gc,phases   ] GC(238)   Other: 0.10ms
[185.054s][info][gc,heap     ] GC(238) Eden regions: 937->0(928)
[185.054s][info][gc,heap     ] GC(238) Survivor regions: 35->33(122)
[185.054s][info][gc,heap     ] GC(238) Old regions: 591->596
[185.054s][info][gc,heap     ] GC(238) Humongous regions: 42->42
[185.054s][info][gc,metaspace] GC(238) Metaspace: 201569K(203776K)->201569K(203776K) NonClass: 169974K(171200K)->169974K(171200K) Class: 31594K(32576K)->31594K(32576K)
[185.054s][info][gc          ] GC(238) Pause Young (Prepare Mixed) (G1 Evacuation Pause) 3209M->1340M(3368M) 15.716ms
[185.054s][info][gc,cpu      ] GC(238) User=0.27s Sys=0.02s Real=0.02s
[185.865s][info][gc,start    ] GC(239) Pause Young (Mixed) (G1 Evacuation Pause)
[185.865s][info][gc,task     ] GC(239) Using 18 workers of 18 for evacuation
[185.882s][info][gc,phases   ] GC(239)   Pre Evacuate Collection Set: 0.34ms
[185.882s][info][gc,phases   ] GC(239)   Merge Heap Roots: 0.32ms
[185.882s][info][gc,phases   ] GC(239)   Evacuate Collection Set: 15.62ms
[185.882s][info][gc,phases   ] GC(239)   Post Evacuate Collection Set: 1.03ms
[185.882s][info][gc,phases   ] GC(239)   Other: 0.09ms
[185.882s][info][gc,heap     ] GC(239) Eden regions: 928->0(929)
[185.883s][info][gc,heap     ] GC(239) Survivor regions: 33->33(121)
[185.883s][info][gc,heap     ] GC(239) Old regions: 596->592
[185.883s][info][gc,heap     ] GC(239) Humongous regions: 45->45
[185.883s][info][gc,metaspace] GC(239) Metaspace: 201585K(203776K)->201585K(203776K) NonClass: 169991K(171200K)->169991K(171200K) Class: 31594K(32576K)->31594K(32576K)
[185.883s][info][gc          ] GC(239) Pause Young (Mixed) (G1 Evacuation Pause) 3202M->1338M(3368M) 17.642ms
[185.883s][info][gc,cpu      ] GC(239) User=0.25s Sys=0.05s Real=0.02s
[186.034s][info][gc,start    ] GC(240) Pause Young (Concurrent Start) (G1 Humongous Allocation)
[186.034s][info][gc,task     ] GC(240) Using 18 workers of 18 for evacuation
[186.047s][info][gc,phases   ] GC(240)   Pre Evacuate Collection Set: 0.36ms
[186.047s][info][gc,phases   ] GC(240)   Merge Heap Roots: 0.29ms
[186.047s][info][gc,phases   ] GC(240)   Evacuate Collection Set: 11.23ms
[186.047s][info][gc,phases   ] GC(240)   Post Evacuate Collection Set: 0.97ms
[186.047s][info][gc,phases   ] GC(240)   Other: 0.09ms
[186.047s][info][gc,heap     ] GC(240) Eden regions: 177->0(929)
[186.047s][info][gc,heap     ] GC(240) Survivor regions: 33->32(121)
[186.047s][info][gc,heap     ] GC(240) Old regions: 592->593
[186.047s][info][gc,heap     ] GC(240) Humongous regions: 45->45
[186.047s][info][gc,metaspace] GC(240) Metaspace: 201585K(203776K)->201585K(203776K) NonClass: 169991K(171200K)->169991K(171200K) Class: 31594K(32576K)->31594K(32576K)
[186.047s][info][gc          ] GC(240) Pause Young (Concurrent Start) (G1 Humongous Allocation) 1692M->1339M(3368M) 13.199ms
[186.047s][info][gc          ] GC(241) Concurrent Mark Cycle
[186.047s][info][gc,marking  ] GC(241) Concurrent Scan Root Regions
[186.047s][info][gc,cpu      ] GC(240) User=0.28s Sys=0.00s Real=0.01s
[186.060s][info][gc,marking  ] GC(241) Concurrent Scan Root Regions 12.971ms
[186.060s][info][gc,marking  ] GC(241) Concurrent Mark
[186.060s][info][gc,marking  ] GC(241) Concurrent Mark From Roots
[186.060s][info][gc,task     ] GC(241) Using 5 workers of 5 for marking
[186.408s][info][gc,marking  ] GC(241) Concurrent Mark From Roots 348.292ms
[186.409s][info][gc,marking  ] GC(241) Concurrent Preclean
[186.410s][info][gc,marking  ] GC(241) Concurrent Preclean 1.328ms
[186.410s][info][gc,start    ] GC(241) Pause Remark
[186.420s][info][gc          ] GC(241) Pause Remark 2096M->2078M(3368M) 9.551ms
[186.420s][info][gc,cpu      ] GC(241) User=0.28s Sys=0.00s Real=0.01s
[186.420s][info][gc,marking  ] GC(241) Concurrent Mark 359.668ms
[186.420s][info][gc,marking  ] GC(241) Concurrent Rebuild Remembered Sets and Scrub Regions
[186.702s][info][gc,marking  ] GC(241) Concurrent Rebuild Remembered Sets and Scrub Regions 282.465ms
[186.703s][info][gc,start    ] GC(241) Pause Cleanup
[186.703s][info][gc          ] GC(241) Pause Cleanup 2618M->2618M(3368M) 0.612ms
[186.703s][info][gc,cpu      ] GC(241) User=0.00s Sys=0.00s Real=0.00s
[186.703s][info][gc,marking  ] GC(241) Concurrent Clear Claimed Marks
[186.704s][info][gc,marking  ] GC(241) Concurrent Clear Claimed Marks 0.209ms
[186.704s][info][gc,marking  ] GC(241) Concurrent Cleanup for Next Mark
[186.709s][info][gc,marking  ] GC(241) Concurrent Cleanup for Next Mark 5.020ms
[186.709s][info][gc          ] GC(241) Concurrent Mark Cycle 661.572ms
[186.973s][info][gc,start    ] GC(242) Pause Young (Prepare Mixed) (G1 Evacuation Pause)
[186.973s][info][gc,task     ] GC(242) Using 18 workers of 18 for evacuation
[186.986s][info][gc,phases   ] GC(242)   Pre Evacuate Collection Set: 0.33ms
[186.986s][info][gc,phases   ] GC(242)   Merge Heap Roots: 0.34ms
[186.986s][info][gc,phases   ] GC(242)   Evacuate Collection Set: 11.02ms
[186.986s][info][gc,phases   ] GC(242)   Post Evacuate Collection Set: 1.29ms
[186.986s][info][gc,phases   ] GC(242)   Other: 0.10ms
[186.987s][info][gc,heap     ] GC(242) Eden regions: 929->0(930)
[186.987s][info][gc,heap     ] GC(242) Survivor regions: 32->25(121)
[186.987s][info][gc,heap     ] GC(242) Old regions: 593->602
[186.987s][info][gc,heap     ] GC(242) Humongous regions: 42->42
[186.987s][info][gc,metaspace] GC(242) Metaspace: 201590K(203776K)->201590K(203776K) NonClass: 169995K(171200K)->169995K(171200K) Class: 31594K(32576K)->31594K(32576K)
[186.987s][info][gc          ] GC(242) Pause Young (Prepare Mixed) (G1 Evacuation Pause) 3191M->1335M(3368M) 13.338ms
[186.987s][info][gc,cpu      ] GC(242) User=0.02s Sys=0.00s Real=0.01s
[187.859s][info][gc,start    ] GC(243) Pause Young (Mixed) (G1 Evacuation Pause)
[187.859s][info][gc,task     ] GC(243) Using 18 workers of 18 for evacuation
[187.873s][info][gc,phases   ] GC(243)   Pre Evacuate Collection Set: 0.36ms
[187.873s][info][gc,phases   ] GC(243)   Merge Heap Roots: 0.33ms
[187.873s][info][gc,phases   ] GC(243)   Evacuate Collection Set: 11.75ms
[187.873s][info][gc,phases   ] GC(243)   Post Evacuate Collection Set: 1.10ms
[187.873s][info][gc,phases   ] GC(243)   Other: 0.11ms
[187.873s][info][gc,heap     ] GC(243) Eden regions: 930->0(931)
[187.873s][info][gc,heap     ] GC(243) Survivor regions: 25->26(120)
[187.873s][info][gc,heap     ] GC(243) Old regions: 602->594
[187.873s][info][gc,heap     ] GC(243) Humongous regions: 48->48
[187.873s][info][gc,metaspace] GC(243) Metaspace: 201591K(203776K)->201591K(203776K) NonClass: 169997K(171200K)->169997K(171200K) Class: 31594K(32576K)->31594K(32576K)
[187.873s][info][gc          ] GC(243) Pause Young (Mixed) (G1 Evacuation Pause) 3207M->1333M(3368M) 13.912ms
[187.873s][info][gc,cpu      ] GC(243) User=0.28s Sys=0.00s Real=0.01s
[187.891s][info][gc,start    ] GC(244) Pause Young (Concurrent Start) (G1 Humongous Allocation)
[187.891s][info][gc,task     ] GC(244) Using 18 workers of 18 for evacuation
[187.901s][info][gc,phases   ] GC(244)   Pre Evacuate Collection Set: 0.39ms
[187.901s][info][gc,phases   ] GC(244)   Merge Heap Roots: 0.15ms
[187.901s][info][gc,phases   ] GC(244)   Evacuate Collection Set: 8.92ms
[187.901s][info][gc,phases   ] GC(244)   Post Evacuate Collection Set: 0.78ms
[187.901s][info][gc,phases   ] GC(244)   Other: 0.09ms
[187.901s][info][gc,heap     ] GC(244) Eden regions: 24->0(931)
[187.901s][info][gc,heap     ] GC(244) Survivor regions: 26->25(120)
[187.901s][info][gc,heap     ] GC(244) Old regions: 594->595
[187.901s][info][gc,heap     ] GC(244) Humongous regions: 48->48
[187.901s][info][gc,metaspace] GC(244) Metaspace: 201591K(203776K)->201591K(203776K) NonClass: 169997K(171200K)->169997K(171200K) Class: 31594K(32576K)->31594K(32576K)
[187.901s][info][gc          ] GC(244) Pause Young (Concurrent Start) (G1 Humongous Allocation) 1380M->1334M(3368M) 10.608ms
[187.901s][info][gc          ] GC(245) Concurrent Mark Cycle
[187.902s][info][gc,marking  ] GC(245) Concurrent Scan Root Regions
[187.902s][info][gc,cpu      ] GC(244) User=0.25s Sys=0.00s Real=0.01s
[187.914s][info][gc,marking  ] GC(245) Concurrent Scan Root Regions 11.987ms
[187.914s][info][gc,marking  ] GC(245) Concurrent Mark
[187.914s][info][gc,marking  ] GC(245) Concurrent Mark From Roots
[187.914s][info][gc,task     ] GC(245) Using 5 workers of 5 for marking
[188.272s][info][gc,marking  ] GC(245) Concurrent Mark From Roots 358.239ms
[188.272s][info][gc,marking  ] GC(245) Concurrent Preclean
[188.273s][info][gc,marking  ] GC(245) Concurrent Preclean 1.375ms
[188.274s][info][gc,start    ] GC(245) Pause Remark
[188.283s][info][gc          ] GC(245) Pause Remark 2013M->1989M(3368M) 9.278ms
[188.283s][info][gc,cpu      ] GC(245) User=0.00s Sys=0.00s Real=0.01s
[188.283s][info][gc,marking  ] GC(245) Concurrent Mark 369.398ms
[188.283s][info][gc,marking  ] GC(245) Concurrent Rebuild Remembered Sets and Scrub Regions
[188.555s][info][gc,marking  ] GC(245) Concurrent Rebuild Remembered Sets and Scrub Regions 272.029ms
[188.555s][info][gc,start    ] GC(245) Pause Cleanup
[188.556s][info][gc          ] GC(245) Pause Cleanup 2466M->2466M(3368M) 0.660ms
[188.556s][info][gc,cpu      ] GC(245) User=0.00s Sys=0.00s Real=0.00s
[188.556s][info][gc,marking  ] GC(245) Concurrent Clear Claimed Marks
[188.556s][info][gc,marking  ] GC(245) Concurrent Clear Claimed Marks 0.238ms
[188.556s][info][gc,marking  ] GC(245) Concurrent Cleanup for Next Mark
[188.560s][info][gc,marking  ] GC(245) Concurrent Cleanup for Next Mark 3.541ms
[188.560s][info][gc          ] GC(245) Concurrent Mark Cycle 658.505ms
[188.891s][info][gc,start    ] GC(246) Pause Young (Prepare Mixed) (G1 Evacuation Pause)
[188.891s][info][gc,task     ] GC(246) Using 18 workers of 18 for evacuation
[188.903s][info][gc,phases   ] GC(246)   Pre Evacuate Collection Set: 0.30ms
[188.903s][info][gc,phases   ] GC(246)   Merge Heap Roots: 0.30ms
[188.903s][info][gc,phases   ] GC(246)   Evacuate Collection Set: 9.33ms
[188.903s][info][gc,phases   ] GC(246)   Post Evacuate Collection Set: 1.15ms
[188.903s][info][gc,phases   ] GC(246)   Other: 0.10ms
[188.903s][info][gc,heap     ] GC(246) Eden regions: 931->0(940)
[188.903s][info][gc,heap     ] GC(246) Survivor regions: 25->23(120)
[188.903s][info][gc,heap     ] GC(246) Old regions: 595->597
[188.903s][info][gc,heap     ] GC(246) Humongous regions: 39->39
[188.903s][info][gc,metaspace] GC(246) Metaspace: 201592K(203776K)->201592K(203776K) NonClass: 169997K(171200K)->169997K(171200K) Class: 31594K(32576K)->31594K(32576K)
[188.903s][info][gc          ] GC(246) Pause Young (Prepare Mixed) (G1 Evacuation Pause) 3178M->1316M(3368M) 11.426ms
[188.903s][info][gc,cpu      ] GC(246) User=0.28s Sys=0.00s Real=0.01s
[189.818s][info][gc,start    ] GC(247) Pause Young (Mixed) (G1 Evacuation Pause)
[189.818s][info][gc,task     ] GC(247) Using 18 workers of 18 for evacuation
[189.833s][info][gc,phases   ] GC(247)   Pre Evacuate Collection Set: 0.33ms
[189.833s][info][gc,phases   ] GC(247)   Merge Heap Roots: 0.30ms
[189.833s][info][gc,phases   ] GC(247)   Evacuate Collection Set: 12.40ms
[189.833s][info][gc,phases   ] GC(247)   Post Evacuate Collection Set: 1.19ms
[189.833s][info][gc,phases   ] GC(247)   Other: 0.24ms
[189.833s][info][gc,heap     ] GC(247) Eden regions: 940->0(946)
[189.833s][info][gc,heap     ] GC(247) Survivor regions: 23->26(121)
[189.833s][info][gc,heap     ] GC(247) Old regions: 597->588
[189.833s][info][gc,heap     ] GC(247) Humongous regions: 39->39
[189.833s][info][gc,metaspace] GC(247) Metaspace: 201592K(203776K)->201592K(203776K) NonClass: 169997K(171200K)->169997K(171200K) Class: 31594K(32576K)->31594K(32576K)
[189.833s][info][gc          ] GC(247) Pause Young (Mixed) (G1 Evacuation Pause) 3196M->1303M(3368M) 14.709ms
[189.833s][info][gc,cpu      ] GC(247) User=0.00s Sys=0.00s Real=0.01s
[190.045s][info][gc,start    ] GC(248) Pause Young (Concurrent Start) (G1 Humongous Allocation)
[190.046s][info][gc,task     ] GC(248) Using 18 workers of 18 for evacuation
[190.055s][info][gc,phases   ] GC(248)   Pre Evacuate Collection Set: 0.44ms
[190.055s][info][gc,phases   ] GC(248)   Merge Heap Roots: 0.20ms
[190.055s][info][gc,phases   ] GC(248)   Evacuate Collection Set: 7.59ms
[190.055s][info][gc,phases   ] GC(248)   Post Evacuate Collection Set: 1.10ms
[190.055s][info][gc,phases   ] GC(248)   Other: 0.10ms
[190.055s][info][gc,heap     ] GC(248) Eden regions: 201->0(945)
[190.055s][info][gc,heap     ] GC(248) Survivor regions: 26->25(122)
[190.055s][info][gc,heap     ] GC(248) Old regions: 588->590
[190.055s][info][gc,heap     ] GC(248) Humongous regions: 39->39
[190.055s][info][gc,metaspace] GC(248) Metaspace: 201592K(203776K)->201592K(203776K) NonClass: 169997K(171200K)->169997K(171200K) Class: 31594K(32576K)->31594K(32576K)
[190.055s][info][gc          ] GC(248) Pause Young (Concurrent Start) (G1 Humongous Allocation) 1705M->1306M(3368M) 9.691ms
[190.055s][info][gc          ] GC(249) Concurrent Mark Cycle
[190.055s][info][gc,marking  ] GC(249) Concurrent Scan Root Regions
[190.055s][info][gc,cpu      ] GC(248) User=0.25s Sys=0.03s Real=0.01s
[190.064s][info][gc,marking  ] GC(249) Concurrent Scan Root Regions 8.543ms
[190.064s][info][gc,marking  ] GC(249) Concurrent Mark
[190.064s][info][gc,marking  ] GC(249) Concurrent Mark From Roots
[190.064s][info][gc,task     ] GC(249) Using 5 workers of 5 for marking
[190.427s][info][gc,marking  ] GC(249) Concurrent Mark From Roots 363.156ms
[190.427s][info][gc,marking  ] GC(249) Concurrent Preclean
[190.428s][info][gc,marking  ] GC(249) Concurrent Preclean 1.112ms
[190.428s][info][gc,start    ] GC(249) Pause Remark
[190.438s][info][gc          ] GC(249) Pause Remark 1881M->1875M(3368M) 9.967ms
[190.438s][info][gc,cpu      ] GC(249) User=0.00s Sys=0.00s Real=0.01s
[190.439s][info][gc,marking  ] GC(249) Concurrent Mark 374.710ms
[190.439s][info][gc,marking  ] GC(249) Concurrent Rebuild Remembered Sets and Scrub Regions
[190.726s][info][gc,marking  ] GC(249) Concurrent Rebuild Remembered Sets and Scrub Regions 287.520ms
[190.726s][info][gc,start    ] GC(249) Pause Cleanup
[190.727s][info][gc          ] GC(249) Pause Cleanup 2288M->2288M(3368M) 0.478ms
[190.727s][info][gc,cpu      ] GC(249) User=0.00s Sys=0.00s Real=0.00s
[190.727s][info][gc,marking  ] GC(249) Concurrent Clear Claimed Marks
[190.727s][info][gc,marking  ] GC(249) Concurrent Clear Claimed Marks 0.259ms
[190.727s][info][gc,marking  ] GC(249) Concurrent Cleanup for Next Mark
[190.731s][info][gc,marking  ] GC(249) Concurrent Cleanup for Next Mark 4.229ms
[190.732s][info][gc          ] GC(249) Concurrent Mark Cycle 676.320ms
[191.364s][info][gc,start    ] GC(250) Pause Young (Prepare Mixed) (G1 Evacuation Pause)
[191.364s][info][gc,task     ] GC(250) Using 18 workers of 18 for evacuation
[191.377s][info][gc,phases   ] GC(250)   Pre Evacuate Collection Set: 0.31ms
[191.377s][info][gc,phases   ] GC(250)   Merge Heap Roots: 0.35ms
[191.377s][info][gc,phases   ] GC(250)   Evacuate Collection Set: 11.10ms
[191.377s][info][gc,phases   ] GC(250)   Post Evacuate Collection Set: 0.89ms
[191.377s][info][gc,phases   ] GC(250)   Other: 0.09ms
[191.377s][info][gc,heap     ] GC(250) Eden regions: 945->0(933)
[191.377s][info][gc,heap     ] GC(250) Survivor regions: 25->25(122)
[191.377s][info][gc,heap     ] GC(250) Old regions: 590->591
[191.377s][info][gc,heap     ] GC(250) Humongous regions: 50->50
[191.377s][info][gc,metaspace] GC(250) Metaspace: 201592K(203776K)->201592K(203776K) NonClass: 169998K(171200K)->169998K(171200K) Class: 31594K(32576K)->31594K(32576K)
[191.377s][info][gc          ] GC(250) Pause Young (Prepare Mixed) (G1 Evacuation Pause) 3218M->1330M(3368M) 12.967ms
[191.377s][info][gc,cpu      ] GC(250) User=0.00s Sys=0.00s Real=0.01s
[192.337s][info][gc,start    ] GC(251) Pause Young (Mixed) (G1 Evacuation Pause)
[192.337s][info][gc,task     ] GC(251) Using 18 workers of 18 for evacuation
[192.361s][info][gc,phases   ] GC(251)   Pre Evacuate Collection Set: 0.47ms
[192.361s][info][gc,phases   ] GC(251)   Merge Heap Roots: 0.38ms
[192.361s][info][gc,phases   ] GC(251)   Evacuate Collection Set: 20.91ms
[192.361s][info][gc,phases   ] GC(251)   Post Evacuate Collection Set: 1.35ms
[192.361s][info][gc,phases   ] GC(251)   Other: 0.10ms
[192.361s][info][gc,heap     ] GC(251) Eden regions: 933->0(920)
[192.361s][info][gc,heap     ] GC(251) Survivor regions: 25->36(120)
[192.361s][info][gc,heap     ] GC(251) Old regions: 591->591
[192.361s][info][gc,heap     ] GC(251) Humongous regions: 52->52
[192.361s][info][gc,metaspace] GC(251) Metaspace: 201594K(203776K)->201594K(203776K) NonClass: 169999K(171200K)->169999K(171200K) Class: 31594K(32576K)->31594K(32576K)
[192.361s][info][gc          ] GC(251) Pause Young (Mixed) (G1 Evacuation Pause) 3200M->1357M(3368M) 23.471ms
[192.361s][info][gc,cpu      ] GC(251) User=0.30s Sys=0.00s Real=0.03s
[193.110s][info][gc,start    ] GC(252) Pause Young (Concurrent Start) (G1 Evacuation Pause)
[193.110s][info][gc,task     ] GC(252) Using 18 workers of 18 for evacuation
[193.125s][info][gc,phases   ] GC(252)   Pre Evacuate Collection Set: 0.42ms
[193.125s][info][gc,phases   ] GC(252)   Merge Heap Roots: 0.29ms
[193.125s][info][gc,phases   ] GC(252)   Evacuate Collection Set: 13.08ms
[193.125s][info][gc,phases   ] GC(252)   Post Evacuate Collection Set: 1.22ms
[193.125s][info][gc,phases   ] GC(252)   Other: 0.10ms
[193.125s][info][gc,heap     ] GC(252) Eden regions: 920->0(919)
[193.125s][info][gc,heap     ] GC(252) Survivor regions: 36->35(120)
[193.125s][info][gc,heap     ] GC(252) Old regions: 591->593
[193.125s][info][gc,heap     ] GC(252) Humongous regions: 52->52
[193.125s][info][gc,metaspace] GC(252) Metaspace: 201594K(203776K)->201594K(203776K) NonClass: 169999K(171200K)->169999K(171200K) Class: 31594K(32576K)->31594K(32576K)
[193.125s][info][gc          ] GC(252) Pause Young (Concurrent Start) (G1 Evacuation Pause) 3197M->1359M(3368M) 15.364ms
[193.125s][info][gc          ] GC(253) Concurrent Mark Cycle
[193.125s][info][gc,marking  ] GC(253) Concurrent Scan Root Regions
[193.125s][info][gc,cpu      ] GC(252) User=0.28s Sys=0.00s Real=0.02s
[193.136s][info][gc,marking  ] GC(253) Concurrent Scan Root Regions 10.836ms
[193.136s][info][gc,marking  ] GC(253) Concurrent Mark
[193.136s][info][gc,marking  ] GC(253) Concurrent Mark From Roots
[193.136s][info][gc,task     ] GC(253) Using 5 workers of 5 for marking
[193.469s][info][gc,marking  ] GC(253) Concurrent Mark From Roots 332.355ms
[193.469s][info][gc,marking  ] GC(253) Concurrent Preclean
[193.470s][info][gc,marking  ] GC(253) Concurrent Preclean 1.306ms
[193.470s][info][gc,start    ] GC(253) Pause Remark
[193.479s][info][gc          ] GC(253) Pause Remark 2142M->2112M(3368M) 8.530ms
[193.479s][info][gc,cpu      ] GC(253) User=0.06s Sys=0.00s Real=0.01s
[193.479s][info][gc,marking  ] GC(253) Concurrent Mark 342.699ms
[193.479s][info][gc,marking  ] GC(253) Concurrent Rebuild Remembered Sets and Scrub Regions
[193.743s][info][gc,marking  ] GC(253) Concurrent Rebuild Remembered Sets and Scrub Regions 264.240ms
[193.743s][info][gc,start    ] GC(253) Pause Cleanup
[193.744s][info][gc          ] GC(253) Pause Cleanup 2688M->2688M(3368M) 0.495ms
[193.744s][info][gc,cpu      ] GC(253) User=0.00s Sys=0.00s Real=0.00s
[193.744s][info][gc,marking  ] GC(253) Concurrent Clear Claimed Marks
[193.744s][info][gc,marking  ] GC(253) Concurrent Clear Claimed Marks 0.229ms
[193.744s][info][gc,marking  ] GC(253) Concurrent Cleanup for Next Mark
[193.749s][info][gc,marking  ] GC(253) Concurrent Cleanup for Next Mark 4.810ms
[193.749s][info][gc          ] GC(253) Concurrent Mark Cycle 623.893ms
[193.928s][info][gc,start    ] GC(254) Pause Young (Prepare Mixed) (G1 Evacuation Pause)
[193.928s][info][gc,task     ] GC(254) Using 18 workers of 18 for evacuation
[193.943s][info][gc,phases   ] GC(254)   Pre Evacuate Collection Set: 0.30ms
[193.943s][info][gc,phases   ] GC(254)   Merge Heap Roots: 0.30ms
[193.943s][info][gc,phases   ] GC(254)   Evacuate Collection Set: 12.61ms
[193.943s][info][gc,phases   ] GC(254)   Post Evacuate Collection Set: 1.32ms
[193.943s][info][gc,phases   ] GC(254)   Other: 0.09ms
[193.943s][info][gc,heap     ] GC(254) Eden regions: 919->0(932)
[193.943s][info][gc,heap     ] GC(254) Survivor regions: 35->36(120)
[193.943s][info][gc,heap     ] GC(254) Old regions: 593->594
[193.943s][info][gc,heap     ] GC(254) Humongous regions: 37->37
[193.943s][info][gc,metaspace] GC(254) Metaspace: 201594K(203776K)->201594K(203776K) NonClass: 169999K(171200K)->169999K(171200K) Class: 31594K(32576K)->31594K(32576K)
[193.943s][info][gc          ] GC(254) Pause Young (Prepare Mixed) (G1 Evacuation Pause) 3167M->1331M(3368M) 14.872ms
[193.943s][info][gc,cpu      ] GC(254) User=0.05s Sys=0.00s Real=0.01s
[194.693s][info][gc,start    ] GC(255) Pause Young (Mixed) (G1 Evacuation Pause)
[194.693s][info][gc,task     ] GC(255) Using 18 workers of 18 for evacuation
[194.712s][info][gc,phases   ] GC(255)   Pre Evacuate Collection Set: 0.37ms
[194.712s][info][gc,phases   ] GC(255)   Merge Heap Roots: 0.30ms
[194.712s][info][gc,phases   ] GC(255)   Evacuate Collection Set: 17.21ms
[194.712s][info][gc,phases   ] GC(255)   Post Evacuate Collection Set: 1.17ms
[194.712s][info][gc,phases   ] GC(255)   Other: 0.10ms
[194.712s][info][gc,heap     ] GC(255) Eden regions: 932->0(939)
[194.712s][info][gc,heap     ] GC(255) Survivor regions: 36->32(121)
[194.712s][info][gc,heap     ] GC(255) Old regions: 594->591
[194.712s][info][gc,heap     ] GC(255) Humongous regions: 37->37
[194.712s][info][gc,metaspace] GC(255) Metaspace: 201594K(203776K)->201594K(203776K) NonClass: 169999K(171200K)->169999K(171200K) Class: 31594K(32576K)->31594K(32576K)
[194.712s][info][gc          ] GC(255) Pause Young (Mixed) (G1 Evacuation Pause) 3195M->1318M(3368M) 19.390ms
[194.712s][info][gc,cpu      ] GC(255) User=0.23s Sys=0.00s Real=0.02s
[195.477s][info][gc,start    ] GC(256) Pause Young (Concurrent Start) (G1 Evacuation Pause)
[195.477s][info][gc,task     ] GC(256) Using 18 workers of 18 for evacuation
[195.493s][info][gc,phases   ] GC(256)   Pre Evacuate Collection Set: 0.43ms
[195.493s][info][gc,phases   ] GC(256)   Merge Heap Roots: 0.38ms
[195.493s][info][gc,phases   ] GC(256)   Evacuate Collection Set: 13.95ms
[195.493s][info][gc,phases   ] GC(256)   Post Evacuate Collection Set: 1.55ms
[195.493s][info][gc,phases   ] GC(256)   Other: 0.11ms
[195.493s][info][gc,heap     ] GC(256) Eden regions: 939->0(935)
[195.493s][info][gc,heap     ] GC(256) Survivor regions: 32->32(122)
[195.493s][info][gc,heap     ] GC(256) Old regions: 591->595
[195.493s][info][gc,heap     ] GC(256) Humongous regions: 37->37
[195.493s][info][gc,metaspace] GC(256) Metaspace: 201594K(203776K)->201594K(203776K) NonClass: 169999K(171200K)->169999K(171200K) Class: 31594K(32576K)->31594K(32576K)
[195.493s][info][gc          ] GC(256) Pause Young (Concurrent Start) (G1 Evacuation Pause) 3196M->1326M(3368M) 16.702ms
[195.493s][info][gc          ] GC(257) Concurrent Mark Cycle
[195.494s][info][gc,cpu      ] GC(256) User=0.27s Sys=0.00s Real=0.02s
[195.494s][info][gc,marking  ] GC(257) Concurrent Scan Root Regions
[195.505s][info][gc,marking  ] GC(257) Concurrent Scan Root Regions 11.170ms
[195.505s][info][gc,marking  ] GC(257) Concurrent Mark
[195.505s][info][gc,marking  ] GC(257) Concurrent Mark From Roots
[195.505s][info][gc,task     ] GC(257) Using 5 workers of 5 for marking
[195.848s][info][gc,marking  ] GC(257) Concurrent Mark From Roots 343.134ms
[195.848s][info][gc,marking  ] GC(257) Concurrent Preclean
[195.849s][info][gc,marking  ] GC(257) Concurrent Preclean 1.220ms
[195.850s][info][gc,start    ] GC(257) Pause Remark
[195.860s][info][gc          ] GC(257) Pause Remark 2112M->2112M(3368M) 10.252ms
[195.860s][info][gc,cpu      ] GC(257) User=0.00s Sys=0.00s Real=0.01s
[195.860s][info][gc,marking  ] GC(257) Concurrent Mark 355.189ms
[195.860s][info][gc,marking  ] GC(257) Concurrent Rebuild Remembered Sets and Scrub Regions
[196.143s][info][gc,marking  ] GC(257) Concurrent Rebuild Remembered Sets and Scrub Regions 283.305ms
[196.144s][info][gc,start    ] GC(257) Pause Cleanup
[196.144s][info][gc          ] GC(257) Pause Cleanup 2741M->2741M(3368M) 0.580ms
[196.144s][info][gc,cpu      ] GC(257) User=0.00s Sys=0.00s Real=0.00s
[196.144s][info][gc,marking  ] GC(257) Concurrent Clear Claimed Marks
[196.145s][info][gc,marking  ] GC(257) Concurrent Clear Claimed Marks 0.233ms
[196.145s][info][gc,marking  ] GC(257) Concurrent Cleanup for Next Mark
[196.149s][info][gc,marking  ] GC(257) Concurrent Cleanup for Next Mark 4.434ms
[196.149s][info][gc          ] GC(257) Concurrent Mark Cycle 655.742ms
[196.333s][info][gc,start    ] GC(258) Pause Young (Prepare Mixed) (G1 Evacuation Pause)
[196.333s][info][gc,task     ] GC(258) Using 18 workers of 18 for evacuation
[196.348s][info][gc,phases   ] GC(258)   Pre Evacuate Collection Set: 0.33ms
[196.348s][info][gc,phases   ] GC(258)   Merge Heap Roots: 0.32ms
[196.348s][info][gc,phases   ] GC(258)   Evacuate Collection Set: 11.73ms
[196.348s][info][gc,phases   ] GC(258)   Post Evacuate Collection Set: 1.83ms
[196.348s][info][gc,phases   ] GC(258)   Other: 0.16ms
[196.348s][info][gc,heap     ] GC(258) Eden regions: 935->0(933)
[196.348s][info][gc,heap     ] GC(258) Survivor regions: 32->32(121)
[196.348s][info][gc,heap     ] GC(258) Old regions: 595->597
[196.348s][info][gc,heap     ] GC(258) Humongous regions: 37->37
[196.348s][info][gc,metaspace] GC(258) Metaspace: 201594K(203776K)->201594K(203776K) NonClass: 169999K(171200K)->169999K(171200K) Class: 31594K(32576K)->31594K(32576K)
[196.348s][info][gc          ] GC(258) Pause Young (Prepare Mixed) (G1 Evacuation Pause) 3196M->1329M(3368M) 14.809ms
[196.348s][info][gc,cpu      ] GC(258) User=0.00s Sys=0.00s Real=0.02s
[197.143s][info][gc,start    ] GC(259) Pause Young (Mixed) (G1 Evacuation Pause)
[197.143s][info][gc,task     ] GC(259) Using 18 workers of 18 for evacuation
[197.163s][info][gc,phases   ] GC(259)   Pre Evacuate Collection Set: 0.39ms
[197.163s][info][gc,phases   ] GC(259)   Merge Heap Roots: 0.36ms
[197.163s][info][gc,phases   ] GC(259)   Evacuate Collection Set: 17.74ms
[197.163s][info][gc,phases   ] GC(259)   Post Evacuate Collection Set: 1.19ms
[197.163s][info][gc,phases   ] GC(259)   Other: 0.14ms
[197.163s][info][gc,heap     ] GC(259) Eden regions: 933->0(936)
[197.163s][info][gc,heap     ] GC(259) Survivor regions: 32->33(121)
[197.163s][info][gc,heap     ] GC(259) Old regions: 597->593
[197.163s][info][gc,heap     ] GC(259) Humongous regions: 37->37
[197.163s][info][gc,metaspace] GC(259) Metaspace: 201594K(203776K)->201594K(203776K) NonClass: 169999K(171200K)->169999K(171200K) Class: 31594K(32576K)->31594K(32576K)
[197.163s][info][gc          ] GC(259) Pause Young (Mixed) (G1 Evacuation Pause) 3195M->1324M(3368M) 20.119ms
[197.164s][info][gc,cpu      ] GC(259) User=0.55s Sys=0.00s Real=0.02s
[197.736s][info][gc,start    ] GC(260) Pause Young (Concurrent Start) (G1 Humongous Allocation)
[197.737s][info][gc,task     ] GC(260) Using 18 workers of 18 for evacuation
[197.751s][info][gc,phases   ] GC(260)   Pre Evacuate Collection Set: 0.37ms
[197.751s][info][gc,phases   ] GC(260)   Merge Heap Roots: 0.26ms
[197.751s][info][gc,phases   ] GC(260)   Evacuate Collection Set: 12.12ms
[197.751s][info][gc,phases   ] GC(260)   Post Evacuate Collection Set: 1.35ms
[197.751s][info][gc,phases   ] GC(260)   Other: 0.12ms
[197.751s][info][gc,heap     ] GC(260) Eden regions: 653->0(935)
[197.751s][info][gc,heap     ] GC(260) Survivor regions: 33->33(122)
[197.751s][info][gc,heap     ] GC(260) Old regions: 593->594
[197.751s][info][gc,heap     ] GC(260) Humongous regions: 37->37
[197.751s][info][gc,metaspace] GC(260) Metaspace: 201594K(203776K)->201594K(203776K) NonClass: 169999K(171200K)->169999K(171200K) Class: 31594K(32576K)->31594K(32576K)
[197.751s][info][gc          ] GC(260) Pause Young (Concurrent Start) (G1 Humongous Allocation) 2628M->1325M(3368M) 14.494ms
[197.751s][info][gc          ] GC(261) Concurrent Mark Cycle
[197.751s][info][gc,marking  ] GC(261) Concurrent Scan Root Regions
[197.751s][info][gc,cpu      ] GC(260) User=0.28s Sys=0.00s Real=0.01s
[197.762s][info][gc,marking  ] GC(261) Concurrent Scan Root Regions 10.963ms
[197.762s][info][gc,marking  ] GC(261) Concurrent Mark
[197.762s][info][gc,marking  ] GC(261) Concurrent Mark From Roots
[197.762s][info][gc,task     ] GC(261) Using 5 workers of 5 for marking
[198.131s][info][gc,marking  ] GC(261) Concurrent Mark From Roots 369.192ms
[198.131s][info][gc,marking  ] GC(261) Concurrent Preclean
[198.133s][info][gc,marking  ] GC(261) Concurrent Preclean 1.196ms
[198.133s][info][gc,start    ] GC(261) Pause Remark
[198.143s][info][gc          ] GC(261) Pause Remark 2060M->2060M(3368M) 10.382ms
[198.143s][info][gc,cpu      ] GC(261) User=0.00s Sys=0.00s Real=0.01s
[198.143s][info][gc,marking  ] GC(261) Concurrent Mark 381.396ms
[198.144s][info][gc,marking  ] GC(261) Concurrent Rebuild Remembered Sets and Scrub Regions
[198.411s][info][gc,marking  ] GC(261) Concurrent Rebuild Remembered Sets and Scrub Regions 267.742ms
[198.412s][info][gc,start    ] GC(261) Pause Cleanup
[198.412s][info][gc          ] GC(261) Pause Cleanup 2603M->2603M(3368M) 0.557ms
[198.412s][info][gc,cpu      ] GC(261) User=0.00s Sys=0.00s Real=0.00s
[198.412s][info][gc,marking  ] GC(261) Concurrent Clear Claimed Marks
[198.412s][info][gc,marking  ] GC(261) Concurrent Clear Claimed Marks 0.241ms
[198.412s][info][gc,marking  ] GC(261) Concurrent Cleanup for Next Mark
[198.417s][info][gc,marking  ] GC(261) Concurrent Cleanup for Next Mark 4.698ms
[198.417s][info][gc          ] GC(261) Concurrent Mark Cycle 666.377ms
[198.653s][info][gc,start    ] GC(262) Pause Young (Prepare Mixed) (G1 Evacuation Pause)
[198.653s][info][gc,task     ] GC(262) Using 18 workers of 18 for evacuation
[198.671s][info][gc,phases   ] GC(262)   Pre Evacuate Collection Set: 0.37ms
[198.671s][info][gc,phases   ] GC(262)   Merge Heap Roots: 0.38ms
[198.671s][info][gc,phases   ] GC(262)   Evacuate Collection Set: 15.96ms
[198.671s][info][gc,phases   ] GC(262)   Post Evacuate Collection Set: 1.03ms
[198.671s][info][gc,phases   ] GC(262)   Other: 0.10ms
[198.671s][info][gc,heap     ] GC(262) Eden regions: 935->0(922)
[198.671s][info][gc,heap     ] GC(262) Survivor regions: 33->39(121)
[198.671s][info][gc,heap     ] GC(262) Old regions: 594->595
[198.671s][info][gc,heap     ] GC(262) Humongous regions: 43->43
[198.671s][info][gc,metaspace] GC(262) Metaspace: 201594K(203776K)->201594K(203776K) NonClass: 169999K(171200K)->169999K(171200K) Class: 31594K(32576K)->31594K(32576K)
[198.673s][info][gc          ] GC(262) Pause Young (Prepare Mixed) (G1 Evacuation Pause) 3207M->1351M(3368M) 20.433ms
[198.673s][info][gc,cpu      ] GC(262) User=0.28s Sys=0.00s Real=0.02s
[199.401s][info][gc,start    ] GC(263) Pause Young (Mixed) (G1 Evacuation Pause)
[199.401s][info][gc,task     ] GC(263) Using 18 workers of 18 for evacuation
[199.423s][info][gc,phases   ] GC(263)   Pre Evacuate Collection Set: 0.41ms
[199.423s][info][gc,phases   ] GC(263)   Merge Heap Roots: 0.37ms
[199.423s][info][gc,phases   ] GC(263)   Evacuate Collection Set: 19.67ms
[199.423s][info][gc,phases   ] GC(263)   Post Evacuate Collection Set: 1.31ms
[199.423s][info][gc,phases   ] GC(263)   Other: 0.12ms
[199.423s][info][gc,heap     ] GC(263) Eden regions: 922->0(928)
[199.423s][info][gc,heap     ] GC(263) Survivor regions: 39->38(121)
[199.423s][info][gc,heap     ] GC(263) Old regions: 595->590
[199.423s][info][gc,heap     ] GC(263) Humongous regions: 43->43
[199.423s][info][gc,metaspace] GC(263) Metaspace: 201594K(203776K)->201594K(203776K) NonClass: 169999K(171200K)->169999K(171200K) Class: 31594K(32576K)->31594K(32576K)
[199.423s][info][gc          ] GC(263) Pause Young (Mixed) (G1 Evacuation Pause) 3195M->1340M(3368M) 22.131ms
[199.423s][info][gc,cpu      ] GC(263) User=0.28s Sys=0.00s Real=0.02s
[200.224s][info][gc,start    ] GC(264) Pause Young (Concurrent Start) (G1 Evacuation Pause)
[200.224s][info][gc,task     ] GC(264) Using 18 workers of 18 for evacuation
[200.241s][info][gc,phases   ] GC(264)   Pre Evacuate Collection Set: 0.42ms
[200.241s][info][gc,phases   ] GC(264)   Merge Heap Roots: 0.29ms
[200.241s][info][gc,phases   ] GC(264)   Evacuate Collection Set: 14.08ms
[200.241s][info][gc,phases   ] GC(264)   Post Evacuate Collection Set: 1.50ms
[200.241s][info][gc,phases   ] GC(264)   Other: 0.11ms
[200.241s][info][gc,heap     ] GC(264) Eden regions: 928->0(926)
[200.241s][info][gc,heap     ] GC(264) Survivor regions: 38->39(121)
[200.241s][info][gc,heap     ] GC(264) Old regions: 590->591
[200.241s][info][gc,heap     ] GC(264) Humongous regions: 43->43
[200.241s][info][gc,metaspace] GC(264) Metaspace: 201594K(203776K)->201594K(203776K) NonClass: 169999K(171200K)->169999K(171200K) Class: 31594K(32576K)->31594K(32576K)
[200.241s][info][gc          ] GC(264) Pause Young (Concurrent Start) (G1 Evacuation Pause) 3196M->1343M(3368M) 16.669ms
[200.241s][info][gc          ] GC(265) Concurrent Mark Cycle
[200.241s][info][gc,cpu      ] GC(264) User=0.02s Sys=0.00s Real=0.02s
[200.241s][info][gc,marking  ] GC(265) Concurrent Scan Root Regions
[200.254s][info][gc,marking  ] GC(265) Concurrent Scan Root Regions 12.346ms
[200.254s][info][gc,marking  ] GC(265) Concurrent Mark
[200.254s][info][gc,marking  ] GC(265) Concurrent Mark From Roots
[200.254s][info][gc,task     ] GC(265) Using 5 workers of 5 for marking
[200.588s][info][gc,marking  ] GC(265) Concurrent Mark From Roots 334.255ms
[200.588s][info][gc,marking  ] GC(265) Concurrent Preclean
[200.589s][info][gc,marking  ] GC(265) Concurrent Preclean 1.327ms
[200.590s][info][gc,start    ] GC(265) Pause Remark
[200.600s][info][gc          ] GC(265) Pause Remark 2107M->2095M(3368M) 10.500ms
[200.600s][info][gc,cpu      ] GC(265) User=0.06s Sys=0.00s Real=0.01s
[200.600s][info][gc,marking  ] GC(265) Concurrent Mark 346.702ms
[200.600s][info][gc,marking  ] GC(265) Concurrent Rebuild Remembered Sets and Scrub Regions
[200.872s][info][gc,marking  ] GC(265) Concurrent Rebuild Remembered Sets and Scrub Regions 271.719ms
[200.872s][info][gc,start    ] GC(265) Pause Cleanup
[200.873s][info][gc          ] GC(265) Pause Cleanup 2687M->2687M(3368M) 0.566ms
[200.873s][info][gc,cpu      ] GC(265) User=0.00s Sys=0.00s Real=0.00s
[200.873s][info][gc,marking  ] GC(265) Concurrent Clear Claimed Marks
[200.873s][info][gc,marking  ] GC(265) Concurrent Clear Claimed Marks 0.257ms
[200.873s][info][gc,marking  ] GC(265) Concurrent Cleanup for Next Mark
[200.877s][info][gc,marking  ] GC(265) Concurrent Cleanup for Next Mark 3.711ms
[200.877s][info][gc          ] GC(265) Concurrent Mark Cycle 636.216ms
[201.071s][info][gc,start    ] GC(266) Pause Young (Prepare Mixed) (G1 Evacuation Pause)
[201.071s][info][gc,task     ] GC(266) Using 18 workers of 18 for evacuation
[201.086s][info][gc,phases   ] GC(266)   Pre Evacuate Collection Set: 0.33ms
[201.087s][info][gc,phases   ] GC(266)   Merge Heap Roots: 0.33ms
[201.087s][info][gc,phases   ] GC(266)   Evacuate Collection Set: 13.76ms
[201.087s][info][gc,phases   ] GC(266)   Post Evacuate Collection Set: 1.00ms
[201.087s][info][gc,phases   ] GC(266)   Other: 0.10ms
[201.087s][info][gc,heap     ] GC(266) Eden regions: 926->0(932)
[201.087s][info][gc,heap     ] GC(266) Survivor regions: 39->39(121)
[201.087s][info][gc,heap     ] GC(266) Old regions: 591->591
[201.087s][info][gc,heap     ] GC(266) Humongous regions: 37->37
[201.087s][info][gc,metaspace] GC(266) Metaspace: 201597K(203776K)->201597K(203776K) NonClass: 170002K(171200K)->170002K(171200K) Class: 31594K(32576K)->31594K(32576K)
[201.087s][info][gc          ] GC(266) Pause Young (Prepare Mixed) (G1 Evacuation Pause) 3183M->1332M(3368M) 15.770ms
[201.087s][info][gc,cpu      ] GC(266) User=0.28s Sys=0.00s Real=0.02s
[201.825s][info][gc,start    ] GC(267) Pause Young (Mixed) (G1 Evacuation Pause)
[201.825s][info][gc,task     ] GC(267) Using 18 workers of 18 for evacuation
[201.846s][info][gc,phases   ] GC(267)   Pre Evacuate Collection Set: 0.38ms
[201.846s][info][gc,phases   ] GC(267)   Merge Heap Roots: 0.46ms
[201.846s][info][gc,phases   ] GC(267)   Evacuate Collection Set: 19.01ms
[201.846s][info][gc,phases   ] GC(267)   Post Evacuate Collection Set: 0.96ms
[201.846s][info][gc,phases   ] GC(267)   Other: 0.10ms
[201.846s][info][gc,heap     ] GC(267) Eden regions: 932->0(937)
[201.846s][info][gc,heap     ] GC(267) Survivor regions: 39->37(122)
[201.846s][info][gc,heap     ] GC(267) Old regions: 591->588
[201.846s][info][gc,heap     ] GC(267) Humongous regions: 37->37
[201.846s][info][gc,metaspace] GC(267) Metaspace: 201597K(203776K)->201597K(203776K) NonClass: 170002K(171200K)->170002K(171200K) Class: 31594K(32576K)->31594K(32576K)
[201.846s][info][gc          ] GC(267) Pause Young (Mixed) (G1 Evacuation Pause) 3196M->1323M(3368M) 21.177ms
[201.846s][info][gc,cpu      ] GC(267) User=0.28s Sys=0.00s Real=0.02s
[202.605s][info][gc,start    ] GC(268) Pause Young (Concurrent Start) (G1 Evacuation Pause)
[202.605s][info][gc,task     ] GC(268) Using 18 workers of 18 for evacuation
[202.621s][info][gc,phases   ] GC(268)   Pre Evacuate Collection Set: 0.46ms
[202.621s][info][gc,phases   ] GC(268)   Merge Heap Roots: 0.27ms
[202.621s][info][gc,phases   ] GC(268)   Evacuate Collection Set: 13.72ms
[202.621s][info][gc,phases   ] GC(268)   Post Evacuate Collection Set: 1.35ms
[202.621s][info][gc,phases   ] GC(268)   Other: 0.12ms
[202.621s][info][gc,heap     ] GC(268) Eden regions: 937->0(935)
[202.621s][info][gc,heap     ] GC(268) Survivor regions: 37->37(122)
[202.621s][info][gc,heap     ] GC(268) Old regions: 588->590
[202.621s][info][gc,heap     ] GC(268) Humongous regions: 37->37
[202.621s][info][gc,metaspace] GC(268) Metaspace: 201597K(203776K)->201597K(203776K) NonClass: 170002K(171200K)->170002K(171200K) Class: 31594K(32576K)->31594K(32576K)
[202.621s][info][gc          ] GC(268) Pause Young (Concurrent Start) (G1 Evacuation Pause) 3197M->1326M(3368M) 16.245ms
[202.621s][info][gc          ] GC(269) Concurrent Mark Cycle
[202.621s][info][gc,cpu      ] GC(268) User=0.27s Sys=0.00s Real=0.02s
[202.621s][info][gc,marking  ] GC(269) Concurrent Scan Root Regions
[202.633s][info][gc,marking  ] GC(269) Concurrent Scan Root Regions 12.072ms
[202.633s][info][gc,marking  ] GC(269) Concurrent Mark
[202.633s][info][gc,marking  ] GC(269) Concurrent Mark From Roots
[202.633s][info][gc,task     ] GC(269) Using 5 workers of 5 for marking
[202.965s][info][gc,marking  ] GC(269) Concurrent Mark From Roots 331.616ms
[202.965s][info][gc,marking  ] GC(269) Concurrent Preclean
[202.966s][info][gc,marking  ] GC(269) Concurrent Preclean 1.348ms
[202.967s][info][gc,start    ] GC(269) Pause Remark
[202.976s][info][gc          ] GC(269) Pause Remark 2149M->2149M(3368M) 9.909ms
[202.977s][info][gc,cpu      ] GC(269) User=0.16s Sys=0.00s Real=0.01s
[202.977s][info][gc,marking  ] GC(269) Concurrent Mark 343.475ms
[202.977s][info][gc,marking  ] GC(269) Concurrent Rebuild Remembered Sets and Scrub Regions
[203.252s][info][gc,marking  ] GC(269) Concurrent Rebuild Remembered Sets and Scrub Regions 275.646ms
[203.253s][info][gc,start    ] GC(269) Pause Cleanup
[203.253s][info][gc          ] GC(269) Pause Cleanup 2774M->2774M(3368M) 0.724ms
[203.253s][info][gc,cpu      ] GC(269) User=0.00s Sys=0.00s Real=0.00s
[203.253s][info][gc,marking  ] GC(269) Concurrent Clear Claimed Marks
[203.254s][info][gc,marking  ] GC(269) Concurrent Clear Claimed Marks 0.231ms
[203.254s][info][gc,marking  ] GC(269) Concurrent Cleanup for Next Mark
[203.258s][info][gc,marking  ] GC(269) Concurrent Cleanup for Next Mark 4.229ms
[203.258s][info][gc          ] GC(269) Concurrent Mark Cycle 637.036ms
[203.428s][info][gc,start    ] GC(270) Pause Young (Prepare Mixed) (G1 Evacuation Pause)
[203.428s][info][gc,task     ] GC(270) Using 18 workers of 18 for evacuation
[203.444s][info][gc,phases   ] GC(270)   Pre Evacuate Collection Set: 0.37ms
[203.444s][info][gc,phases   ] GC(270)   Merge Heap Roots: 0.31ms
[203.444s][info][gc,phases   ] GC(270)   Evacuate Collection Set: 13.32ms
[203.444s][info][gc,phases   ] GC(270)   Post Evacuate Collection Set: 1.59ms
[203.444s][info][gc,phases   ] GC(270)   Other: 0.12ms
[203.444s][info][gc,heap     ] GC(270) Eden regions: 935->0(934)
[203.444s][info][gc,heap     ] GC(270) Survivor regions: 37->37(122)
[203.444s][info][gc,heap     ] GC(270) Old regions: 590->591
[203.444s][info][gc,heap     ] GC(270) Humongous regions: 37->37
[203.444s][info][gc,metaspace] GC(270) Metaspace: 201597K(203776K)->201597K(203776K) NonClass: 170002K(171200K)->170002K(171200K) Class: 31594K(32576K)->31594K(32576K)
[203.444s][info][gc          ] GC(270) Pause Young (Prepare Mixed) (G1 Evacuation Pause) 3196M->1328M(3368M) 15.984ms
[203.444s][info][gc,cpu      ] GC(270) User=0.03s Sys=0.00s Real=0.02s
[204.194s][info][gc,start    ] GC(271) Pause Young (Mixed) (G1 Evacuation Pause)
[204.194s][info][gc,task     ] GC(271) Using 18 workers of 18 for evacuation
[204.216s][info][gc,phases   ] GC(271)   Pre Evacuate Collection Set: 0.35ms
[204.216s][info][gc,phases   ] GC(271)   Merge Heap Roots: 0.35ms
[204.216s][info][gc,phases   ] GC(271)   Evacuate Collection Set: 18.83ms
[204.216s][info][gc,phases   ] GC(271)   Post Evacuate Collection Set: 1.52ms
[204.216s][info][gc,phases   ] GC(271)   Other: 0.16ms
[204.216s][info][gc,heap     ] GC(271) Eden regions: 934->0(938)
[204.216s][info][gc,heap     ] GC(271) Survivor regions: 37->22(122)
[204.216s][info][gc,heap     ] GC(271) Old regions: 591->602
[204.216s][info][gc,heap     ] GC(271) Humongous regions: 37->37
[204.216s][info][gc,metaspace] GC(271) Metaspace: 201606K(203776K)->201606K(203776K) NonClass: 170012K(171200K)->170012K(171200K) Class: 31594K(32576K)->31594K(32576K)
[204.216s][info][gc          ] GC(271) Pause Young (Mixed) (G1 Evacuation Pause) 3196M->1320M(3368M) 21.544ms
[204.216s][info][gc,cpu      ] GC(271) User=0.28s Sys=0.00s Real=0.02s
[204.950s][info][gc,start    ] GC(272) Pause Young (Concurrent Start) (G1 Evacuation Pause)
[204.950s][info][gc,task     ] GC(272) Using 18 workers of 18 for evacuation
[204.959s][info][gc,phases   ] GC(272)   Pre Evacuate Collection Set: 0.50ms
[204.959s][info][gc,phases   ] GC(272)   Merge Heap Roots: 0.27ms
[204.959s][info][gc,phases   ] GC(272)   Evacuate Collection Set: 6.73ms
[204.959s][info][gc,phases   ] GC(272)   Post Evacuate Collection Set: 1.51ms
[204.959s][info][gc,phases   ] GC(272)   Other: 0.12ms
[204.959s][info][gc,heap     ] GC(272) Eden regions: 938->0(936)
[204.959s][info][gc,heap     ] GC(272) Survivor regions: 22->21(120)
[204.959s][info][gc,heap     ] GC(272) Old regions: 602->605
[204.959s][info][gc,heap     ] GC(272) Humongous regions: 37->37
[204.959s][info][gc,metaspace] GC(272) Metaspace: 201636K(203776K)->201636K(203776K) NonClass: 170037K(171200K)->170037K(171200K) Class: 31598K(32576K)->31598K(32576K)
[204.959s][info][gc          ] GC(272) Pause Young (Concurrent Start) (G1 Evacuation Pause) 3196M->1325M(3368M) 9.470ms
[204.959s][info][gc          ] GC(273) Concurrent Mark Cycle
[204.959s][info][gc,marking  ] GC(273) Concurrent Scan Root Regions
[204.959s][info][gc,cpu      ] GC(272) User=0.28s Sys=0.00s Real=0.01s
[204.967s][info][gc,marking  ] GC(273) Concurrent Scan Root Regions 7.335ms
[204.967s][info][gc,marking  ] GC(273) Concurrent Mark
[204.967s][info][gc,marking  ] GC(273) Concurrent Mark From Roots
[204.967s][info][gc,task     ] GC(273) Using 5 workers of 5 for marking
[205.312s][info][gc,marking  ] GC(273) Concurrent Mark From Roots 345.428ms
[205.312s][info][gc,marking  ] GC(273) Concurrent Preclean
[205.314s][info][gc,marking  ] GC(273) Concurrent Preclean 1.290ms
[205.314s][info][gc,start    ] GC(273) Pause Remark
[205.324s][info][gc          ] GC(273) Pause Remark 2142M->2142M(3368M) 10.231ms
[205.324s][info][gc,cpu      ] GC(273) User=0.06s Sys=0.00s Real=0.01s
[205.324s][info][gc,marking  ] GC(273) Concurrent Mark 357.538ms
[205.324s][info][gc,marking  ] GC(273) Concurrent Rebuild Remembered Sets and Scrub Regions
[205.607s][info][gc,marking  ] GC(273) Concurrent Rebuild Remembered Sets and Scrub Regions 282.771ms
[205.607s][info][gc,start    ] GC(273) Pause Cleanup
[205.608s][info][gc          ] GC(273) Pause Cleanup 2768M->2768M(3368M) 0.555ms
[205.608s][info][gc,cpu      ] GC(273) User=0.00s Sys=0.00s Real=0.00s
[205.608s][info][gc,marking  ] GC(273) Concurrent Clear Claimed Marks
[205.608s][info][gc,marking  ] GC(273) Concurrent Clear Claimed Marks 0.201ms
[205.608s][info][gc,marking  ] GC(273) Concurrent Cleanup for Next Mark
[205.612s][info][gc,marking  ] GC(273) Concurrent Cleanup for Next Mark 3.910ms
[205.612s][info][gc          ] GC(273) Concurrent Mark Cycle 652.957ms
[205.789s][info][gc,start    ] GC(274) Pause Young (Prepare Mixed) (G1 Evacuation Pause)
[205.789s][info][gc,task     ] GC(274) Using 18 workers of 18 for evacuation
[205.799s][info][gc,phases   ] GC(274)   Pre Evacuate Collection Set: 0.34ms
[205.799s][info][gc,phases   ] GC(274)   Merge Heap Roots: 0.32ms
[205.799s][info][gc,phases   ] GC(274)   Evacuate Collection Set: 7.55ms
[205.799s][info][gc,phases   ] GC(274)   Post Evacuate Collection Set: 1.28ms
[205.799s][info][gc,phases   ] GC(274)   Other: 0.10ms
[205.799s][info][gc,heap     ] GC(274) Eden regions: 936->0(935)
[205.799s][info][gc,heap     ] GC(274) Survivor regions: 21->21(120)
[205.799s][info][gc,heap     ] GC(274) Old regions: 605->606
[205.799s][info][gc,heap     ] GC(274) Humongous regions: 37->37
[205.799s][info][gc,metaspace] GC(274) Metaspace: 201637K(203776K)->201637K(203776K) NonClass: 170038K(171200K)->170038K(171200K) Class: 31598K(32576K)->31598K(32576K)
[205.799s][info][gc          ] GC(274) Pause Young (Prepare Mixed) (G1 Evacuation Pause) 3197M->1326M(3368M) 9.866ms
[205.799s][info][gc,cpu      ] GC(274) User=0.00s Sys=0.00s Real=0.01s
[206.797s][info][gc,start    ] GC(275) Pause Young (Mixed) (G1 Evacuation Pause)
[206.797s][info][gc,task     ] GC(275) Using 18 workers of 18 for evacuation
[206.811s][info][gc,phases   ] GC(275)   Pre Evacuate Collection Set: 0.34ms
[206.811s][info][gc,phases   ] GC(275)   Merge Heap Roots: 0.29ms
[206.811s][info][gc,phases   ] GC(275)   Evacuate Collection Set: 11.74ms
[206.811s][info][gc,phases   ] GC(275)   Post Evacuate Collection Set: 1.21ms
[206.811s][info][gc,phases   ] GC(275)   Other: 0.11ms
[206.811s][info][gc,heap     ] GC(275) Eden regions: 935->0(941)
[206.811s][info][gc,heap     ] GC(275) Survivor regions: 21->21(120)
[206.811s][info][gc,heap     ] GC(275) Old regions: 606->600
[206.811s][info][gc,heap     ] GC(275) Humongous regions: 37->37
[206.811s][info][gc,metaspace] GC(275) Metaspace: 201641K(203776K)->201641K(203776K) NonClass: 170041K(171200K)->170041K(171200K) Class: 31599K(32576K)->31599K(32576K)
[206.811s][info][gc          ] GC(275) Pause Young (Mixed) (G1 Evacuation Pause) 3196M->1314M(3368M) 13.952ms
[206.811s][info][gc,cpu      ] GC(275) User=0.28s Sys=0.00s Real=0.02s
[208.012s][info][gc,start    ] GC(276) Pause Young (Concurrent Start) (G1 Evacuation Pause)
[208.013s][info][gc,task     ] GC(276) Using 18 workers of 18 for evacuation
[208.021s][info][gc,phases   ] GC(276)   Pre Evacuate Collection Set: 0.36ms
[208.021s][info][gc,phases   ] GC(276)   Merge Heap Roots: 0.28ms
[208.021s][info][gc,phases   ] GC(276)   Evacuate Collection Set: 6.81ms
[208.021s][info][gc,phases   ] GC(276)   Post Evacuate Collection Set: 1.02ms
[208.021s][info][gc,phases   ] GC(276)   Other: 0.11ms
[208.021s][info][gc,heap     ] GC(276) Eden regions: 941->0(941)
[208.021s][info][gc,heap     ] GC(276) Survivor regions: 21->20(121)
[208.021s][info][gc,heap     ] GC(276) Old regions: 600->601
[208.021s][info][gc,heap     ] GC(276) Humongous regions: 37->37
[208.021s][info][gc,metaspace] GC(276) Metaspace: 201665K(203776K)->201665K(203776K) NonClass: 170058K(171200K)->170058K(171200K) Class: 31607K(32576K)->31607K(32576K)
[208.021s][info][gc          ] GC(276) Pause Young (Concurrent Start) (G1 Evacuation Pause) 3196M->1314M(3368M) 8.820ms
[208.021s][info][gc          ] GC(277) Concurrent Mark Cycle
[208.021s][info][gc,marking  ] GC(277) Concurrent Scan Root Regions
[208.021s][info][gc,cpu      ] GC(276) User=0.20s Sys=0.00s Real=0.01s
[208.028s][info][gc,marking  ] GC(277) Concurrent Scan Root Regions 6.832ms
[208.028s][info][gc,marking  ] GC(277) Concurrent Mark
[208.028s][info][gc,marking  ] GC(277) Concurrent Mark From Roots
[208.028s][info][gc,task     ] GC(277) Using 5 workers of 5 for marking
[208.308s][info][gc,marking  ] GC(277) Concurrent Mark From Roots 279.775ms
[208.308s][info][gc,marking  ] GC(277) Concurrent Preclean
[208.309s][info][gc,marking  ] GC(277) Concurrent Preclean 1.171ms
[208.309s][info][gc,start    ] GC(277) Pause Remark
[208.319s][info][gc          ] GC(277) Pause Remark 1688M->1670M(3368M) 9.606ms
[208.319s][info][gc,cpu      ] GC(277) User=0.05s Sys=0.00s Real=0.01s
[208.319s][info][gc,marking  ] GC(277) Concurrent Mark 291.010ms
[208.319s][info][gc,marking  ] GC(277) Concurrent Rebuild Remembered Sets and Scrub Regions
[208.565s][info][gc,marking  ] GC(277) Concurrent Rebuild Remembered Sets and Scrub Regions 246.062ms
[208.565s][info][gc,start    ] GC(277) Pause Cleanup
[208.566s][info][gc          ] GC(277) Pause Cleanup 1986M->1986M(3368M) 0.745ms
[208.566s][info][gc,cpu      ] GC(277) User=0.00s Sys=0.00s Real=0.00s
[208.566s][info][gc,marking  ] GC(277) Concurrent Clear Claimed Marks
[208.567s][info][gc,marking  ] GC(277) Concurrent Clear Claimed Marks 0.217ms
[208.567s][info][gc,marking  ] GC(277) Concurrent Cleanup for Next Mark
[208.570s][info][gc,marking  ] GC(277) Concurrent Cleanup for Next Mark 3.808ms
[208.570s][info][gc          ] GC(277) Concurrent Mark Cycle 549.212ms
[209.450s][info][gc,start    ] GC(278) Pause Young (Prepare Mixed) (G1 Evacuation Pause)
[209.450s][info][gc,task     ] GC(278) Using 18 workers of 18 for evacuation
[209.459s][info][gc,phases   ] GC(278)   Pre Evacuate Collection Set: 0.40ms
[209.459s][info][gc,phases   ] GC(278)   Merge Heap Roots: 0.32ms
[209.459s][info][gc,phases   ] GC(278)   Evacuate Collection Set: 6.42ms
[209.459s][info][gc,phases   ] GC(278)   Post Evacuate Collection Set: 1.18ms
[209.459s][info][gc,phases   ] GC(278)   Other: 0.11ms
[209.459s][info][gc,heap     ] GC(278) Eden regions: 941->0(949)
[209.459s][info][gc,heap     ] GC(278) Survivor regions: 20->20(121)
[209.459s][info][gc,heap     ] GC(278) Old regions: 601->602
[209.459s][info][gc,heap     ] GC(278) Humongous regions: 28->28
[209.459s][info][gc,metaspace] GC(278) Metaspace: 201665K(203776K)->201665K(203776K) NonClass: 170058K(171200K)->170058K(171200K) Class: 31607K(32576K)->31607K(32576K)
[209.459s][info][gc          ] GC(278) Pause Young (Prepare Mixed) (G1 Evacuation Pause) 3178M->1298M(3368M) 8.721ms
[209.459s][info][gc,cpu      ] GC(278) User=0.00s Sys=0.02s Real=0.01s
[210.264s][info][gc,start    ] GC(279) Pause Full (System.gc())
[210.264s][info][gc,task     ] GC(279) Using 18 workers of 18 for full compaction
[210.264s][info][gc,phases,start] GC(279) Phase 1: Mark live objects
[210.353s][info][gc,phases      ] GC(279) Phase 1: Mark live objects 88.765ms
[210.353s][info][gc,phases,start] GC(279) Phase 2: Prepare compaction
[210.388s][info][gc,phases      ] GC(279) Phase 2: Prepare compaction 34.639ms
[210.388s][info][gc,phases,start] GC(279) Phase 3: Adjust pointers
[210.451s][info][gc,phases      ] GC(279) Phase 3: Adjust pointers 62.953ms
[210.451s][info][gc,phases,start] GC(279) Phase 4: Compact heap
[210.531s][info][gc,phases      ] GC(279) Phase 4: Compact heap 79.631ms
[210.531s][info][gc,phases,start] GC(279) Phase 5: Reset Metadata
[210.545s][info][gc,phases      ] GC(279) Phase 5: Reset Metadata 13.961ms
[210.569s][info][gc,heap        ] GC(279) Eden regions: 591->0(1010)
[210.569s][info][gc,heap        ] GC(279) Survivor regions: 20->0(121)
[210.569s][info][gc,heap        ] GC(279) Old regions: 602->488
[210.569s][info][gc,heap        ] GC(279) Humongous regions: 28->28
[210.569s][info][gc,metaspace   ] GC(279) Metaspace: 201666K(203776K)->201666K(203776K) NonClass: 170059K(171200K)->170059K(171200K) Class: 31607K(32576K)->31607K(32576K)
[210.569s][info][gc             ] GC(279) Pause Full (System.gc()) 2479M->1001M(3368M) 305.549ms
[210.569s][info][gc,cpu         ] GC(279) User=4.72s Sys=0.06s Real=0.31s
[213.285s][info][gc,heap,exit   ] Heap
[213.285s][info][gc,heap,exit   ]  garbage-first heap   total 3448832K, used 2807865K [0x0000000701400000, 0x0000000800000000)
[213.285s][info][gc,heap,exit   ]   region size 2048K, 871 young (1783808K), 0 survivors (0K)
[213.285s][info][gc,heap,exit   ]  Metaspace       used 201886K, committed 204032K, reserved 1245184K
[213.285s][info][gc,heap,exit   ]   class space    used 31652K, committed 32640K, reserved 1048576K
